2025-02-24 08:59:40.635 [    INFO] (           server.py: 288) Starting InstrumentServer RPyC server...
2025-02-24 08:59:40.635 [    INFO] (           server.py: 251) server started on [127.0.0.1]:42068
2025-02-24 08:59:40.767 [   DEBUG] (        highlevel.py:  47) SerialSession was correctly imported.
2025-02-24 08:59:40.788 [   DEBUG] (        highlevel.py:  54) USBSession and USBRawSession were correctly imported.
2025-02-24 08:59:40.809 [   DEBUG] (        highlevel.py:  61) TCPIPSession was correctly imported.
2025-02-24 08:59:40.809 [   DEBUG] (        highlevel.py:  70) GPIBSession was not imported No module named 'gpib'.
2025-02-24 08:59:40.818 [   DEBUG] (        highlevel.py: 201) Created library wrapper for py
2025-02-24 08:59:40.818 [   DEBUG] (        highlevel.py:3019) Created ResourceManager with session 9571899
2025-02-24 08:59:40.818 [   DEBUG] (         resource.py: 278) TCPIP0::10.135.70.65::inst0::INSTR - opening ...
2025-02-24 08:59:40.818 [   DEBUG] (              rpc.py: 481) RawTCPClient: connecting to socket at (10.135.70.65, 111)
2025-02-24 08:59:40.920 [    INFO] (           server.py: 316) Removing devices...
2025-02-24 08:59:40.920 [    INFO] (           server.py: 320) Stopping RPyC server...
2025-02-24 08:59:40.920 [    INFO] (           server.py: 271) server has terminated
2025-02-24 08:59:40.920 [    INFO] (           server.py: 123) listener closed
2025-02-24 08:59:40.920 [    INFO] (           server.py: 123) listener closed
2025-02-24 08:59:40.920 [    INFO] (           server.py: 302) RPyC server stopped.
2025-02-24 08:59:40.920 [CRITICAL] (          logging.py:  32) Traceback (most recent call last):
2025-02-24 08:59:40.920 [CRITICAL] (          logging.py:  32)   File "C:\Users\ejvil\miniconda3\envs\nspyre\Lib\site-packages\pyvisa_py\tcpip.py", line 456, in after_parsing
2025-02-24 08:59:40.920 [CRITICAL] (          logging.py:  32)     self.interface = Vxi11CoreClient(host_address, port, self.open_timeout)
2025-02-24 08:59:40.920 [CRITICAL] (          logging.py:  32)                      ^^^^^^^^^^^^^^^^^^^^^^^^^^^^^^^^^^^^^^^^^^^^^^^^^^^^^^
2025-02-24 08:59:40.920 [CRITICAL] (          logging.py:  32)   File "C:\Users\ejvil\miniconda3\envs\nspyre\Lib\site-packages\pyvisa_py\tcpip.py", line 360, in __init__
2025-02-24 08:59:40.920 [CRITICAL] (          logging.py:  32)     rpc.TCPClient.__init__(self, host, prog, vers, open_timeout)
2025-02-24 08:59:40.920 [CRITICAL] (          logging.py:  32)   File "C:\Users\ejvil\miniconda3\envs\nspyre\Lib\site-packages\pyvisa_py\protocols\rpc.py", line 821, in __init__
2025-02-24 08:59:40.920 [CRITICAL] (          logging.py:  32)     pmap = TCPPortMapperClient(host, open_timeout)
2025-02-24 08:59:40.920 [CRITICAL] (          logging.py:  32)            ^^^^^^^^^^^^^^^^^^^^^^^^^^^^^^^^^^^^^^^
2025-02-24 08:59:40.920 [CRITICAL] (          logging.py:  32)   File "C:\Users\ejvil\miniconda3\envs\nspyre\Lib\site-packages\pyvisa_py\protocols\rpc.py", line 801, in __init__
2025-02-24 08:59:40.920 [CRITICAL] (          logging.py:  32)     RawTCPClient.__init__(self, host, PMAP_PROG, PMAP_VERS, PMAP_PORT, open_timeout)
2025-02-24 08:59:40.920 [CRITICAL] (          logging.py:  32)   File "C:\Users\ejvil\miniconda3\envs\nspyre\Lib\site-packages\pyvisa_py\protocols\rpc.py", line 452, in __init__
2025-02-24 08:59:40.920 [CRITICAL] (          logging.py:  32)     self.connect(1e-3 * open_timeout)
2025-02-24 08:59:40.920 [CRITICAL] (          logging.py:  32)   File "C:\Users\ejvil\miniconda3\envs\nspyre\Lib\site-packages\pyvisa_py\protocols\rpc.py", line 486, in connect
2025-02-24 08:59:40.926 [CRITICAL] (          logging.py:  32)     raise RPCError("can't connect to server")
2025-02-24 08:59:40.926 [CRITICAL] (          logging.py:  32) pyvisa_py.protocols.rpc.RPCError: can't connect to server
2025-02-24 08:59:40.926 [CRITICAL] (          logging.py:  32) 
2025-02-24 08:59:40.926 [CRITICAL] (          logging.py:  32) During handling of the above exception, another exception occurred:
2025-02-24 08:59:40.926 [CRITICAL] (          logging.py:  32) 
2025-02-24 08:59:40.926 [CRITICAL] (          logging.py:  32) Traceback (most recent call last):
2025-02-24 08:59:40.926 [CRITICAL] (          logging.py:  32)   File "C:\Users\ejvil\miniconda3\envs\nspyre\Lib\site-packages\nspyre\instrument\server.py", line 189, in add
2025-02-24 08:59:40.926 [CRITICAL] (          logging.py:  32)     instance = dev_class(*args, **kwargs)
2025-02-24 08:59:40.926 [CRITICAL] (          logging.py:  32)                ^^^^^^^^^^^^^^^^^^^^^^^^^^
2025-02-24 08:59:40.926 [CRITICAL] (          logging.py:  32)   File "C:\Users\ejvil\nanonmr_m_nspyre\nnmr_nspyre\src\experiments\drivers\sg396_driver_current.py", line 60, in __init__
2025-02-24 08:59:40.930 [CRITICAL] (          logging.py:  32)     self.device = self.rm.open_resource(self.address)
2025-02-24 08:59:40.930 [CRITICAL] (          logging.py:  32)                   ^^^^^^^^^^^^^^^^^^^^^^^^^^^^^^^^^^^
2025-02-24 08:59:40.930 [CRITICAL] (          logging.py:  32)   File "C:\Users\ejvil\miniconda3\envs\nspyre\Lib\site-packages\pyvisa\highlevel.py", line 3284, in open_resource
2025-02-24 08:59:40.930 [CRITICAL] (          logging.py:  32)     res.open(access_mode, open_timeout)
2025-02-24 08:59:40.930 [CRITICAL] (          logging.py:  32)   File "C:\Users\ejvil\miniconda3\envs\nspyre\Lib\site-packages\pyvisa\resources\resource.py", line 282, in open
2025-02-24 08:59:40.939 [CRITICAL] (          logging.py:  32)     self.session, status = self._resource_manager.open_bare_resource(
2025-02-24 08:59:40.939 [CRITICAL] (          logging.py:  32)                            ^^^^^^^^^^^^^^^^^^^^^^^^^^^^^^^^^^^^^^^^^^
2025-02-24 08:59:40.939 [CRITICAL] (          logging.py:  32)   File "C:\Users\ejvil\miniconda3\envs\nspyre\Lib\site-packages\pyvisa\highlevel.py", line 3209, in open_bare_resource
2025-02-24 08:59:40.939 [CRITICAL] (          logging.py:  32)     return self.visalib.open(self.session, resource_name, access_mode, open_timeout)
2025-02-24 08:59:40.939 [CRITICAL] (          logging.py:  32)            ^^^^^^^^^^^^^^^^^^^^^^^^^^^^^^^^^^^^^^^^^^^^^^^^^^^^^^^^^^^^^^^^^^^^^^^^^
2025-02-24 08:59:40.939 [CRITICAL] (          logging.py:  32)   File "C:\Users\ejvil\miniconda3\envs\nspyre\Lib\site-packages\pyvisa_py\highlevel.py", line 167, in open
2025-02-24 08:59:40.941 [CRITICAL] (          logging.py:  32)     sess = cls(session, resource_name, parsed, open_timeout)
2025-02-24 08:59:40.941 [CRITICAL] (          logging.py:  32)            ^^^^^^^^^^^^^^^^^^^^^^^^^^^^^^^^^^^^^^^^^^^^^^^^^
2025-02-24 08:59:40.941 [CRITICAL] (          logging.py:  32)   File "C:\Users\ejvil\miniconda3\envs\nspyre\Lib\site-packages\pyvisa_py\tcpip.py", line 85, in __new__
2025-02-24 08:59:40.941 [CRITICAL] (          logging.py:  32)     return newcls(resource_manager_session, resource_name, parsed, open_timeout)
2025-02-24 08:59:40.941 [CRITICAL] (          logging.py:  32)            ^^^^^^^^^^^^^^^^^^^^^^^^^^^^^^^^^^^^^^^^^^^^^^^^^^^^^^^^^^^^^^^^^^^^^
2025-02-24 08:59:40.941 [CRITICAL] (          logging.py:  32)   File "C:\Users\ejvil\miniconda3\envs\nspyre\Lib\site-packages\pyvisa_py\sessions.py", line 321, in __init__
2025-02-24 08:59:40.941 [CRITICAL] (          logging.py:  32)     self.after_parsing()
2025-02-24 08:59:40.941 [CRITICAL] (          logging.py:  32)   File "C:\Users\ejvil\miniconda3\envs\nspyre\Lib\site-packages\pyvisa_py\tcpip.py", line 458, in after_parsing
2025-02-24 08:59:40.941 [CRITICAL] (          logging.py:  32)     raise errors.VisaIOError(constants.VI_ERROR_RSRC_NFOUND)
2025-02-24 08:59:40.941 [CRITICAL] (          logging.py:  32) pyvisa.errors.VisaIOError: VI_ERROR_RSRC_NFOUND (-1073807343): Insufficient location information or the requested device or resource is not present in the system.
2025-02-24 08:59:40.941 [CRITICAL] (          logging.py:  32) 
2025-02-24 08:59:40.941 [CRITICAL] (          logging.py:  32) The above exception was the direct cause of the following exception:
2025-02-24 08:59:40.941 [CRITICAL] (          logging.py:  32) 
2025-02-24 08:59:40.941 [CRITICAL] (          logging.py:  32) Traceback (most recent call last):
2025-02-24 08:59:40.941 [CRITICAL] (          logging.py:  32)   File "C:\Users\ejvil\nanonmr_m_nspyre\nnmr_nspyre\src\experiments\drivers\my_inserv.py", line 29, in <module>
2025-02-24 08:59:40.941 [CRITICAL] (          logging.py:  32)     local_inserv.add(name = 'sg', 
2025-02-24 08:59:40.941 [CRITICAL] (          logging.py:  32)     ^^^^^^^^^^^^^^^^^^^^^^^^^^^^^
2025-02-24 08:59:40.941 [CRITICAL] (          logging.py:  32)   File "C:\Users\ejvil\miniconda3\envs\nspyre\Lib\site-packages\nspyre\instrument\server.py", line 191, in add
2025-02-24 08:59:40.941 [CRITICAL] (          logging.py:  32)     raise InstrumentServerError(
2025-02-24 08:59:40.941 [CRITICAL] (          logging.py:  32) nspyre.instrument.server.InstrumentServerError: Failed to create an instance of device [sg] of class [<class 'sg396_driver_current.SG396'>].
2025-02-24 08:59:40.941 [   DEBUG] (        highlevel.py:3070) Closing ResourceManager (session: 9571899)
