2025-02-21 14:30:56.086 [    INFO] (          gateway.py: 152) Gateway connected to instrument server at "localhost:42068".
2025-02-21 14:37:01.777 [    INFO] (             misc.py: 208) Running process function [<function run_experiment at 0x0000028976868FE0>] with args: [()] kwargs: [{'exp_cls': <class 'nv_experiments_current.SpinMeasurements'>, 'fun_name': 'odmr_scan', 'constructor_args': [], 'constructor_kwargs': {}, 'queue_to_exp': <multiprocessing.queues.Queue object at 0x000002897D59C690>, 'queue_from_exp': <multiprocessing.queues.Queue object at 0x000002897D59FDD0>, 'fun_args': [], 'fun_kwargs': {'runs': 120, 'iters': 100, 'num_pts': 50, 'center_freq': 2000000000.0, 'half_span_sideband_freq': 20000000.0, 'rf_power': 0.0001, 'probe': 2.5e-05, 'laser_power': 100, 'laser_init': 3e-05, 'laser_readout': 2.5e-06, 'sideband_freq': 30000000.0, 'sideband_power': 0.15, 'sideband': 'Lower', 'i_offset': -0.002, 'q_offset': -0.004, 'detector': 'APD', 'segment_size': 1024, 'dig_sampling_freq': 500000000.0, 'dig_amplitude': 1.0, 'read_channel': '0', 'dig_coupling': 'DC', 'dig_termination': '1M', 'pretrig_size': 32, 'dig_timeout': 5.0, 'save': False, 'dataset': 'odmr', 'filename': '', 'directory': '', 'seq': 'CW ODMR', 'fit': False, 'fit_live': False, 'fit_params': [0.01, 2.0, 0.006, 1.0]}}].
2025-02-21 14:38:14.511 [    INFO] (             misc.py: 208) Running process function [<function run_experiment at 0x0000028976868FE0>] with args: [()] kwargs: [{'exp_cls': <class 'nv_experiments_all.SpinMeasurements'>, 'fun_name': 'odmr_scan', 'constructor_args': [], 'constructor_kwargs': {}, 'queue_to_exp': <multiprocessing.queues.Queue object at 0x000002890381CB90>, 'queue_from_exp': <multiprocessing.queues.Queue object at 0x000002890381CE90>, 'fun_args': [], 'fun_kwargs': {'runs': 120, 'iters': 10, 'num_pts': 50, 'center_freq': 2000000000.0, 'half_span_sideband_freq': 20000000.0, 'rf_power': 0.0001, 'probe': 2.5e-05, 'laser_power': 100, 'laser_init': 3e-05, 'laser_readout': 2.5e-06, 'sideband_freq': 30000000.0, 'sideband_power': 0.15, 'sideband': 'Lower', 'i_offset': -0.002, 'q_offset': -0.004, 'detector': 'APD', 'segment_size': 1024, 'dig_sampling_freq': 500000000.0, 'dig_amplitude': 1.0, 'read_channel': '0', 'dig_coupling': 'DC', 'dig_termination': '1M', 'pretrig_size': 32, 'dig_timeout': 5.0, 'save': False, 'dataset': 'odmr', 'filename': '', 'directory': '', 'seq': 'CW ODMR', 'fit': False, 'fit_live': False, 'fit_params': [0.01, 2.0, 0.006, 1.0]}}].
2025-02-21 14:38:25.556 [    INFO] (             sink.py: 137) Sink connected to data server [('127.0.0.1', 30101)].
2025-02-21 14:38:25.581 [CRITICAL] (          logging.py:  32) C:\Users\ejvil\miniconda3\envs\nspyre\Lib\site-packages\numpy\ma\core.py:2820: UnitStrippedWarning: The unit of the quantity is stripped when downcasting to ndarray.
2025-02-21 14:38:25.581 [CRITICAL] (          logging.py:  32)   _data = np.array(data, dtype=dtype, copy=copy,
2025-02-21 14:38:25.594 [CRITICAL] (          logging.py:  32) C:\Users\ejvil\miniconda3\envs\nspyre\Lib\site-packages\numpy\ma\core.py:2820: UnitStrippedWarning: The unit of the quantity is stripped when downcasting to ndarray.
2025-02-21 14:38:25.594 [CRITICAL] (          logging.py:  32)   _data = np.array(data, dtype=dtype, copy=copy,
2025-02-21 14:38:25.599 [CRITICAL] (          logging.py:  32) C:\Users\ejvil\miniconda3\envs\nspyre\Lib\site-packages\numpy\ma\core.py:2820: UnitStrippedWarning: The unit of the quantity is stripped when downcasting to ndarray.
2025-02-21 14:38:25.599 [CRITICAL] (          logging.py:  32)   _data = np.array(data, dtype=dtype, copy=copy,
2025-02-21 14:38:26.622 [CRITICAL] (          logging.py:  32) C:\Users\ejvil\miniconda3\envs\nspyre\Lib\site-packages\numpy\ma\core.py:2820: UnitStrippedWarning: The unit of the quantity is stripped when downcasting to ndarray.
2025-02-21 14:38:26.622 [CRITICAL] (          logging.py:  32)   _data = np.array(data, dtype=dtype, copy=copy,
2025-02-21 14:38:26.652 [CRITICAL] (          logging.py:  32) C:\Users\ejvil\miniconda3\envs\nspyre\Lib\site-packages\numpy\ma\core.py:2820: UnitStrippedWarning: The unit of the quantity is stripped when downcasting to ndarray.
2025-02-21 14:38:26.652 [CRITICAL] (          logging.py:  32)   _data = np.array(data, dtype=dtype, copy=copy,
2025-02-21 14:39:58.250 [    INFO] (             misc.py: 208) Running process function [<function run_experiment at 0x0000028976868FE0>] with args: [()] kwargs: [{'exp_cls': <class 'nv_experiments_all.SpinMeasurements'>, 'fun_name': 'odmr_scan', 'constructor_args': [], 'constructor_kwargs': {}, 'queue_to_exp': <multiprocessing.queues.Queue object at 0x000002890381CB90>, 'queue_from_exp': <multiprocessing.queues.Queue object at 0x000002890381CE90>, 'fun_args': [], 'fun_kwargs': {'runs': 120, 'iters': 10, 'num_pts': 50, 'center_freq': 2000000000.0, 'half_span_sideband_freq': 20000000.0, 'rf_power': 0.0001, 'probe': 2.5e-05, 'laser_power': 100, 'laser_init': 3e-05, 'laser_readout': 2.5e-06, 'sideband_freq': 30000000.0, 'sideband_power': 0.15, 'sideband': 'Lower', 'i_offset': -0.002, 'q_offset': -0.004, 'detector': 'APD', 'segment_size': 1024, 'dig_sampling_freq': 500000000.0, 'dig_amplitude': 1.0, 'read_channel': '0', 'dig_coupling': 'DC', 'dig_termination': '1M', 'pretrig_size': 32, 'dig_timeout': 5.0, 'save': False, 'dataset': 'odmr', 'filename': '', 'directory': '', 'seq': 'CW ODMR', 'fit': False, 'fit_live': False, 'fit_params': [0.01, 2.0, 0.006, 1.0]}}].
2025-02-21 14:40:12.047 [    INFO] (             misc.py: 208) Running process function [<function run_experiment at 0x0000028976868FE0>] with args: [()] kwargs: [{'exp_cls': <class 'nv_experiments_all.SpinMeasurements'>, 'fun_name': 'odmr_scan', 'constructor_args': [], 'constructor_kwargs': {}, 'queue_to_exp': <multiprocessing.queues.Queue object at 0x000002890381CB90>, 'queue_from_exp': <multiprocessing.queues.Queue object at 0x000002890381CE90>, 'fun_args': [], 'fun_kwargs': {'runs': 120, 'iters': 10, 'num_pts': 50, 'center_freq': 2000000000.0, 'half_span_sideband_freq': 20000000.0, 'rf_power': 0.0001, 'probe': 2.5e-05, 'laser_power': 100, 'laser_init': 3e-05, 'laser_readout': 2.5e-06, 'sideband_freq': 30000000.0, 'sideband_power': 0.15, 'sideband': 'Lower', 'i_offset': -0.002, 'q_offset': -0.004, 'detector': 'APD', 'segment_size': 1024, 'dig_sampling_freq': 500000000.0, 'dig_amplitude': 1.0, 'read_channel': '0', 'dig_coupling': 'DC', 'dig_termination': '1M', 'pretrig_size': 32, 'dig_timeout': 5.0, 'save': False, 'dataset': 'odmr', 'filename': '', 'directory': '', 'seq': 'CW ODMR', 'fit': False, 'fit_live': False, 'fit_params': [0.01, 2.0, 0.006, 1.0]}}].
2025-02-21 14:40:34.786 [    INFO] (             misc.py: 208) Running process function [<function run_experiment at 0x0000028976868FE0>] with args: [()] kwargs: [{'exp_cls': <class 'nv_experiments_all.SpinMeasurements'>, 'fun_name': 'odmr_scan', 'constructor_args': [], 'constructor_kwargs': {}, 'queue_to_exp': <multiprocessing.queues.Queue object at 0x000002890381CB90>, 'queue_from_exp': <multiprocessing.queues.Queue object at 0x000002890381CE90>, 'fun_args': [], 'fun_kwargs': {'runs': 120, 'iters': 10, 'num_pts': 50, 'center_freq': 2000000000.0, 'half_span_sideband_freq': 20000000.0, 'rf_power': 0.0001, 'probe': 2.5e-05, 'laser_power': 100, 'laser_init': 3e-05, 'laser_readout': 2.5e-06, 'sideband_freq': 30000000.0, 'sideband_power': 0.15, 'sideband': 'Lower', 'i_offset': -0.002, 'q_offset': -0.004, 'detector': 'APD', 'segment_size': 1024, 'dig_sampling_freq': 500000000.0, 'dig_amplitude': 1.0, 'read_channel': '0', 'dig_coupling': 'DC', 'dig_termination': '1M', 'pretrig_size': 32, 'dig_timeout': 5.0, 'save': False, 'dataset': 'odmr', 'filename': '', 'directory': '', 'seq': 'CW ODMR', 'fit': False, 'fit_live': False, 'fit_params': [0.01, 2.0, 0.006, 1.0]}}].
2025-02-21 14:42:19.077 [    INFO] (             misc.py: 208) Running process function [<function run_experiment at 0x0000028976868FE0>] with args: [()] kwargs: [{'exp_cls': <class 'nv_experiments_all.SpinMeasurements'>, 'fun_name': 'odmr_scan', 'constructor_args': [], 'constructor_kwargs': {}, 'queue_to_exp': <multiprocessing.queues.Queue object at 0x000002890381CB90>, 'queue_from_exp': <multiprocessing.queues.Queue object at 0x000002890381CE90>, 'fun_args': [], 'fun_kwargs': {'runs': 120, 'iters': 10, 'num_pts': 50, 'center_freq': 2000000000.0, 'half_span_sideband_freq': 20000000.0, 'rf_power': 0.0001, 'probe': 2.5e-05, 'laser_power': 100, 'laser_init': 3e-05, 'laser_readout': 2.5e-06, 'sideband_freq': 30000000.0, 'sideband_power': 0.15, 'sideband': 'Lower', 'i_offset': -0.002, 'q_offset': -0.004, 'detector': 'APD', 'segment_size': 1024, 'dig_sampling_freq': 500000000.0, 'dig_amplitude': 1.0, 'read_channel': '0', 'dig_coupling': 'DC', 'dig_termination': '1M', 'pretrig_size': 32, 'dig_timeout': 5.0, 'save': False, 'dataset': 'odmr', 'filename': '', 'directory': '', 'seq': 'CW ODMR', 'fit': False, 'fit_live': False, 'fit_params': [0.01, 2.0, 0.006, 1.0]}}].
2025-02-21 14:46:05.595 [    INFO] (             misc.py: 208) Running process function [<function run_experiment at 0x0000028976868FE0>] with args: [()] kwargs: [{'exp_cls': <class 'nv_experiments_all.SpinMeasurements'>, 'fun_name': 'odmr_scan', 'constructor_args': [], 'constructor_kwargs': {}, 'queue_to_exp': <multiprocessing.queues.Queue object at 0x000002890381CB90>, 'queue_from_exp': <multiprocessing.queues.Queue object at 0x000002890381CE90>, 'fun_args': [], 'fun_kwargs': {'runs': 120, 'iters': 10, 'num_pts': 50, 'center_freq': 2000000000.0, 'half_span_sideband_freq': 20000000.0, 'rf_power': 0.0001, 'probe': 2.5e-05, 'laser_power': 100, 'laser_init': 3e-05, 'laser_readout': 2.5e-06, 'sideband_freq': 30000000.0, 'sideband_power': 0.15, 'sideband': 'Lower', 'i_offset': -0.002, 'q_offset': -0.004, 'detector': 'APD', 'segment_size': 1024, 'dig_sampling_freq': 500000000.0, 'dig_amplitude': 1.0, 'read_channel': '0', 'dig_coupling': 'DC', 'dig_termination': '1M', 'pretrig_size': 32, 'dig_timeout': 5.0, 'save': False, 'dataset': 'odmr', 'filename': '', 'directory': '', 'seq': 'CW ODMR', 'fit': False, 'fit_live': False, 'fit_params': [0.01, 2.0, 0.006, 1.0]}}].
2025-02-21 14:47:09.327 [    INFO] (             misc.py: 208) Running process function [<function run_experiment at 0x0000028976868FE0>] with args: [()] kwargs: [{'exp_cls': <class 'nv_experiments_all.SpinMeasurements'>, 'fun_name': 'odmr_scan', 'constructor_args': [], 'constructor_kwargs': {}, 'queue_to_exp': <multiprocessing.queues.Queue object at 0x000002890381CB90>, 'queue_from_exp': <multiprocessing.queues.Queue object at 0x000002890381CE90>, 'fun_args': [], 'fun_kwargs': {'runs': 120, 'iters': 10, 'num_pts': 50, 'center_freq': 2000000000.0, 'half_span_sideband_freq': 20000000.0, 'rf_power': 0.0001, 'probe': 2.5e-05, 'laser_power': 100, 'laser_init': 3e-05, 'laser_readout': 2.5e-06, 'sideband_freq': 30000000.0, 'sideband_power': 0.15, 'sideband': 'Lower', 'i_offset': -0.002, 'q_offset': -0.004, 'detector': 'APD', 'segment_size': 1024, 'dig_sampling_freq': 500000000.0, 'dig_amplitude': 1.0, 'read_channel': '0', 'dig_coupling': 'DC', 'dig_termination': '1M', 'pretrig_size': 32, 'dig_timeout': 5.0, 'save': False, 'dataset': 'odmr', 'filename': '', 'directory': '', 'seq': 'CW ODMR', 'fit': False, 'fit_live': False, 'fit_params': [0.01, 2.0, 0.006, 1.0]}}].
2025-02-21 14:49:10.617 [    INFO] (             misc.py: 208) Running process function [<function run_experiment at 0x0000028976868FE0>] with args: [()] kwargs: [{'exp_cls': <class 'nv_experiments_all.SpinMeasurements'>, 'fun_name': 'odmr_scan', 'constructor_args': [], 'constructor_kwargs': {}, 'queue_to_exp': <multiprocessing.queues.Queue object at 0x000002890381CB90>, 'queue_from_exp': <multiprocessing.queues.Queue object at 0x000002890381CE90>, 'fun_args': [], 'fun_kwargs': {'runs': 120, 'iters': 10, 'num_pts': 50, 'center_freq': 2000000000.0, 'half_span_sideband_freq': 20000000.0, 'rf_power': 0.0001, 'probe': 2.5e-05, 'laser_power': 100, 'laser_init': 3e-05, 'laser_readout': 2.5e-06, 'sideband_freq': 30000000.0, 'sideband_power': 0.15, 'sideband': 'Lower', 'i_offset': -0.002, 'q_offset': -0.004, 'detector': 'APD', 'segment_size': 1024, 'dig_sampling_freq': 500000000.0, 'dig_amplitude': 1.0, 'read_channel': '0', 'dig_coupling': 'DC', 'dig_termination': '1M', 'pretrig_size': 32, 'dig_timeout': 5.0, 'save': False, 'dataset': 'odmr', 'filename': '', 'directory': '', 'seq': 'CW ODMR', 'fit': False, 'fit_live': False, 'fit_params': [0.01, 2.0, 0.006, 1.0]}}].
2025-02-21 14:49:26.734 [    INFO] (             misc.py: 208) Running process function [<function run_experiment at 0x0000028976868FE0>] with args: [()] kwargs: [{'exp_cls': <class 'nv_experiments_all.SpinMeasurements'>, 'fun_name': 'odmr_scan', 'constructor_args': [], 'constructor_kwargs': {}, 'queue_to_exp': <multiprocessing.queues.Queue object at 0x000002890381CB90>, 'queue_from_exp': <multiprocessing.queues.Queue object at 0x000002890381CE90>, 'fun_args': [], 'fun_kwargs': {'runs': 120, 'iters': 10, 'num_pts': 50, 'center_freq': 2000000000.0, 'half_span_sideband_freq': 20000000.0, 'rf_power': 0.0001, 'probe': 2.5e-05, 'laser_power': 100, 'laser_init': 3e-05, 'laser_readout': 2.5e-06, 'sideband_freq': 30000000.0, 'sideband_power': 0.15, 'sideband': 'Lower', 'i_offset': -0.002, 'q_offset': -0.004, 'detector': 'APD', 'segment_size': 1024, 'dig_sampling_freq': 500000000.0, 'dig_amplitude': 1.0, 'read_channel': '0', 'dig_coupling': 'DC', 'dig_termination': '1M', 'pretrig_size': 32, 'dig_timeout': 5.0, 'save': False, 'dataset': 'odmr', 'filename': '', 'directory': '', 'seq': 'CW ODMR', 'fit': False, 'fit_live': False, 'fit_params': [0.01, 2.0, 0.006, 1.0]}}].
2025-02-21 14:49:48.782 [    INFO] (             misc.py: 208) Running process function [<function run_experiment at 0x0000028976868FE0>] with args: [()] kwargs: [{'exp_cls': <class 'nv_experiments_all.SpinMeasurements'>, 'fun_name': 'odmr_scan', 'constructor_args': [], 'constructor_kwargs': {}, 'queue_to_exp': <multiprocessing.queues.Queue object at 0x000002890381CB90>, 'queue_from_exp': <multiprocessing.queues.Queue object at 0x000002890381CE90>, 'fun_args': [], 'fun_kwargs': {'runs': 120, 'iters': 10, 'num_pts': 50, 'center_freq': 2000000000.0, 'half_span_sideband_freq': 20000000.0, 'rf_power': 0.0001, 'probe': 2.5e-05, 'laser_power': 100, 'laser_init': 3e-05, 'laser_readout': 2.5e-06, 'sideband_freq': 30000000.0, 'sideband_power': 0.15, 'sideband': 'Lower', 'i_offset': -0.002, 'q_offset': -0.004, 'detector': 'APD', 'segment_size': 1024, 'dig_sampling_freq': 500000000.0, 'dig_amplitude': 1.0, 'read_channel': '0', 'dig_coupling': 'DC', 'dig_termination': '1M', 'pretrig_size': 32, 'dig_timeout': 5.0, 'save': False, 'dataset': 'odmr', 'filename': '', 'directory': '', 'seq': 'CW ODMR', 'fit': False, 'fit_live': False, 'fit_params': [0.01, 2.0, 0.006, 1.0]}}].
2025-02-21 14:50:48.257 [    INFO] (             misc.py: 208) Running process function [<function run_experiment at 0x0000028976868FE0>] with args: [()] kwargs: [{'exp_cls': <class 'nv_experiments_all.SpinMeasurements'>, 'fun_name': 'odmr_scan', 'constructor_args': [], 'constructor_kwargs': {}, 'queue_to_exp': <multiprocessing.queues.Queue object at 0x000002890381CB90>, 'queue_from_exp': <multiprocessing.queues.Queue object at 0x000002890381CE90>, 'fun_args': [], 'fun_kwargs': {'runs': 120, 'iters': 10, 'num_pts': 50, 'center_freq': 2000000000.0, 'half_span_sideband_freq': 20000000.0, 'rf_power': 0.0001, 'probe': 2.5e-05, 'laser_power': 100, 'laser_init': 3e-05, 'laser_readout': 2.5e-06, 'sideband_freq': 30000000.0, 'sideband_power': 0.15, 'sideband': 'Lower', 'i_offset': -0.002, 'q_offset': -0.004, 'detector': 'APD', 'segment_size': 1024, 'dig_sampling_freq': 500000000.0, 'dig_amplitude': 1.0, 'read_channel': '0', 'dig_coupling': 'DC', 'dig_termination': '1M', 'pretrig_size': 32, 'dig_timeout': 5.0, 'save': False, 'dataset': 'odmr', 'filename': '', 'directory': '', 'seq': 'CW ODMR', 'fit': False, 'fit_live': False, 'fit_params': [0.01, 2.0, 0.006, 1.0]}}].
2025-02-21 14:55:37.001 [    INFO] (             misc.py: 208) Running process function [<function run_experiment at 0x0000028976868FE0>] with args: [()] kwargs: [{'exp_cls': <class 'nv_experiments_all.SpinMeasurements'>, 'fun_name': 'rabi_scan', 'constructor_args': [], 'constructor_kwargs': {}, 'queue_to_exp': <multiprocessing.queues.Queue object at 0x000002890381CB90>, 'queue_from_exp': <multiprocessing.queues.Queue object at 0x000002890381CE90>, 'fun_args': [], 'fun_kwargs': {'runs': 120, 'iters': 30, 'start': 0.0, 'stop': 2e-07, 'num_pts': 100, 'freq': 1996000000.0, 'rf_power': 0.0005, 'pulse_axis': 'y', 'laser_power': 110, 'laser_init': 3e-05, 'laser_readout': 2.5e-06, 'sideband_freq': 30000000.0, 'sideband_power': 0.45, 'sideband': 'Lower', 'i_offset': -0.002, 'q_offset': -0.004, 'detector': 'APD', 'segment_size': 1024, 'dig_sampling_freq': 500000000.0, 'dig_amplitude': 1.0, 'read_channel': '0', 'dig_coupling': 'DC', 'dig_termination': '1M', 'pretrig_size': 32, 'dig_timeout': 5.0, 'save': False, 'dataset': 'rabi', 'filename': '', 'directory': '', 'seq': 'Rabi', 'fit': False, 'fit_live': False, 'fit_params': [0.02, 0.001, 200.0, 0.0, 1.0]}}].
2025-02-21 14:55:50.375 [    INFO] (             sink.py: 137) Sink connected to data server [('127.0.0.1', 30101)].
2025-02-21 14:56:58.564 [    INFO] (             misc.py: 208) Running process function [<function run_experiment at 0x0000028976868FE0>] with args: [()] kwargs: [{'exp_cls': <class 'nv_experiments_all.SpinMeasurements'>, 'fun_name': 'MW_T1_scan', 'constructor_args': [], 'constructor_kwargs': {}, 'queue_to_exp': <multiprocessing.queues.Queue object at 0x000002890381CB90>, 'queue_from_exp': <multiprocessing.queues.Queue object at 0x000002890381CE90>, 'fun_args': [], 'fun_kwargs': {'runs': 120, 'iters': 10, 'start': 5e-08, 'stop': 0.02, 'num_pts': 50, 'array_type': 'geomspace', 'freq': 1996000000.0, 'rf_power': 0.0005, 'pi': 4.4e-08, 'pulse_axis': 'y', 'laser_power': 110, 'laser_init': 3e-05, 'laser_readout': 2.5e-06, 'sideband_freq': 30000000.0, 'sideband_power': 0.45, 'sideband': 'Lower', 'i_offset': -0.002, 'q_offset': -0.004, 'detector': 'APD', 'segment_size': 1024, 'dig_sampling_freq': 500000000.0, 'dig_amplitude': 1.0, 'read_channel': '0', 'dig_coupling': 'DC', 'dig_termination': '1M', 'pretrig_size': 32, 'dig_timeout': 5.0, 'save': False, 'dataset': 't1', 'filename': '', 'directory': '', 'seq': 'MW T1', 'fit': False, 'fit_live': False, 'fit_params': [0.01, 1.0, 1.0, 0.0]}}].
2025-02-21 14:57:13.805 [    INFO] (             sink.py: 137) Sink connected to data server [('127.0.0.1', 30101)].
2025-02-21 15:00:04.244 [    INFO] (             misc.py: 208) Running process function [<function run_experiment at 0x0000028976868FE0>] with args: [()] kwargs: [{'exp_cls': <class 'nv_experiments_all.SpinMeasurements'>, 'fun_name': 'MW_T1_scan', 'constructor_args': [], 'constructor_kwargs': {}, 'queue_to_exp': <multiprocessing.queues.Queue object at 0x000002890381CB90>, 'queue_from_exp': <multiprocessing.queues.Queue object at 0x000002890381CE90>, 'fun_args': [], 'fun_kwargs': {'runs': 120, 'iters': 10, 'start': 5e-08, 'stop': 0.02, 'num_pts': 50, 'array_type': 'geomspace', 'freq': 1996000000.0, 'rf_power': 0.0005, 'pi': 4.4e-08, 'pulse_axis': 'y', 'laser_power': 110, 'laser_init': 3e-05, 'laser_readout': 2.5e-06, 'sideband_freq': 30000000.0, 'sideband_power': 0.45, 'sideband': 'Lower', 'i_offset': -0.002, 'q_offset': -0.004, 'detector': 'APD', 'segment_size': 1024, 'dig_sampling_freq': 500000000.0, 'dig_amplitude': 1.0, 'read_channel': '0', 'dig_coupling': 'DC', 'dig_termination': '1M', 'pretrig_size': 32, 'dig_timeout': 5.0, 'save': False, 'dataset': 't1', 'filename': '', 'directory': '', 'seq': 'MW T1', 'fit': False, 'fit_live': False, 'fit_params': [0.01, 1.0, 1.0, 0.0]}}].
2025-02-21 15:00:45.356 [    INFO] (             sink.py: 137) Sink connected to data server [('127.0.0.1', 30101)].
2025-02-21 15:02:10.986 [    INFO] (             sink.py: 137) Sink connected to data server [('127.0.0.1', 30101)].
2025-02-21 15:02:13.474 [    INFO] (             misc.py: 208) Running process function [<function run_experiment at 0x0000028976868FE0>] with args: [()] kwargs: [{'exp_cls': <class 'nv_experiments_all.SpinMeasurements'>, 'fun_name': 'MW_T1_scan', 'constructor_args': [], 'constructor_kwargs': {}, 'queue_to_exp': <multiprocessing.queues.Queue object at 0x000002890381CB90>, 'queue_from_exp': <multiprocessing.queues.Queue object at 0x000002890381CE90>, 'fun_args': [], 'fun_kwargs': {'runs': 120, 'iters': 10, 'start': 5e-08, 'stop': 0.02, 'num_pts': 30, 'array_type': 'geomspace', 'freq': 1996000000.0, 'rf_power': 0.0005, 'pi': 4.4e-08, 'pulse_axis': 'y', 'laser_power': 110, 'laser_init': 3e-05, 'laser_readout': 2.5e-06, 'sideband_freq': 30000000.0, 'sideband_power': 0.45, 'sideband': 'Lower', 'i_offset': -0.002, 'q_offset': -0.004, 'detector': 'APD', 'segment_size': 1024, 'dig_sampling_freq': 500000000.0, 'dig_amplitude': 1.0, 'read_channel': '0', 'dig_coupling': 'DC', 'dig_termination': '1M', 'pretrig_size': 32, 'dig_timeout': 5.0, 'save': False, 'dataset': 't1', 'filename': '', 'directory': '', 'seq': 'MW T1', 'fit': False, 'fit_live': False, 'fit_params': [0.01, 1.0, 1.0, 0.0]}}].
2025-02-22 14:54:00.149 [CRITICAL] (          logging.py:  32) Traceback (most recent call last):
2025-02-22 14:54:00.149 [CRITICAL] (          logging.py:  32)   File "C:\Users\ejvil\miniconda3\envs\nspyre\Lib\site-packages\nspyre\gui\widgets\main.py", line 203, in _tree_item_double_click
2025-02-22 14:54:00.150 [CRITICAL] (          logging.py:  32)     self._load_widget(tree_widget_item)
2025-02-22 14:54:00.150 [CRITICAL] (          logging.py:  32)   File "C:\Users\ejvil\miniconda3\envs\nspyre\Lib\site-packages\nspyre\gui\widgets\main.py", line 226, in _load_widget
2025-02-22 14:54:00.151 [CRITICAL] (          logging.py:  32)     widget_module = reload(widget_module)
2025-02-22 14:54:00.151 [CRITICAL] (          logging.py:  32)                     ^^^^^^^^^^^^^^^^^^^^^
2025-02-22 14:54:00.151 [CRITICAL] (          logging.py:  32)   File "C:\Users\ejvil\miniconda3\envs\nspyre\Lib\importlib\__init__.py", line 169, in reload
2025-02-22 14:54:00.152 [CRITICAL] (          logging.py:  32)     _bootstrap._exec(spec, module)
2025-02-22 14:54:00.152 [CRITICAL] (          logging.py:  32)   File "<frozen importlib._bootstrap>", line 621, in _exec
2025-02-22 14:54:00.153 [CRITICAL] (          logging.py:  32)   File "<frozen importlib._bootstrap_external>", line 936, in exec_module
2025-02-22 14:54:00.153 [CRITICAL] (          logging.py:  32)   File "<frozen importlib._bootstrap_external>", line 1074, in get_code
2025-02-22 14:54:00.153 [CRITICAL] (          logging.py:  32)   File "<frozen importlib._bootstrap_external>", line 1004, in source_to_code
2025-02-22 14:54:00.153 [CRITICAL] (          logging.py:  32)   File "<frozen importlib._bootstrap>", line 241, in _call_with_frames_removed
2025-02-22 14:54:00.153 [CRITICAL] (          logging.py:  32)   File "C:\Users\ejvil\nanonmr_m_nspyre\nnmr_nspyre\src\experiments\gui_experiments_current.py", line 721
2025-02-22 14:54:00.153 [CRITICAL] (          logging.py:  32)     'num_pts': {'display_text': u'n\u209R (# synch. readout pts.): ',
2025-02-22 14:54:00.154 [CRITICAL] (          logging.py:  32)                                                                     ^
2025-02-22 14:54:00.154 [CRITICAL] (          logging.py:  32) SyntaxError: (unicode error) 'unicodeescape' codec can't decode bytes in position 1-5: truncated \uXXXX escape
2025-02-22 14:54:16.680 [CRITICAL] (          logging.py:  32) Traceback (most recent call last):
2025-02-22 14:54:16.680 [CRITICAL] (          logging.py:  32)   File "C:\Users\ejvil\miniconda3\envs\nspyre\Lib\site-packages\nspyre\gui\widgets\main.py", line 203, in _tree_item_double_click
2025-02-22 14:54:16.680 [CRITICAL] (          logging.py:  32)     self._load_widget(tree_widget_item)
2025-02-22 14:54:16.681 [CRITICAL] (          logging.py:  32)   File "C:\Users\ejvil\miniconda3\envs\nspyre\Lib\site-packages\nspyre\gui\widgets\main.py", line 226, in _load_widget
2025-02-22 14:54:16.681 [CRITICAL] (          logging.py:  32)     widget_module = reload(widget_module)
2025-02-22 14:54:16.682 [CRITICAL] (          logging.py:  32)                     ^^^^^^^^^^^^^^^^^^^^^
2025-02-22 14:54:16.682 [CRITICAL] (          logging.py:  32)   File "C:\Users\ejvil\miniconda3\envs\nspyre\Lib\importlib\__init__.py", line 169, in reload
2025-02-22 14:54:16.682 [CRITICAL] (          logging.py:  32)     _bootstrap._exec(spec, module)
2025-02-22 14:54:16.682 [CRITICAL] (          logging.py:  32)   File "<frozen importlib._bootstrap>", line 621, in _exec
2025-02-22 14:54:16.682 [CRITICAL] (          logging.py:  32)   File "<frozen importlib._bootstrap_external>", line 936, in exec_module
2025-02-22 14:54:16.683 [CRITICAL] (          logging.py:  32)   File "<frozen importlib._bootstrap_external>", line 1074, in get_code
2025-02-22 14:54:16.683 [CRITICAL] (          logging.py:  32)   File "<frozen importlib._bootstrap_external>", line 1004, in source_to_code
2025-02-22 14:54:16.683 [CRITICAL] (          logging.py:  32)   File "<frozen importlib._bootstrap>", line 241, in _call_with_frames_removed
2025-02-22 14:54:16.683 [CRITICAL] (          logging.py:  32)   File "C:\Users\ejvil\nanonmr_m_nspyre\nnmr_nspyre\src\experiments\gui_experiments_current.py", line 721
2025-02-22 14:54:16.683 [CRITICAL] (          logging.py:  32)     'num_pts': {'display_text': 'n\u209R (# synch. readout pts.): ',
2025-02-22 14:54:16.683 [CRITICAL] (          logging.py:  32)                                                                    ^
2025-02-22 14:54:16.683 [CRITICAL] (          logging.py:  32) SyntaxError: (unicode error) 'unicodeescape' codec can't decode bytes in position 1-5: truncated \uXXXX escape
2025-02-22 14:54:30.341 [CRITICAL] (          logging.py:  32) Traceback (most recent call last):
2025-02-22 14:54:30.341 [CRITICAL] (          logging.py:  32)   File "C:\Users\ejvil\miniconda3\envs\nspyre\Lib\site-packages\nspyre\gui\widgets\main.py", line 203, in _tree_item_double_click
2025-02-22 14:54:30.343 [CRITICAL] (          logging.py:  32)     self._load_widget(tree_widget_item)
2025-02-22 14:54:30.343 [CRITICAL] (          logging.py:  32)   File "C:\Users\ejvil\miniconda3\envs\nspyre\Lib\site-packages\nspyre\gui\widgets\main.py", line 226, in _load_widget
2025-02-22 14:54:30.344 [CRITICAL] (          logging.py:  32)     widget_module = reload(widget_module)
2025-02-22 14:54:30.344 [CRITICAL] (          logging.py:  32)                     ^^^^^^^^^^^^^^^^^^^^^
2025-02-22 14:54:30.344 [CRITICAL] (          logging.py:  32)   File "C:\Users\ejvil\miniconda3\envs\nspyre\Lib\importlib\__init__.py", line 169, in reload
2025-02-22 14:54:30.344 [CRITICAL] (          logging.py:  32)     _bootstrap._exec(spec, module)
2025-02-22 14:54:30.345 [CRITICAL] (          logging.py:  32)   File "<frozen importlib._bootstrap>", line 621, in _exec
2025-02-22 14:54:30.345 [CRITICAL] (          logging.py:  32)   File "<frozen importlib._bootstrap_external>", line 936, in exec_module
2025-02-22 14:54:30.345 [CRITICAL] (          logging.py:  32)   File "<frozen importlib._bootstrap_external>", line 1074, in get_code
2025-02-22 14:54:30.345 [CRITICAL] (          logging.py:  32)   File "<frozen importlib._bootstrap_external>", line 1004, in source_to_code
2025-02-22 14:54:30.345 [CRITICAL] (          logging.py:  32)   File "<frozen importlib._bootstrap>", line 241, in _call_with_frames_removed
2025-02-22 14:54:30.345 [CRITICAL] (          logging.py:  32)   File "C:\Users\ejvil\nanonmr_m_nspyre\nnmr_nspyre\src\experiments\gui_experiments_current.py", line 721
2025-02-22 14:54:30.346 [CRITICAL] (          logging.py:  32)     'num_pts': {'display_text': 'n\u209R (# synch. readout pts.): ',
2025-02-22 14:54:30.346 [CRITICAL] (          logging.py:  32)                                                                    ^
2025-02-22 14:54:30.346 [CRITICAL] (          logging.py:  32) SyntaxError: (unicode error) 'unicodeescape' codec can't decode bytes in position 1-5: truncated \uXXXX escape
2025-02-22 14:55:41.134 [CRITICAL] (          logging.py:  32) Traceback (most recent call last):
2025-02-22 14:55:41.134 [CRITICAL] (          logging.py:  32)   File "C:\Users\ejvil\miniconda3\envs\nspyre\Lib\site-packages\nspyre\gui\widgets\main.py", line 203, in _tree_item_double_click
2025-02-22 14:55:41.135 [CRITICAL] (          logging.py:  32)     self._load_widget(tree_widget_item)
2025-02-22 14:55:41.135 [CRITICAL] (          logging.py:  32)   File "C:\Users\ejvil\miniconda3\envs\nspyre\Lib\site-packages\nspyre\gui\widgets\main.py", line 226, in _load_widget
2025-02-22 14:55:41.136 [CRITICAL] (          logging.py:  32)     widget_module = reload(widget_module)
2025-02-22 14:55:41.136 [CRITICAL] (          logging.py:  32)                     ^^^^^^^^^^^^^^^^^^^^^
2025-02-22 14:55:41.136 [CRITICAL] (          logging.py:  32)   File "C:\Users\ejvil\miniconda3\envs\nspyre\Lib\importlib\__init__.py", line 169, in reload
2025-02-22 14:55:41.136 [CRITICAL] (          logging.py:  32)     _bootstrap._exec(spec, module)
2025-02-22 14:55:41.137 [CRITICAL] (          logging.py:  32)   File "<frozen importlib._bootstrap>", line 621, in _exec
2025-02-22 14:55:41.137 [CRITICAL] (          logging.py:  32)   File "<frozen importlib._bootstrap_external>", line 936, in exec_module
2025-02-22 14:55:41.137 [CRITICAL] (          logging.py:  32)   File "<frozen importlib._bootstrap_external>", line 1074, in get_code
2025-02-22 14:55:41.137 [CRITICAL] (          logging.py:  32)   File "<frozen importlib._bootstrap_external>", line 1004, in source_to_code
2025-02-22 14:55:41.137 [CRITICAL] (          logging.py:  32)   File "<frozen importlib._bootstrap>", line 241, in _call_with_frames_removed
2025-02-22 14:55:41.138 [CRITICAL] (          logging.py:  32)   File "C:\Users\ejvil\nanonmr_m_nspyre\nnmr_nspyre\src\experiments\gui_experiments_current.py", line 721
2025-02-22 14:55:41.138 [CRITICAL] (          logging.py:  32)     'num_pts': {'display_text': 'n\N{SUBSCRIPT R} (# synch. readout pts.): ',
2025-02-22 14:55:41.138 [CRITICAL] (          logging.py:  32)                                                                             ^
2025-02-22 14:55:41.138 [CRITICAL] (          logging.py:  32) SyntaxError: (unicode error) 'unicodeescape' codec can't decode bytes in position 1-15: unknown Unicode character name
2025-02-22 14:56:33.276 [CRITICAL] (          logging.py:  32) Traceback (most recent call last):
2025-02-22 14:56:33.276 [CRITICAL] (          logging.py:  32)   File "C:\Users\ejvil\nanonmr_m_nspyre\nnmr_nspyre\src\experiments\gui_experiments_current.py", line 196, in <lambda>
2025-02-22 14:56:33.276 [CRITICAL] (          logging.py:  32)     self.experiments.currentIndexChanged.connect(lambda: self.exp_selector())
2025-02-22 14:56:33.277 [CRITICAL] (          logging.py:  32)                                                          ^^^^^^^^^^^^^^^^^^^
2025-02-22 14:56:33.277 [CRITICAL] (          logging.py:  32)   File "C:\Users\ejvil\nanonmr_m_nspyre\nnmr_nspyre\src\experiments\gui_experiments_current.py", line 1359, in exp_selector
2025-02-22 14:56:33.277 [CRITICAL] (          logging.py:  32)     self.params_widget = ParamsWidget(self.create_params_widget(self.experiments.currentText(), self.exp_dict[self.experiments.currentText()][1]), get_param_value_funs = {ComboBox: self.get_combobox_val})
2025-02-22 14:56:33.278 [CRITICAL] (          logging.py:  32)                                       ^^^^^^^^^^^^^^^^^^^^^^^^^^^^^^^^^^^^^^^^^^^^^^^^^^^^^^^^^^^^^^^^^^^^^^^^^^^^^^^^^^^^^^^^^^^^^^^^^^^^^^^^^^^
2025-02-22 14:56:33.278 [CRITICAL] (          logging.py:  32)   File "C:\Users\ejvil\nanonmr_m_nspyre\nnmr_nspyre\src\experiments\gui_experiments_current.py", line 726, in create_params_widget
2025-02-22 14:56:33.278 [CRITICAL] (          logging.py:  32)     'widget': SpinBox(value = defaults[4], suffix = 's', siPrefix = True, bounds = (0, None), dec = True)}}
2025-02-22 14:56:33.278 [CRITICAL] (          logging.py:  32)                               ~~~~~~~~^^^
