2025-02-03 19:16:40.885 [    INFO] (          gateway.py: 152) Gateway connected to instrument server at "localhost:42068".
2025-02-03 19:16:45.412 [CRITICAL] (          logging.py:  32) Traceback (most recent call last):
2025-02-03 19:16:45.412 [CRITICAL] (          logging.py:  32)   File "C:\Users\ejvil\nnmr_nspyre\src\experiments\gui_experiments_current.py", line 1448, in run
2025-02-03 19:16:45.412 [CRITICAL] (          logging.py:  32)     raise ValueError("Must choose data acquisition method.") 
2025-02-03 19:16:45.412 [CRITICAL] (          logging.py:  32)     ^^^^^^^^^^^^^^^^^^^^^^^^^^^^^^^^^^^^^^^^^^^^^^^^^^^^^^^^
2025-02-03 19:16:45.422 [CRITICAL] (          logging.py:  32) ValueError: Must choose data acquisition method.
2025-02-03 19:16:55.508 [CRITICAL] (          logging.py:  32) Traceback (most recent call last):
2025-02-03 19:16:55.508 [CRITICAL] (          logging.py:  32)   File "C:\Users\ejvil\nnmr_nspyre\src\experiments\gui_experiments_current.py", line 1448, in run
2025-02-03 19:16:55.518 [CRITICAL] (          logging.py:  32)     raise ValueError("Must choose data acquisition method.") 
2025-02-03 19:16:55.518 [CRITICAL] (          logging.py:  32)     ^^^^^^^^^^^^^^^^^^^^^^^^^^^^^^^^^^^^^^^^^^^^^^^^^^^^^^^^
2025-02-03 19:16:55.518 [CRITICAL] (          logging.py:  32) ValueError: Must choose data acquisition method.
2025-02-03 19:17:02.689 [    INFO] (             misc.py: 208) Running process function [<function run_experiment at 0x000001EBB5478FE0>] with args: [()] kwargs: [{'exp_cls': <class 'nv_experiments_current.SpinMeasurements'>, 'fun_name': 'odmr_scan', 'constructor_args': [], 'constructor_kwargs': {}, 'queue_to_exp': <multiprocessing.queues.Queue object at 0x000001EBB8DB1550>, 'queue_from_exp': <multiprocessing.queues.Queue object at 0x000001EBBC12F610>, 'fun_args': [], 'fun_kwargs': {'runs': 12, 'iters': 10, 'num_pts': 30, 'center_freq': 2870000000.0, 'half_span_sideband_freq': 100000000.0, 'rf_power': 1e-09, 'probe': 2.5e-05, 'laser_power': 30, 'sideband_freq': 30000000.0, 'sideband_power': 0.45, 'sideband': 'Lower', 'i_offset': -0.002, 'q_offset': -0.004, 'detector': 'APD', 'segment_size': 512, 'dig_sampling_freq': 500000000.0, 'dig_amplitude': 5.0, 'read_channel': '0', 'dig_coupling': 'DC', 'dig_termination': '1M', 'pretrig_size': 32, 'dig_timeout': 5.0, 'save': False, 'dataset': 'odmr', 'filename': '', 'directory': '', 'seq': 'CW ODMR', 'fit': False, 'fit_live': False, 'fit_params': [0.01, 2.0, 0.006, 1.0]}}].
2025-02-03 19:17:38.980 [    INFO] (             sink.py: 137) Sink connected to data server [('127.0.0.1', 30101)].
2025-02-03 19:18:31.341 [    INFO] (             misc.py: 208) Running process function [<function run_experiment at 0x000001EBB5478FE0>] with args: [()] kwargs: [{'exp_cls': <class 'nv_experiments_current.SpinMeasurements'>, 'fun_name': 'DEER_T1_scan', 'constructor_args': [], 'constructor_kwargs': {}, 'queue_to_exp': <multiprocessing.queues.Queue object at 0x000001EBB8DB1550>, 'queue_from_exp': <multiprocessing.queues.Queue object at 0x000001EBBC12F610>, 'fun_args': [], 'fun_kwargs': {'runs': 120, 'iters': 50, 'start': 5e-08, 'stop': 2e-05, 'num_pts': 50, 'array_type': 'geomspace', 'tau': 8e-07, 'freq': 2307700000.0, 'rf_power': 0.0009, 'pi': 7e-08, 'pulse_axis': 'y', 'dark_freq': 564000000.0, 'dark_pi': 1.06e-07, 'awg_power': 0.2, 'laser_power': 110, 'sideband_freq': 30000000.0, 'sideband_power': 0.45, 'sideband': 'Lower', 'i_offset': -0.002, 'q_offset': -0.004, 'detector': 'APD', 'segment_size': 1024, 'dig_sampling_freq': 500000000.0, 'dig_amplitude': 5.0, 'read_channel': '0', 'dig_coupling': 'DC', 'dig_termination': '1M', 'pretrig_size': 32, 'dig_timeout': 5.0, 'save': False, 'dataset': 'corr t1', 'filename': '', 'directory': '', 'seq': 'DEER T1', 'fit': False, 'fit_live': False, 'fit_params': [0.0]}}].
2025-02-03 19:18:51.846 [    INFO] (             misc.py: 208) Running process function [<function run_experiment at 0x000001EBB5478FE0>] with args: [()] kwargs: [{'exp_cls': <class 'nv_experiments_current.SpinMeasurements'>, 'fun_name': 'DEER_T1_scan', 'constructor_args': [], 'constructor_kwargs': {}, 'queue_to_exp': <multiprocessing.queues.Queue object at 0x000001EBB8DB1550>, 'queue_from_exp': <multiprocessing.queues.Queue object at 0x000001EBBC12F610>, 'fun_args': [], 'fun_kwargs': {'runs': 120, 'iters': 50, 'start': 5e-08, 'stop': 2e-05, 'num_pts': 50, 'array_type': 'geomspace', 'tau': 8e-07, 'freq': 2307700000.0, 'rf_power': 0.0009, 'pi': 7e-08, 'pulse_axis': 'y', 'dark_freq': 564000000.0, 'dark_pi': 1.06e-07, 'awg_power': 0.2, 'laser_power': 110, 'sideband_freq': 30000000.0, 'sideband_power': 0.45, 'sideband': 'Lower', 'i_offset': -0.002, 'q_offset': -0.004, 'detector': 'APD', 'segment_size': 1024, 'dig_sampling_freq': 500000000.0, 'dig_amplitude': 5.0, 'read_channel': '0', 'dig_coupling': 'DC', 'dig_termination': '1M', 'pretrig_size': 32, 'dig_timeout': 5.0, 'save': False, 'dataset': 'corr t1', 'filename': '', 'directory': '', 'seq': 'DEER T1', 'fit': False, 'fit_live': False, 'fit_params': [0.0]}}].
2025-02-03 19:20:43.769 [    INFO] (             sink.py: 137) Sink connected to data server [('127.0.0.1', 30101)].
2025-02-03 19:20:43.777 [   ERROR] ( flex_line_plot_3.py:1869) Data series [diff_py] does not exist.
2025-02-03 19:20:43.777 [   ERROR] ( flex_line_plot_3.py:1869) Data series [diff_ny] does not exist.
2025-02-03 19:20:43.777 [   ERROR] ( flex_line_plot_3.py:1869) Data series [diff_overall] does not exist.
2025-02-03 19:20:43.779 [   ERROR] ( flex_line_plot_3.py:1869) Data series [diff_osc_with_pulse] does not exist.
2025-02-03 19:20:43.779 [   ERROR] ( flex_line_plot_3.py:1869) Data series [diff_osc_without_pulse] does not exist.
2025-02-03 19:20:43.779 [   ERROR] ( flex_line_plot_3.py:1869) Data series [sum_nuclear] does not exist.
2025-02-03 19:20:43.779 [   ERROR] ( flex_line_plot_3.py:1869) Data series [with_py] does not exist.
2025-02-03 19:20:43.779 [   ERROR] ( flex_line_plot_3.py:1869) Data series [with_py] does not exist.
2025-02-03 19:20:43.784 [   ERROR] ( flex_line_plot_3.py:1869) Data series [with_ny] does not exist.
2025-02-03 19:20:43.784 [   ERROR] ( flex_line_plot_3.py:1869) Data series [with_ny] does not exist.
2025-02-03 19:20:43.784 [   ERROR] ( flex_line_plot_3.py:1869) Data series [without_py] does not exist.
2025-02-03 19:20:43.784 [   ERROR] ( flex_line_plot_3.py:1869) Data series [without_py] does not exist.
2025-02-03 19:20:43.784 [   ERROR] ( flex_line_plot_3.py:1869) Data series [without_ny] does not exist.
2025-02-03 19:20:43.784 [   ERROR] ( flex_line_plot_3.py:1869) Data series [without_ny] does not exist.
2025-02-03 19:20:43.856 [CRITICAL] (          logging.py:  32) Traceback (most recent call last):
2025-02-03 19:20:43.856 [CRITICAL] (          logging.py:  32)   File "C:\Users\ejvil\miniconda3\envs\nspyre\Lib\site-packages\nspyre\gui\threadsafe.py", line 91, in _handle_error
2025-02-03 19:20:43.856 [CRITICAL] (          logging.py:  32)     raise err
2025-02-03 19:20:43.856 [CRITICAL] (          logging.py:  32)   File "C:\Users\ejvil\miniconda3\envs\nspyre\Lib\site-packages\nspyre\gui\threadsafe.py", line 171, in _run_safe
2025-02-03 19:20:43.856 [CRITICAL] (          logging.py:  32)     result = fun(*args, **kwargs)
2025-02-03 19:20:43.856 [CRITICAL] (          logging.py:  32)              ^^^^^^^^^^^^^^^^^^^^
2025-02-03 19:20:43.856 [CRITICAL] (          logging.py:  32)   File "C:\Users\ejvil\miniconda3\envs\nspyre\Lib\site-packages\nspyre\gui\widgets\flex_line_plot_3.py", line 373, in get_settings
2025-02-03 19:20:43.866 [CRITICAL] (          logging.py:  32)     settings = self.series_settings[name]
2025-02-03 19:20:43.866 [CRITICAL] (          logging.py:  32)                ~~~~~~~~~~~~~~~~~~~~^^^^^^
2025-02-03 19:20:43.866 [CRITICAL] (          logging.py:  32) KeyError: 'diff -y surface T1 decay'
2025-02-03 19:20:43.866 [CRITICAL] (          logging.py:  32) Traceback (most recent call last):
2025-02-03 19:20:43.866 [CRITICAL] (          logging.py:  32)   File "C:\Users\ejvil\miniconda3\envs\nspyre\Lib\site-packages\nspyre\gui\threadsafe.py", line 91, in _handle_error
2025-02-03 19:20:43.866 [CRITICAL] (          logging.py:  32)     raise err
2025-02-03 19:20:43.866 [CRITICAL] (          logging.py:  32)   File "C:\Users\ejvil\miniconda3\envs\nspyre\Lib\site-packages\nspyre\gui\threadsafe.py", line 171, in _run_safe
2025-02-03 19:20:43.866 [CRITICAL] (          logging.py:  32)     result = fun(*args, **kwargs)
2025-02-03 19:20:43.866 [CRITICAL] (          logging.py:  32)              ^^^^^^^^^^^^^^^^^^^^
2025-02-03 19:20:43.866 [CRITICAL] (          logging.py:  32)   File "C:\Users\ejvil\miniconda3\envs\nspyre\Lib\site-packages\nspyre\gui\widgets\flex_line_plot_3.py", line 373, in get_settings
2025-02-03 19:20:43.866 [CRITICAL] (          logging.py:  32)     settings = self.series_settings[name]
2025-02-03 19:20:43.866 [CRITICAL] (          logging.py:  32)                ~~~~~~~~~~~~~~~~~~~~^^^^^^
2025-02-03 19:20:43.866 [CRITICAL] (          logging.py:  32) KeyError: 'diff overall surface T1 decay'
2025-02-03 19:20:43.866 [CRITICAL] (          logging.py:  32) Traceback (most recent call last):
2025-02-03 19:20:43.866 [CRITICAL] (          logging.py:  32)   File "C:\Users\ejvil\miniconda3\envs\nspyre\Lib\site-packages\nspyre\gui\threadsafe.py", line 91, in _handle_error
2025-02-03 19:20:43.866 [CRITICAL] (          logging.py:  32)     raise err
2025-02-03 19:20:43.866 [CRITICAL] (          logging.py:  32)   File "C:\Users\ejvil\miniconda3\envs\nspyre\Lib\site-packages\nspyre\gui\threadsafe.py", line 171, in _run_safe
2025-02-03 19:20:43.876 [CRITICAL] (          logging.py:  32)     result = fun(*args, **kwargs)
2025-02-03 19:20:43.876 [CRITICAL] (          logging.py:  32)              ^^^^^^^^^^^^^^^^^^^^
2025-02-03 19:20:43.876 [CRITICAL] (          logging.py:  32)   File "C:\Users\ejvil\miniconda3\envs\nspyre\Lib\site-packages\nspyre\gui\widgets\flex_line_plot_3.py", line 373, in get_settings
2025-02-03 19:20:43.876 [CRITICAL] (          logging.py:  32)     settings = self.series_settings[name]
2025-02-03 19:20:43.876 [CRITICAL] (          logging.py:  32)                ~~~~~~~~~~~~~~~~~~~~^^^^^^
2025-02-03 19:20:43.876 [CRITICAL] (          logging.py:  32) KeyError: 'diff nuclear oscillation with pi pulse'
2025-02-03 19:20:43.876 [CRITICAL] (          logging.py:  32) Traceback (most recent call last):
2025-02-03 19:20:43.876 [CRITICAL] (          logging.py:  32)   File "C:\Users\ejvil\miniconda3\envs\nspyre\Lib\site-packages\nspyre\gui\threadsafe.py", line 91, in _handle_error
2025-02-03 19:20:43.876 [CRITICAL] (          logging.py:  32)     raise err
2025-02-03 19:20:43.876 [CRITICAL] (          logging.py:  32)   File "C:\Users\ejvil\miniconda3\envs\nspyre\Lib\site-packages\nspyre\gui\threadsafe.py", line 171, in _run_safe
2025-02-03 19:20:43.876 [CRITICAL] (          logging.py:  32)     result = fun(*args, **kwargs)
2025-02-03 19:20:43.876 [CRITICAL] (          logging.py:  32)              ^^^^^^^^^^^^^^^^^^^^
2025-02-03 19:20:43.876 [CRITICAL] (          logging.py:  32)   File "C:\Users\ejvil\miniconda3\envs\nspyre\Lib\site-packages\nspyre\gui\widgets\flex_line_plot_3.py", line 373, in get_settings
2025-02-03 19:20:43.876 [CRITICAL] (          logging.py:  32)     settings = self.series_settings[name]
2025-02-03 19:20:43.876 [CRITICAL] (          logging.py:  32)                ~~~~~~~~~~~~~~~~~~~~^^^^^^
2025-02-03 19:20:43.876 [CRITICAL] (          logging.py:  32) KeyError: 'diff nuclear oscillation no pi pulse'
2025-02-03 19:20:43.876 [CRITICAL] (          logging.py:  32) Traceback (most recent call last):
2025-02-03 19:20:43.876 [CRITICAL] (          logging.py:  32)   File "C:\Users\ejvil\miniconda3\envs\nspyre\Lib\site-packages\nspyre\gui\threadsafe.py", line 91, in _handle_error
2025-02-03 19:20:43.876 [CRITICAL] (          logging.py:  32)     raise err
2025-02-03 19:20:43.887 [CRITICAL] (          logging.py:  32)   File "C:\Users\ejvil\miniconda3\envs\nspyre\Lib\site-packages\nspyre\gui\threadsafe.py", line 171, in _run_safe
2025-02-03 19:20:43.887 [CRITICAL] (          logging.py:  32)     result = fun(*args, **kwargs)
2025-02-03 19:20:43.887 [CRITICAL] (          logging.py:  32)              ^^^^^^^^^^^^^^^^^^^^
2025-02-03 19:20:43.887 [CRITICAL] (          logging.py:  32)   File "C:\Users\ejvil\miniconda3\envs\nspyre\Lib\site-packages\nspyre\gui\widgets\flex_line_plot_3.py", line 373, in get_settings
2025-02-03 19:20:43.887 [CRITICAL] (          logging.py:  32)     settings = self.series_settings[name]
2025-02-03 19:20:43.887 [CRITICAL] (          logging.py:  32)                ~~~~~~~~~~~~~~~~~~~~^^^^^^
2025-02-03 19:20:43.887 [CRITICAL] (          logging.py:  32) KeyError: 'sum pure nuclear oscillation'
2025-02-03 19:20:43.887 [CRITICAL] (          logging.py:  32) Traceback (most recent call last):
2025-02-03 19:20:43.887 [CRITICAL] (          logging.py:  32)   File "C:\Users\ejvil\miniconda3\envs\nspyre\Lib\site-packages\nspyre\gui\threadsafe.py", line 91, in _handle_error
2025-02-03 19:20:43.887 [CRITICAL] (          logging.py:  32)     raise err
2025-02-03 19:20:43.887 [CRITICAL] (          logging.py:  32)   File "C:\Users\ejvil\miniconda3\envs\nspyre\Lib\site-packages\nspyre\gui\threadsafe.py", line 171, in _run_safe
2025-02-03 19:20:43.887 [CRITICAL] (          logging.py:  32)     result = fun(*args, **kwargs)
2025-02-03 19:20:43.887 [CRITICAL] (          logging.py:  32)              ^^^^^^^^^^^^^^^^^^^^
2025-02-03 19:20:43.887 [CRITICAL] (          logging.py:  32)   File "C:\Users\ejvil\miniconda3\envs\nspyre\Lib\site-packages\nspyre\gui\widgets\flex_line_plot_3.py", line 373, in get_settings
2025-02-03 19:20:43.887 [CRITICAL] (          logging.py:  32)     settings = self.series_settings[name]
2025-02-03 19:20:43.897 [CRITICAL] (          logging.py:  32)                ~~~~~~~~~~~~~~~~~~~~^^^^^^
2025-02-03 19:20:43.897 [CRITICAL] (          logging.py:  32) KeyError: 'with pi pulse +y avg'
2025-02-03 19:20:43.897 [CRITICAL] (          logging.py:  32) Traceback (most recent call last):
2025-02-03 19:20:43.897 [CRITICAL] (          logging.py:  32)   File "C:\Users\ejvil\miniconda3\envs\nspyre\Lib\site-packages\nspyre\gui\threadsafe.py", line 91, in _handle_error
2025-02-03 19:20:43.897 [CRITICAL] (          logging.py:  32)     raise err
2025-02-03 19:20:43.897 [CRITICAL] (          logging.py:  32)   File "C:\Users\ejvil\miniconda3\envs\nspyre\Lib\site-packages\nspyre\gui\threadsafe.py", line 171, in _run_safe
2025-02-03 19:20:43.897 [CRITICAL] (          logging.py:  32)     result = fun(*args, **kwargs)
2025-02-03 19:20:43.897 [CRITICAL] (          logging.py:  32)              ^^^^^^^^^^^^^^^^^^^^
2025-02-03 19:20:43.897 [CRITICAL] (          logging.py:  32)   File "C:\Users\ejvil\miniconda3\envs\nspyre\Lib\site-packages\nspyre\gui\widgets\flex_line_plot_3.py", line 373, in get_settings
2025-02-03 19:20:43.897 [CRITICAL] (          logging.py:  32)     settings = self.series_settings[name]
2025-02-03 19:20:43.897 [CRITICAL] (          logging.py:  32)                ~~~~~~~~~~~~~~~~~~~~^^^^^^
2025-02-03 19:20:43.897 [CRITICAL] (          logging.py:  32) KeyError: 'with pi pulse +y latest'
2025-02-03 19:20:43.897 [CRITICAL] (          logging.py:  32) Traceback (most recent call last):
2025-02-03 19:20:43.897 [CRITICAL] (          logging.py:  32)   File "C:\Users\ejvil\miniconda3\envs\nspyre\Lib\site-packages\nspyre\gui\threadsafe.py", line 91, in _handle_error
2025-02-03 19:20:43.897 [CRITICAL] (          logging.py:  32)     raise err
2025-02-03 19:20:43.897 [CRITICAL] (          logging.py:  32)   File "C:\Users\ejvil\miniconda3\envs\nspyre\Lib\site-packages\nspyre\gui\threadsafe.py", line 171, in _run_safe
2025-02-03 19:20:43.897 [CRITICAL] (          logging.py:  32)     result = fun(*args, **kwargs)
2025-02-03 19:20:43.897 [CRITICAL] (          logging.py:  32)              ^^^^^^^^^^^^^^^^^^^^
2025-02-03 19:20:43.897 [CRITICAL] (          logging.py:  32)   File "C:\Users\ejvil\miniconda3\envs\nspyre\Lib\site-packages\nspyre\gui\widgets\flex_line_plot_3.py", line 373, in get_settings
2025-02-03 19:20:43.897 [CRITICAL] (          logging.py:  32)     settings = self.series_settings[name]
2025-02-03 19:20:43.897 [CRITICAL] (          logging.py:  32)                ~~~~~~~~~~~~~~~~~~~~^^^^^^
2025-02-03 19:20:43.897 [CRITICAL] (          logging.py:  32) KeyError: 'with pi pulse -y avg'
2025-02-03 19:20:43.897 [CRITICAL] (          logging.py:  32) Traceback (most recent call last):
2025-02-03 19:20:43.897 [CRITICAL] (          logging.py:  32)   File "C:\Users\ejvil\miniconda3\envs\nspyre\Lib\site-packages\nspyre\gui\threadsafe.py", line 91, in _handle_error
2025-02-03 19:20:43.897 [CRITICAL] (          logging.py:  32)     raise err
2025-02-03 19:20:43.897 [CRITICAL] (          logging.py:  32)   File "C:\Users\ejvil\miniconda3\envs\nspyre\Lib\site-packages\nspyre\gui\threadsafe.py", line 171, in _run_safe
2025-02-03 19:20:43.897 [CRITICAL] (          logging.py:  32)     result = fun(*args, **kwargs)
2025-02-03 19:20:43.897 [CRITICAL] (          logging.py:  32)              ^^^^^^^^^^^^^^^^^^^^
2025-02-03 19:20:43.897 [CRITICAL] (          logging.py:  32)   File "C:\Users\ejvil\miniconda3\envs\nspyre\Lib\site-packages\nspyre\gui\widgets\flex_line_plot_3.py", line 373, in get_settings
2025-02-03 19:20:43.897 [CRITICAL] (          logging.py:  32)     settings = self.series_settings[name]
2025-02-03 19:20:43.897 [CRITICAL] (          logging.py:  32)                ~~~~~~~~~~~~~~~~~~~~^^^^^^
2025-02-03 19:20:43.897 [CRITICAL] (          logging.py:  32) KeyError: 'with pi pulse -y latest'
2025-02-03 19:20:43.897 [CRITICAL] (          logging.py:  32) Traceback (most recent call last):
2025-02-03 19:20:43.897 [CRITICAL] (          logging.py:  32)   File "C:\Users\ejvil\miniconda3\envs\nspyre\Lib\site-packages\nspyre\gui\threadsafe.py", line 91, in _handle_error
2025-02-03 19:20:43.897 [CRITICAL] (          logging.py:  32)     raise err
2025-02-03 19:20:43.897 [CRITICAL] (          logging.py:  32)   File "C:\Users\ejvil\miniconda3\envs\nspyre\Lib\site-packages\nspyre\gui\threadsafe.py", line 171, in _run_safe
2025-02-03 19:20:43.897 [CRITICAL] (          logging.py:  32)     result = fun(*args, **kwargs)
2025-02-03 19:20:43.897 [CRITICAL] (          logging.py:  32)              ^^^^^^^^^^^^^^^^^^^^
2025-02-03 19:20:43.897 [CRITICAL] (          logging.py:  32)   File "C:\Users\ejvil\miniconda3\envs\nspyre\Lib\site-packages\nspyre\gui\widgets\flex_line_plot_3.py", line 373, in get_settings
2025-02-03 19:20:43.907 [CRITICAL] (          logging.py:  32)     settings = self.series_settings[name]
2025-02-03 19:20:43.907 [CRITICAL] (          logging.py:  32)                ~~~~~~~~~~~~~~~~~~~~^^^^^^
2025-02-03 19:20:43.907 [CRITICAL] (          logging.py:  32) KeyError: 'no pi pulse +y avg'
2025-02-03 19:20:43.907 [CRITICAL] (          logging.py:  32) Traceback (most recent call last):
2025-02-03 19:20:43.907 [CRITICAL] (          logging.py:  32)   File "C:\Users\ejvil\miniconda3\envs\nspyre\Lib\site-packages\nspyre\gui\threadsafe.py", line 91, in _handle_error
2025-02-03 19:20:43.907 [CRITICAL] (          logging.py:  32)     raise err
2025-02-03 19:20:43.907 [CRITICAL] (          logging.py:  32)   File "C:\Users\ejvil\miniconda3\envs\nspyre\Lib\site-packages\nspyre\gui\threadsafe.py", line 171, in _run_safe
2025-02-03 19:20:43.907 [CRITICAL] (          logging.py:  32)     result = fun(*args, **kwargs)
2025-02-03 19:20:43.907 [CRITICAL] (          logging.py:  32)              ^^^^^^^^^^^^^^^^^^^^
2025-02-03 19:20:43.907 [CRITICAL] (          logging.py:  32)   File "C:\Users\ejvil\miniconda3\envs\nspyre\Lib\site-packages\nspyre\gui\widgets\flex_line_plot_3.py", line 373, in get_settings
2025-02-03 19:20:43.907 [CRITICAL] (          logging.py:  32)     settings = self.series_settings[name]
2025-02-03 19:20:43.907 [CRITICAL] (          logging.py:  32)                ~~~~~~~~~~~~~~~~~~~~^^^^^^
2025-02-03 19:20:43.907 [CRITICAL] (          logging.py:  32) KeyError: 'no pi pulse +y latest'
2025-02-03 19:20:43.907 [CRITICAL] (          logging.py:  32) Traceback (most recent call last):
2025-02-03 19:20:43.907 [CRITICAL] (          logging.py:  32)   File "C:\Users\ejvil\miniconda3\envs\nspyre\Lib\site-packages\nspyre\gui\threadsafe.py", line 91, in _handle_error
2025-02-03 19:20:43.907 [CRITICAL] (          logging.py:  32)     raise err
2025-02-03 19:20:43.907 [CRITICAL] (          logging.py:  32)   File "C:\Users\ejvil\miniconda3\envs\nspyre\Lib\site-packages\nspyre\gui\threadsafe.py", line 171, in _run_safe
2025-02-03 19:20:43.907 [CRITICAL] (          logging.py:  32)     result = fun(*args, **kwargs)
2025-02-03 19:20:43.907 [CRITICAL] (          logging.py:  32)              ^^^^^^^^^^^^^^^^^^^^
2025-02-03 19:20:43.907 [CRITICAL] (          logging.py:  32)   File "C:\Users\ejvil\miniconda3\envs\nspyre\Lib\site-packages\nspyre\gui\widgets\flex_line_plot_3.py", line 373, in get_settings
2025-02-03 19:20:43.907 [CRITICAL] (          logging.py:  32)     settings = self.series_settings[name]
2025-02-03 19:20:43.907 [CRITICAL] (          logging.py:  32)                ~~~~~~~~~~~~~~~~~~~~^^^^^^
2025-02-03 19:20:43.907 [CRITICAL] (          logging.py:  32) KeyError: 'no pi pulse -y avg'
2025-02-03 19:20:43.907 [CRITICAL] (          logging.py:  32) Traceback (most recent call last):
2025-02-03 19:20:43.907 [CRITICAL] (          logging.py:  32)   File "C:\Users\ejvil\miniconda3\envs\nspyre\Lib\site-packages\nspyre\gui\threadsafe.py", line 91, in _handle_error
2025-02-03 19:20:43.907 [CRITICAL] (          logging.py:  32)     raise err
2025-02-03 19:20:43.907 [CRITICAL] (          logging.py:  32)   File "C:\Users\ejvil\miniconda3\envs\nspyre\Lib\site-packages\nspyre\gui\threadsafe.py", line 171, in _run_safe
2025-02-03 19:20:43.907 [CRITICAL] (          logging.py:  32)     result = fun(*args, **kwargs)
2025-02-03 19:20:43.907 [CRITICAL] (          logging.py:  32)              ^^^^^^^^^^^^^^^^^^^^
2025-02-03 19:20:43.907 [CRITICAL] (          logging.py:  32)   File "C:\Users\ejvil\miniconda3\envs\nspyre\Lib\site-packages\nspyre\gui\widgets\flex_line_plot_3.py", line 373, in get_settings
2025-02-03 19:20:43.907 [CRITICAL] (          logging.py:  32)     settings = self.series_settings[name]
2025-02-03 19:20:43.907 [CRITICAL] (          logging.py:  32)                ~~~~~~~~~~~~~~~~~~~~^^^^^^
2025-02-03 19:20:43.907 [CRITICAL] (          logging.py:  32) KeyError: 'no pi pulse -y latest'
2025-02-03 19:21:51.774 [    INFO] (          gateway.py: 173) Gateway disconnected from server at localhost:42068
