2025-02-25 11:25:20.883 [    INFO] (          gateway.py: 152) Gateway connected to instrument server at "localhost:42068".
2025-02-25 11:26:24.256 [CRITICAL] (          logging.py:  32) Traceback (most recent call last):
2025-02-25 11:26:24.256 [CRITICAL] (          logging.py:  32)   File "C:\Users\ejvil\nanonmr_m_nspyre\nnmr_nspyre\src\experiments\gui_experiments_current.py", line 1616, in run
2025-02-25 11:26:24.266 [CRITICAL] (          logging.py:  32)     raise ValueError(f"{self.experiments.currentText()} scan couldn't start because no data acquisition mode selected. Choose either 'Digitizer' or 'NI DAQ'.") 
2025-02-25 11:26:24.268 [CRITICAL] (          logging.py:  32)     ^^^^^^^^^^^^^^^^^^^^^^^^^^^^^^^^^^^^^^^^^^^^^^^^^^^^^^^^^^^^^^^^^^^^^^^^^^^^^^^^^^^^^^^^^^^^^^^^^^^^^^^^^^^^^^^^^^^^^^^^^^^^^^^^^^^^^^^^^^^^^^^^^^^^^^^^^^^
2025-02-25 11:26:24.268 [CRITICAL] (          logging.py:  32) ValueError: Rabi scan couldn't start because no data acquisition mode selected. Choose either 'Digitizer' or 'NI DAQ'.
2025-02-25 11:26:29.517 [    INFO] (             misc.py: 208) Running process function [<function run_experiment at 0x000001B024D78FE0>] with args: [()] kwargs: [{'exp_cls': <class 'nv_experiments_all.SpinMeasurements'>, 'fun_name': 'rabi_scan', 'constructor_args': [], 'constructor_kwargs': {}, 'queue_to_exp': <multiprocessing.queues.Queue object at 0x000001B02B7F7850>, 'queue_from_exp': <multiprocessing.queues.Queue object at 0x000001B02B80F590>, 'fun_args': [], 'fun_kwargs': {'runs': 120, 'iters': 10, 'start': 0.0, 'stop': 5e-07, 'num_pts': 50, 'freq': 2870000000.0, 'rf_power': 1e-09, 'pulse_axis': 'y', 'laser_power': 0, 'laser_init': 3e-05, 'laser_readout': 2.5e-06, 'sideband_freq': 30000000.0, 'sideband_power': 0.45, 'sideband': 'Lower', 'i_offset': -0.002, 'q_offset': -0.004, 'detector': 'APD', 'segment_size': 1024, 'dig_sampling_freq': 500000000.0, 'dig_amplitude': 1.0, 'read_channel': '0', 'dig_coupling': 'DC', 'dig_termination': '1M', 'pretrig_size': 32, 'dig_timeout': 5.0, 'save': False, 'dataset': 'rabi', 'filename': '', 'directory': '', 'seq': 'Rabi', 'fit': False, 'fit_live': False, 'fit_params': [0.02, 0.001, 200.0, 0.0, 1.0]}}].
2025-02-25 11:26:51.858 [    INFO] (gui_experiments_current.py:1552) Not starting the experiment process because it is still running.
2025-02-25 11:26:55.613 [    INFO] (             misc.py: 221) Killing process.
2025-02-25 11:26:55.635 [    INFO] (gui_experiments_current.py:1649) Processed killed.
2025-02-25 11:27:00.044 [    INFO] (             misc.py: 208) Running process function [<function run_experiment at 0x000001B024D78FE0>] with args: [()] kwargs: [{'exp_cls': <class 'nv_experiments_all.SpinMeasurements'>, 'fun_name': 'rabi_scan', 'constructor_args': [], 'constructor_kwargs': {}, 'queue_to_exp': <multiprocessing.queues.Queue object at 0x000001B02B7F7850>, 'queue_from_exp': <multiprocessing.queues.Queue object at 0x000001B02B80F590>, 'fun_args': [], 'fun_kwargs': {'runs': 120, 'iters': 10, 'start': 0.0, 'stop': 5e-07, 'num_pts': 50, 'freq': 2870000000.0, 'rf_power': 1e-09, 'pulse_axis': 'y', 'laser_power': 0, 'laser_init': 3e-05, 'laser_readout': 2.5e-06, 'sideband_freq': 30000000.0, 'sideband_power': 0.45, 'sideband': 'Lower', 'i_offset': -0.002, 'q_offset': -0.004, 'detector': 'APD', 'segment_size': 1024, 'dig_sampling_freq': 500000000.0, 'dig_amplitude': 1.0, 'read_channel': '0', 'dig_coupling': 'DC', 'dig_termination': '1M', 'pretrig_size': 32, 'dig_timeout': 5.0, 'save': False, 'dataset': 'rabi', 'filename': '', 'directory': '', 'seq': 'Rabi', 'fit': False, 'fit_live': False, 'fit_params': [0.02, 0.001, 200.0, 0.0, 1.0]}}].
2025-02-25 11:27:07.869 [    INFO] (             misc.py: 221) Killing process.
2025-02-25 11:27:07.879 [    INFO] (gui_experiments_current.py:1649) Processed killed.
2025-02-25 11:29:57.338 [CRITICAL] (          logging.py:  32) Traceback (most recent call last):
2025-02-25 11:29:57.338 [CRITICAL] (          logging.py:  32)   File "C:\Users\ejvil\nanonmr_m_nspyre\nnmr_nspyre\src\experiments\gui_experiments_current.py", line 1565, in run
2025-02-25 11:29:57.348 [CRITICAL] (          logging.py:  32)     self.extra_kwarg_params['dataset'] = self.exp_dict[self.experiments.currentText()][3]
2025-02-25 11:29:57.348 [CRITICAL] (          logging.py:  32)                                          ~~~~~~~~~~~~~^^^^^^^^^^^^^^^^^^^^^^^^^^^^^^^^
2025-02-25 11:29:57.348 [CRITICAL] (          logging.py:  32) KeyError: 'Select an experiment from dropdown menu'
2025-02-25 11:31:59.595 [CRITICAL] (          logging.py:  32) Traceback (most recent call last):
2025-02-25 11:31:59.595 [CRITICAL] (          logging.py:  32)   File "C:\Users\ejvil\miniconda3\envs\nspyre\Lib\site-packages\nspyre\gui\widgets\params.py", line 196, in __getattr__
2025-02-25 11:31:59.595 [CRITICAL] (          logging.py:  32)     fun = self.get_param_value_funs[type(widget)]
2025-02-25 11:31:59.595 [CRITICAL] (          logging.py:  32)           ~~~~~~~~~~~~~~~~~~~~~~~~~^^^^^^^^^^^^^^
2025-02-25 11:31:59.595 [CRITICAL] (          logging.py:  32) KeyError: <class 'pyqtgraph.widgets.ComboBox.ComboBox'>
2025-02-25 11:31:59.595 [CRITICAL] (          logging.py:  32) 
2025-02-25 11:31:59.595 [CRITICAL] (          logging.py:  32) The above exception was the direct cause of the following exception:
2025-02-25 11:31:59.595 [CRITICAL] (          logging.py:  32) 
2025-02-25 11:31:59.595 [CRITICAL] (          logging.py:  32) Traceback (most recent call last):
2025-02-25 11:31:59.595 [CRITICAL] (          logging.py:  32)   File "C:\Users\ejvil\nanonmr_m_nspyre\nnmr_nspyre\src\experiments\gui_experiments_current.py", line 1580, in run
2025-02-25 11:31:59.599 [CRITICAL] (          logging.py:  32)     **self.laser_params_widget.all_params(), **self.dig_params_widget.all_params(), **self.extra_kwarg_params)
2025-02-25 11:31:59.599 [CRITICAL] (          logging.py:  32)       ^^^^^^^^^^^^^^^^^^^^^^^^^^^^^^^^^^^^^
2025-02-25 11:31:59.599 [CRITICAL] (          logging.py:  32)   File "C:\Users\ejvil\miniconda3\envs\nspyre\Lib\site-packages\nspyre\gui\widgets\params.py", line 188, in all_params
2025-02-25 11:31:59.599 [CRITICAL] (          logging.py:  32)     all_params[p] = getattr(self, p)
2025-02-25 11:31:59.599 [CRITICAL] (          logging.py:  32)                     ^^^^^^^^^^^^^^^^
2025-02-25 11:31:59.599 [CRITICAL] (          logging.py:  32)   File "C:\Users\ejvil\miniconda3\envs\nspyre\Lib\site-packages\nspyre\gui\widgets\params.py", line 198, in __getattr__
2025-02-25 11:31:59.599 [CRITICAL] (          logging.py:  32)     raise ValueError(
2025-02-25 11:31:59.599 [CRITICAL] (          logging.py:  32) ValueError: Parameter [sideband] has no function for retrieving its value from the GUI. This should be set using the "get_param_value_funs" in the ParamsWidget constructor.
2025-02-25 11:40:53.353 [    INFO] (             misc.py: 208) Running process function [<function run_experiment at 0x000001B024D78FE0>] with args: [()] kwargs: [{'exp_cls': <class 'nv_experiments_all.SpinMeasurements'>, 'fun_name': 'rabi_scan', 'constructor_args': [], 'constructor_kwargs': {}, 'queue_to_exp': <multiprocessing.queues.Queue object at 0x000001B02DD82490>, 'queue_from_exp': <multiprocessing.queues.Queue object at 0x000001B02DD829D0>, 'fun_args': [], 'fun_kwargs': {'runs': 120, 'iters': 10, 'start': 0.0, 'stop': 5e-07, 'num_pts': 50, 'freq': 2870000000.0, 'rf_power': 1e-09, 'pulse_axis': 'y', 'laser_power': 0, 'laser_init': 3e-05, 'laser_readout': 2.5e-06, 'sideband_freq': 30000000.0, 'sideband_power': 0.45, 'sideband': 'Lower', 'i_offset': -0.002, 'q_offset': -0.004, 'detector': 'APD', 'segment_size': 1024, 'dig_sampling_freq': 500000000.0, 'dig_amplitude': 1.0, 'read_channel': '0', 'dig_coupling': 'DC', 'dig_termination': '1M', 'pretrig_size': 32, 'dig_timeout': 5.0, 'save': False, 'dataset': 'rabi', 'filename': '', 'directory': '', 'seq': 'Rabi', 'fit': False, 'fit_live': False, 'fit_params': [0.02, 0.001, 200.0, 0.0, 1.0]}}].
2025-02-25 11:41:05.509 [    INFO] (             misc.py: 221) Killing process.
2025-02-25 11:41:05.523 [    INFO] (gui_experiments_current.py:1654) Processed killed.
2025-02-25 11:41:11.758 [    INFO] (          gateway.py: 173) Gateway disconnected from server at localhost:42068
