2025-02-03 17:27:52.593 [    INFO] (          gateway.py: 152) Gateway connected to instrument server at "localhost:42068".
2025-02-03 17:28:07.476 [    INFO] (             misc.py: 208) Running process function [<bound method NanoNMRMagnetMotion.disable_all of <nnmr_magnet_motion.NanoNMRMagnetMotion object at 0x0000017DCA08EF90>>] with args: [()] kwargs: [{}].
2025-02-03 17:28:07.493 [    INFO] (gui_all_instruments_current.py: 652) All magnet stages have been parked upon startup of magnet alignment widget.
2025-02-03 17:28:12.445 [    INFO] (             misc.py: 208) Running process function [<bound method NanoNMRMagnetMotion.enable_all of <nnmr_magnet_motion.NanoNMRMagnetMotion object at 0x0000017DCE4734D0>>] with args: [()] kwargs: [{}].
2025-02-03 17:28:16.817 [    INFO] (             misc.py: 208) Running process function [<bound method NanoNMRMagnetMotion.move_to_orientation of <nnmr_magnet_motion.NanoNMRMagnetMotion object at 0x0000017DCE473410>>] with args: [()] kwargs: [{'stage': 'thor_azi', 'new_angle': 3.0, 'queue': <multiprocessing.queues.Queue object at 0x0000017DCE548D90>, 'abs': True}].
2025-02-03 17:28:27.858 [    INFO] (             misc.py: 208) Running process function [<bound method NanoNMRMagnetMotion.move_to_orientation of <nnmr_magnet_motion.NanoNMRMagnetMotion object at 0x0000017DCE54AF10>>] with args: [()] kwargs: [{'stage': 'thor_azi', 'new_angle': 51.0, 'queue': <multiprocessing.queues.Queue object at 0x0000017DCE548D90>, 'abs': True}].
2025-02-03 17:28:46.978 [    INFO] (             misc.py: 208) Running process function [<bound method NanoNMRMagnetMotion.move_to_orientation of <nnmr_magnet_motion.NanoNMRMagnetMotion object at 0x0000017DCE54B150>>] with args: [()] kwargs: [{'stage': 'thor_azi', 'new_angle': 53.0, 'queue': <multiprocessing.queues.Queue object at 0x0000017DCE548D90>, 'abs': True}].
2025-02-03 17:28:56.256 [    INFO] (             misc.py: 208) Running process function [<bound method NanoNMRMagnetMotion.move_to_orientation of <nnmr_magnet_motion.NanoNMRMagnetMotion object at 0x0000017DCE54B210>>] with args: [()] kwargs: [{'stage': 'thor_polar', 'new_angle': 36.0, 'queue': <multiprocessing.queues.Queue object at 0x0000017DCE548D90>, 'abs': True}].
2025-02-03 17:29:13.077 [    INFO] (             misc.py: 208) Running process function [<bound method NanoNMRMagnetMotion.move_to_orientation of <nnmr_magnet_motion.NanoNMRMagnetMotion object at 0x0000017DCE4735D0>>] with args: [()] kwargs: [{'stage': 'zaber', 'new_pos': 52.58, 'queue': <multiprocessing.queues.Queue object at 0x0000017DCE548D90>, 'abs': True}].
2025-02-03 17:29:24.843 [    INFO] (          gateway.py: 152) Gateway connected to instrument server at "localhost:42068".
2025-02-03 17:29:26.405 [    INFO] (          gateway.py: 173) Gateway disconnected from server at localhost:42068
2025-02-03 17:29:38.170 [    INFO] (          gateway.py: 152) Gateway connected to instrument server at "localhost:42068".
2025-02-03 17:29:38.404 [    INFO] (          gateway.py: 173) Gateway disconnected from server at localhost:42068
2025-02-03 17:29:38.414 [    INFO] (          gateway.py: 152) Gateway connected to instrument server at "localhost:42068".
2025-02-03 17:29:38.670 [    INFO] (          gateway.py: 173) Gateway disconnected from server at localhost:42068
2025-02-03 17:29:42.017 [    INFO] (          gateway.py: 152) Gateway connected to instrument server at "localhost:42068".
2025-02-03 17:29:42.240 [    INFO] (          gateway.py: 173) Gateway disconnected from server at localhost:42068
2025-02-03 17:29:42.250 [    INFO] (          gateway.py: 152) Gateway connected to instrument server at "localhost:42068".
2025-02-03 17:29:42.373 [    INFO] (          gateway.py: 173) Gateway disconnected from server at localhost:42068
2025-02-03 17:29:46.333 [    INFO] (          gateway.py: 152) Gateway connected to instrument server at "localhost:42068".
2025-02-03 17:29:46.466 [    INFO] (          gateway.py: 173) Gateway disconnected from server at localhost:42068
2025-02-03 17:29:46.486 [    INFO] (          gateway.py: 152) Gateway connected to instrument server at "localhost:42068".
2025-02-03 17:29:46.732 [    INFO] (          gateway.py: 173) Gateway disconnected from server at localhost:42068
2025-02-03 17:30:49.704 [    INFO] (             misc.py: 208) Running process function [<function run_experiment at 0x0000017DC6778FE0>] with args: [()] kwargs: [{'exp_cls': <class 'nv_experiments_current.SpinMeasurements'>, 'fun_name': 'odmr_scan', 'constructor_args': [], 'constructor_kwargs': {}, 'queue_to_exp': <multiprocessing.queues.Queue object at 0x0000017DCE3A2E50>, 'queue_from_exp': <multiprocessing.queues.Queue object at 0x0000017DCE3D60D0>, 'fun_args': [], 'fun_kwargs': {'runs': 12, 'iters': 100, 'num_pts': 30, 'center_freq': 2310000000.0, 'half_span_sideband_freq': 30000000.0, 'rf_power': 0.0001, 'probe': 2.5e-05, 'laser_power': 110, 'sideband_freq': 30000000.0, 'sideband_power': 0.15, 'sideband': 'Lower', 'i_offset': -0.002, 'q_offset': -0.004, 'detector': 'APD', 'segment_size': 512, 'dig_sampling_freq': 500000000.0, 'dig_amplitude': 5.0, 'read_channel': '0', 'dig_coupling': 'DC', 'dig_termination': '1M', 'pretrig_size': 32, 'dig_timeout': 5.0, 'save': False, 'dataset': 'odmr', 'filename': '', 'directory': '', 'seq': 'CW ODMR', 'fit': True, 'fit_live': True, 'fit_params': [0.01, 2.31, 0.006, 1.0]}}].
2025-02-03 17:31:00.107 [    INFO] (             sink.py: 137) Sink connected to data server [('127.0.0.1', 30101)].
2025-02-03 17:40:41.953 [CRITICAL] (          logging.py:  32) Traceback (most recent call last):
2025-02-03 17:40:41.953 [CRITICAL] (          logging.py:  32)   File "C:\Users\ejvil\miniconda3\envs\nspyre\Lib\site-packages\pyqtgraph\dockarea\DockArea.py", line 379, in closeEvent
2025-02-03 17:40:41.965 [CRITICAL] (          logging.py:  32)     dock.orig_area.addDock(dock, )
2025-02-03 17:40:41.965 [CRITICAL] (          logging.py:  32)   File "C:\Users\ejvil\miniconda3\envs\nspyre\Lib\site-packages\pyqtgraph\dockarea\DockArea.py", line 90, in addDock
2025-02-03 17:40:41.974 [CRITICAL] (          logging.py:  32)     container = self.addContainer(neededContainer, self.topContainer)
2025-02-03 17:40:41.974 [CRITICAL] (          logging.py:  32)                 ^^^^^^^^^^^^^^^^^^^^^^^^^^^^^^^^^^^^^^^^^^^^^^^^^^^^^
2025-02-03 17:40:41.974 [CRITICAL] (          logging.py:  32)   File "C:\Users\ejvil\miniconda3\envs\nspyre\Lib\site-packages\pyqtgraph\dockarea\DockArea.py", line 142, in addContainer
2025-02-03 17:40:41.974 [CRITICAL] (          logging.py:  32)     container.insert(new, 'before', obj)
2025-02-03 17:40:41.974 [CRITICAL] (          logging.py:  32)   File "C:\Users\ejvil\miniconda3\envs\nspyre\Lib\site-packages\pyqtgraph\dockarea\DockArea.py", line 154, in insert
2025-02-03 17:40:41.974 [CRITICAL] (          logging.py:  32)     self.layout.addWidget(new)
2025-02-03 17:40:41.974 [CRITICAL] (          logging.py:  32) RuntimeError: wrapped C/C++ object of type QVBoxLayout has been deleted
2025-02-03 17:40:42.025 [    INFO] (          gateway.py: 173) Gateway disconnected from server at localhost:42068
