2025-03-07 15:13:49.874 [    INFO] (          gateway.py: 152) Gateway connected to instrument server at "localhost:42068".
2025-03-07 15:13:53.621 [    INFO] (             misc.py: 208) Running process function [<bound method NanoNMRMagnetMotion.disable_all of <nnmr_magnet_motion.NanoNMRMagnetMotion object at 0x0000021D43182110>>] with args: [()] kwargs: [{}].
2025-03-07 15:13:53.624 [    INFO] (gui_all_instruments_current.py: 652) All magnet stages have been parked upon startup of magnet alignment widget.
2025-03-07 15:13:55.904 [    INFO] (             misc.py: 203) Previous function is still running. Killing it...
2025-03-07 15:13:55.904 [    INFO] (             misc.py: 221) Killing process.
2025-03-07 15:13:55.924 [    INFO] (             misc.py: 208) Running process function [<bound method NanoNMRMagnetMotion.enable_all of <nnmr_magnet_motion.NanoNMRMagnetMotion object at 0x0000021D462E3E90>>] with args: [()] kwargs: [{}].
2025-03-07 15:14:05.689 [    INFO] (             misc.py: 208) Running process function [<bound method NanoNMRMagnetMotion.move_to_orientation of <nnmr_magnet_motion.NanoNMRMagnetMotion object at 0x0000021D462E3F10>>] with args: [()] kwargs: [{'stage': 'thor_azi', 'new_angle': 100.0, 'queue': <multiprocessing.queues.Queue object at 0x0000021D462A7450>, 'abs': True}].
2025-03-07 15:14:16.460 [    INFO] (             misc.py: 208) Running process function [<bound method NanoNMRMagnetMotion.move_to_orientation of <nnmr_magnet_motion.NanoNMRMagnetMotion object at 0x0000021D462E0490>>] with args: [()] kwargs: [{'stage': 'thor_azi', 'new_angle': 51.0, 'queue': <multiprocessing.queues.Queue object at 0x0000021D462A7450>, 'abs': True}].
2025-03-07 15:14:34.704 [    INFO] (             misc.py: 208) Running process function [<bound method NanoNMRMagnetMotion.move_to_orientation of <nnmr_magnet_motion.NanoNMRMagnetMotion object at 0x0000021D462E07D0>>] with args: [()] kwargs: [{'stage': 'thor_azi', 'new_angle': 53.0, 'queue': <multiprocessing.queues.Queue object at 0x0000021D462A7450>, 'abs': True}].
2025-03-07 15:14:45.862 [    INFO] (             misc.py: 208) Running process function [<bound method NanoNMRMagnetMotion.move_to_orientation of <nnmr_magnet_motion.NanoNMRMagnetMotion object at 0x0000021D462E3F10>>] with args: [()] kwargs: [{'stage': 'thor_azi', 'new_angle': 54.0, 'queue': <multiprocessing.queues.Queue object at 0x0000021D462A7450>, 'abs': True}].
2025-03-07 15:15:00.269 [    INFO] (             misc.py: 208) Running process function [<bound method NanoNMRMagnetMotion.move_to_orientation of <nnmr_magnet_motion.NanoNMRMagnetMotion object at 0x0000021D48721190>>] with args: [()] kwargs: [{'stage': 'thor_polar', 'new_angle': 36.0, 'queue': <multiprocessing.queues.Queue object at 0x0000021D462A7450>, 'abs': True}].
2025-03-07 15:15:11.774 [    INFO] (             misc.py: 208) Running process function [<bound method NanoNMRMagnetMotion.move_to_orientation of <nnmr_magnet_motion.NanoNMRMagnetMotion object at 0x0000021D462E0490>>] with args: [()] kwargs: [{'stage': 'zaber', 'new_pos': 53.0, 'queue': <multiprocessing.queues.Queue object at 0x0000021D462A7450>, 'abs': True}].
2025-03-07 15:15:23.003 [    INFO] (             misc.py: 208) Running process function [<bound method NanoNMRMagnetMotion.move_to_orientation of <nnmr_magnet_motion.NanoNMRMagnetMotion object at 0x0000021D462E07D0>>] with args: [()] kwargs: [{'stage': 'zaber', 'new_pos': 52.7, 'queue': <multiprocessing.queues.Queue object at 0x0000021D462A7450>, 'abs': True}].
2025-03-07 15:15:35.176 [    INFO] (             misc.py: 208) Running process function [<function run_experiment at 0x0000021D3F858FE0>] with args: [()] kwargs: [{'exp_cls': <class 'nv_experiments_all.SpinMeasurements'>, 'fun_name': 'sigvstime_scan', 'constructor_args': [], 'constructor_kwargs': {}, 'queue_to_exp': <multiprocessing.queues.Queue object at 0x0000021D4875A490>, 'queue_from_exp': <multiprocessing.queues.Queue object at 0x0000021D4875A8D0>, 'fun_args': [], 'fun_kwargs': {'exp_sampling_rate': 1000.0, 'sigvstime_detector': 'APD', 'sampling_rate_0': 1000.0, 'sigvstime_detector_0': 'APD', 'laser_power': 0, 'laser_init': 3e-05, 'laser_readout': 2.5e-06, 'sideband_freq': 30000000.0, 'sideband_power': 0.45, 'sideband': 'Lower', 'i_offset': -0.002, 'q_offset': -0.004, 'detector': 'APD', 'segment_size': 1024, 'dig_sampling_freq': 500000000.0, 'dig_amplitude': 1.0, 'read_channel': '0', 'dig_coupling': 'DC', 'dig_termination': '1M', 'pretrig_size': 32, 'dig_timeout': 5.0, 'save': False, 'dataset': 'sigvstime', 'filename': '', 'directory': '', 'seq': 'Signal vs Time', 'fit': False, 'fit_live': False, 'fit_params': [0.0]}}].
2025-03-07 15:15:44.670 [    INFO] (             sink.py: 137) Sink connected to data server [('127.0.0.1', 30101)].
2025-03-07 15:15:50.265 [    INFO] (          gateway.py: 152) Gateway connected to instrument server at "localhost:42068".
2025-03-07 15:15:50.269 [    INFO] (          gateway.py: 173) Gateway disconnected from server at localhost:42068
2025-03-07 15:15:50.285 [    INFO] (          gateway.py: 152) Gateway connected to instrument server at "localhost:42068".
2025-03-07 15:15:50.289 [    INFO] (          gateway.py: 173) Gateway disconnected from server at localhost:42068
2025-03-07 15:15:50.306 [    INFO] (          gateway.py: 152) Gateway connected to instrument server at "localhost:42068".
2025-03-07 15:15:50.306 [    INFO] (          gateway.py: 173) Gateway disconnected from server at localhost:42068
2025-03-07 15:15:50.316 [    INFO] (          gateway.py: 152) Gateway connected to instrument server at "localhost:42068".
2025-03-07 15:15:50.316 [    INFO] (          gateway.py: 173) Gateway disconnected from server at localhost:42068
2025-03-07 15:15:50.316 [    INFO] (          gateway.py: 152) Gateway connected to instrument server at "localhost:42068".
2025-03-07 15:15:50.316 [    INFO] (          gateway.py: 173) Gateway disconnected from server at localhost:42068
2025-03-07 15:15:50.337 [    INFO] (          gateway.py: 152) Gateway connected to instrument server at "localhost:42068".
2025-03-07 15:15:50.337 [    INFO] (          gateway.py: 173) Gateway disconnected from server at localhost:42068
2025-03-07 15:15:50.347 [    INFO] (          gateway.py: 152) Gateway connected to instrument server at "localhost:42068".
2025-03-07 15:15:50.347 [    INFO] (          gateway.py: 173) Gateway disconnected from server at localhost:42068
2025-03-07 15:15:50.357 [    INFO] (          gateway.py: 152) Gateway connected to instrument server at "localhost:42068".
2025-03-07 15:15:50.357 [    INFO] (          gateway.py: 173) Gateway disconnected from server at localhost:42068
2025-03-07 15:15:50.367 [    INFO] (          gateway.py: 152) Gateway connected to instrument server at "localhost:42068".
2025-03-07 15:15:50.367 [    INFO] (          gateway.py: 173) Gateway disconnected from server at localhost:42068
2025-03-07 15:15:50.387 [    INFO] (          gateway.py: 152) Gateway connected to instrument server at "localhost:42068".
2025-03-07 15:15:50.389 [    INFO] (          gateway.py: 173) Gateway disconnected from server at localhost:42068
2025-03-07 15:15:50.408 [    INFO] (          gateway.py: 152) Gateway connected to instrument server at "localhost:42068".
2025-03-07 15:15:50.412 [    INFO] (          gateway.py: 173) Gateway disconnected from server at localhost:42068
2025-03-07 15:15:50.428 [    INFO] (          gateway.py: 152) Gateway connected to instrument server at "localhost:42068".
2025-03-07 15:15:50.428 [    INFO] (          gateway.py: 173) Gateway disconnected from server at localhost:42068
2025-03-07 15:15:50.438 [    INFO] (          gateway.py: 152) Gateway connected to instrument server at "localhost:42068".
2025-03-07 15:15:50.438 [    INFO] (          gateway.py: 173) Gateway disconnected from server at localhost:42068
2025-03-07 15:15:50.449 [    INFO] (          gateway.py: 152) Gateway connected to instrument server at "localhost:42068".
2025-03-07 15:15:50.449 [    INFO] (          gateway.py: 173) Gateway disconnected from server at localhost:42068
2025-03-07 15:15:50.459 [    INFO] (          gateway.py: 152) Gateway connected to instrument server at "localhost:42068".
2025-03-07 15:15:50.459 [    INFO] (          gateway.py: 173) Gateway disconnected from server at localhost:42068
2025-03-07 15:15:50.469 [    INFO] (          gateway.py: 152) Gateway connected to instrument server at "localhost:42068".
2025-03-07 15:15:50.469 [    INFO] (          gateway.py: 173) Gateway disconnected from server at localhost:42068
2025-03-07 15:15:50.480 [    INFO] (          gateway.py: 152) Gateway connected to instrument server at "localhost:42068".
2025-03-07 15:15:50.480 [    INFO] (          gateway.py: 173) Gateway disconnected from server at localhost:42068
2025-03-07 15:15:50.500 [    INFO] (          gateway.py: 152) Gateway connected to instrument server at "localhost:42068".
2025-03-07 15:15:50.500 [    INFO] (          gateway.py: 173) Gateway disconnected from server at localhost:42068
2025-03-07 15:15:50.510 [    INFO] (          gateway.py: 152) Gateway connected to instrument server at "localhost:42068".
2025-03-07 15:15:50.510 [    INFO] (          gateway.py: 173) Gateway disconnected from server at localhost:42068
2025-03-07 15:15:50.520 [    INFO] (          gateway.py: 152) Gateway connected to instrument server at "localhost:42068".
2025-03-07 15:15:50.520 [    INFO] (          gateway.py: 173) Gateway disconnected from server at localhost:42068
2025-03-07 15:15:50.541 [    INFO] (          gateway.py: 152) Gateway connected to instrument server at "localhost:42068".
2025-03-07 15:15:50.541 [    INFO] (          gateway.py: 173) Gateway disconnected from server at localhost:42068
2025-03-07 15:15:53.371 [    INFO] (          gateway.py: 152) Gateway connected to instrument server at "localhost:42068".
2025-03-07 15:15:53.392 [    INFO] (          gateway.py: 173) Gateway disconnected from server at localhost:42068
2025-03-07 15:15:53.412 [    INFO] (          gateway.py: 152) Gateway connected to instrument server at "localhost:42068".
2025-03-07 15:15:53.432 [    INFO] (          gateway.py: 173) Gateway disconnected from server at localhost:42068
2025-03-07 15:18:48.918 [    INFO] (          gateway.py: 152) Gateway connected to instrument server at "localhost:42068".
2025-03-07 15:18:48.928 [    INFO] (          gateway.py: 173) Gateway disconnected from server at localhost:42068
2025-03-07 15:18:48.948 [    INFO] (          gateway.py: 152) Gateway connected to instrument server at "localhost:42068".
2025-03-07 15:18:48.959 [    INFO] (          gateway.py: 173) Gateway disconnected from server at localhost:42068
2025-03-07 15:19:24.945 [    INFO] (             misc.py: 208) Running process function [<function run_experiment at 0x0000021D3F858FE0>] with args: [()] kwargs: [{'exp_cls': <class 'nv_experiments_all.SpinMeasurements'>, 'fun_name': 'odmr_scan', 'constructor_args': [], 'constructor_kwargs': {}, 'queue_to_exp': <multiprocessing.queues.Queue object at 0x0000021D4875A490>, 'queue_from_exp': <multiprocessing.queues.Queue object at 0x0000021D4875A8D0>, 'fun_args': [], 'fun_kwargs': {'runs': 120, 'iters': 10, 'num_pts': 50, 'center_freq': 2000000000.0, 'half_span_sideband_freq': 20000000.0, 'rf_power': 0.0001, 'probe': 2.5e-05, 'laser_power': 110, 'laser_init': 3e-05, 'laser_readout': 2.5e-06, 'sideband_freq': 30000000.0, 'sideband_power': 0.15, 'sideband': 'Lower', 'i_offset': -0.002, 'q_offset': -0.004, 'detector': 'APD', 'segment_size': 1024, 'dig_sampling_freq': 500000000.0, 'dig_amplitude': 1.0, 'read_channel': '0', 'dig_coupling': 'DC', 'dig_termination': '1M', 'pretrig_size': 32, 'dig_timeout': 5.0, 'save': False, 'dataset': 'odmr', 'filename': '', 'directory': '', 'seq': 'CW ODMR', 'fit': False, 'fit_live': False, 'fit_params': [0.01, 2.0, 0.006, 1.0]}}].
2025-03-07 15:19:33.251 [    INFO] (             sink.py: 137) Sink connected to data server [('127.0.0.1', 30101)].
2025-03-07 15:20:35.372 [    INFO] (             misc.py: 208) Running process function [<function run_experiment at 0x0000021D3F858FE0>] with args: [()] kwargs: [{'exp_cls': <class 'nv_experiments_all.SpinMeasurements'>, 'fun_name': 'rabi_scan', 'constructor_args': [], 'constructor_kwargs': {}, 'queue_to_exp': <multiprocessing.queues.Queue object at 0x0000021D4875A490>, 'queue_from_exp': <multiprocessing.queues.Queue object at 0x0000021D4875A8D0>, 'fun_args': [], 'fun_kwargs': {'runs': 120, 'iters': 10, 'start': 0.0, 'stop': 2e-07, 'num_pts': 50, 'freq': 2000000000.0, 'rf_power': 0.0005, 'pulse_axis': 'y', 'laser_power': 110, 'laser_init': 3e-05, 'laser_readout': 2.5e-06, 'sideband_freq': 30000000.0, 'sideband_power': 0.45, 'sideband': 'Lower', 'i_offset': -0.002, 'q_offset': -0.004, 'detector': 'APD', 'segment_size': 1024, 'dig_sampling_freq': 500000000.0, 'dig_amplitude': 1.0, 'read_channel': '0', 'dig_coupling': 'DC', 'dig_termination': '1M', 'pretrig_size': 32, 'dig_timeout': 5.0, 'save': False, 'dataset': 'rabi', 'filename': '', 'directory': '', 'seq': 'Rabi', 'fit': False, 'fit_live': False, 'fit_params': [0.02, 0.001, 200.0, 0.0, 1.0]}}].
2025-03-07 15:20:44.532 [    INFO] (             sink.py: 137) Sink connected to data server [('127.0.0.1', 30101)].
2025-03-07 15:25:39.585 [    INFO] (             misc.py: 208) Running process function [<bound method NanoNMRMagnetMotion.standby_all of <nnmr_magnet_motion.NanoNMRMagnetMotion object at 0x0000021D49661FD0>>] with args: [()] kwargs: [{'queue': <multiprocessing.queues.Queue object at 0x0000021D462A7450>}].
2025-03-07 15:47:49.715 [    INFO] (          gateway.py: 173) Gateway disconnected from server at localhost:42068
