2025-02-25 11:45:32.223 [    INFO] (          gateway.py: 152) Gateway connected to instrument server at "localhost:42068".
2025-02-25 11:46:00.720 [    INFO] (             misc.py: 208) Running process function [<bound method NanoNMRMagnetMotion.disable_all of <nnmr_magnet_motion.NanoNMRMagnetMotion object at 0x000001FF56331C90>>] with args: [()] kwargs: [{}].
2025-02-25 11:46:00.723 [    INFO] (gui_all_instruments_current.py: 652) All magnet stages have been parked upon startup of magnet alignment widget.
2025-02-25 14:47:59.613 [    INFO] (             misc.py: 208) Running process function [<function run_experiment at 0x000001FF52A54FE0>] with args: [()] kwargs: [{'exp_cls': <class 'nv_experiments_all.SpinMeasurements'>, 'fun_name': 'CASR_scan', 'constructor_args': [], 'constructor_kwargs': {}, 'queue_to_exp': <multiprocessing.queues.Queue object at 0x000001FF5947B9D0>, 'queue_from_exp': <multiprocessing.queues.Queue object at 0x000001FF59493710>, 'fun_args': [], 'fun_kwargs': {'runs': 120, 'iters': 1000, 'num_pts': 5000, 'central_freq': 1333300.0, 'freq': 1996000000.0, 'rf_power': 0.0006, 'pi': 4.2e-08, 'rf_pulse_freq': 1325000.0, 'rf_pulse_power': 0.1, 'rf_pi_half': 1e-06, 'rf_pulse_phase': 0, 'n': 1, 'laser_power': 110, 'laser_init': 3e-05, 'laser_readout': 2.5e-06, 'sideband_freq': 30000000.0, 'sideband_power': 0.45, 'sideband': 'Lower', 'i_offset': -0.002, 'q_offset': -0.004, 'detector': 'APD', 'segment_size': 1024, 'dig_sampling_freq': 500000000.0, 'dig_amplitude': 1.0, 'read_channel': '0', 'dig_coupling': 'DC', 'dig_termination': '1M', 'pretrig_size': 32, 'dig_timeout': 5.0, 'save': False, 'dataset': 'casr', 'filename': '', 'directory': '', 'seq': 'NMR: CASR', 'fit': False, 'fit_live': False, 'fit_params': [0.0]}}].
2025-02-25 14:48:16.280 [    INFO] (             misc.py: 208) Running process function [<function run_experiment at 0x000001FF52A54FE0>] with args: [()] kwargs: [{'exp_cls': <class 'nv_experiments_all.SpinMeasurements'>, 'fun_name': 'CASR_scan', 'constructor_args': [], 'constructor_kwargs': {}, 'queue_to_exp': <multiprocessing.queues.Queue object at 0x000001FF5947B9D0>, 'queue_from_exp': <multiprocessing.queues.Queue object at 0x000001FF59493710>, 'fun_args': [], 'fun_kwargs': {'runs': 1, 'iters': 1000, 'num_pts': 5000, 'central_freq': 1333300.0, 'freq': 1996000000.0, 'rf_power': 0.0006, 'pi': 4.2e-08, 'rf_pulse_freq': 1325000.0, 'rf_pulse_power': 0.1, 'rf_pi_half': 1e-06, 'rf_pulse_phase': 0, 'n': 1, 'laser_power': 110, 'laser_init': 3e-05, 'laser_readout': 2.5e-06, 'sideband_freq': 30000000.0, 'sideband_power': 0.45, 'sideband': 'Lower', 'i_offset': -0.002, 'q_offset': -0.004, 'detector': 'APD', 'segment_size': 1024, 'dig_sampling_freq': 500000000.0, 'dig_amplitude': 1.0, 'read_channel': '0', 'dig_coupling': 'DC', 'dig_termination': '1M', 'pretrig_size': 32, 'dig_timeout': 5.0, 'save': False, 'dataset': 'casr', 'filename': '', 'directory': '', 'seq': 'NMR: CASR', 'fit': False, 'fit_live': False, 'fit_params': [0.0]}}].
2025-02-25 14:48:28.322 [    INFO] (             sink.py: 137) Sink connected to data server [('127.0.0.1', 30101)].
2025-02-25 14:48:29.331 [CRITICAL] (          logging.py:  32) Traceback (most recent call last):
2025-02-25 14:48:29.331 [CRITICAL] (          logging.py:  32)   File "C:\Users\ejvil\miniconda3\envs\nspyre\Lib\site-packages\nspyre\gui\widgets\flex_line_plot_3.py", line 1800, in _new_source
2025-02-25 14:48:29.331 [CRITICAL] (          logging.py:  32)     self.plot_settings.sink.pop(timeout=self.timeout)
2025-02-25 14:48:29.331 [CRITICAL] (          logging.py:  32)   File "C:\Users\ejvil\miniconda3\envs\nspyre\Lib\site-packages\nspyre\data\sink.py", line 356, in pop
2025-02-25 14:48:29.331 [CRITICAL] (          logging.py:  32)     raise TimeoutError(f'{self} pop() timed out.')
2025-02-25 14:48:29.331 [CRITICAL] (          logging.py:  32) TimeoutError: Data Sink (running=True) [name=casr,  pop() timed out.
2025-02-25 14:48:29.331 [CRITICAL] (          logging.py:  32) 
2025-02-25 14:48:29.331 [CRITICAL] (          logging.py:  32) The above exception was the direct cause of the following exception:
2025-02-25 14:48:29.331 [CRITICAL] (          logging.py:  32) 
2025-02-25 14:48:29.331 [CRITICAL] (          logging.py:  32) Traceback (most recent call last):
2025-02-25 14:48:29.331 [CRITICAL] (          logging.py:  32)   File "C:\Users\ejvil\miniconda3\envs\nspyre\Lib\site-packages\nspyre\gui\threadsafe.py", line 91, in _handle_error
2025-02-25 14:48:29.331 [CRITICAL] (          logging.py:  32)     raise err
2025-02-25 14:48:29.331 [CRITICAL] (          logging.py:  32)   File "C:\Users\ejvil\miniconda3\envs\nspyre\Lib\site-packages\nspyre\gui\threadsafe.py", line 171, in _run_safe
2025-02-25 14:48:29.331 [CRITICAL] (          logging.py:  32)     result = fun(*args, **kwargs)
2025-02-25 14:48:29.331 [CRITICAL] (          logging.py:  32)              ^^^^^^^^^^^^^^^^^^^^
2025-02-25 14:48:29.331 [CRITICAL] (          logging.py:  32)   File "C:\Users\ejvil\miniconda3\envs\nspyre\Lib\site-packages\nspyre\gui\widgets\flex_line_plot_3.py", line 1864, in _new_source
2025-02-25 14:48:29.331 [CRITICAL] (          logging.py:  32)     raise RuntimeError(
2025-02-25 14:48:29.331 [CRITICAL] (          logging.py:  32) RuntimeError: Could not connect to new data source [casr]
2025-02-25 14:48:30.339 [    INFO] (  _asyncio_worker.py:  89) Source [('localhost', 30101)] closed.
2025-02-25 14:48:42.992 [    INFO] (             sink.py: 137) Sink connected to data server [('127.0.0.1', 30101)].
2025-02-25 14:48:44.000 [CRITICAL] (          logging.py:  32) Traceback (most recent call last):
2025-02-25 14:48:44.000 [    INFO] (        line_plot.py:  78) A plot with the name [contrast_avg] does not exist. Ignoring remove_plot request.
2025-02-25 14:48:44.002 [CRITICAL] (          logging.py:  32)   File "C:\Users\ejvil\miniconda3\envs\nspyre\Lib\site-packages\nspyre\data\sink.py", line 368, in __getattr__
2025-02-25 14:48:44.002 [    INFO] (        line_plot.py:  78) A plot with the name [contrast_latest] does not exist. Ignoring remove_plot request.
2025-02-25 14:48:44.002 [    INFO] (        line_plot.py:  78) A plot with the name [diff_avg] does not exist. Ignoring remove_plot request.
2025-02-25 14:48:44.002 [CRITICAL] (          logging.py:  32)     if attr in self.data:
2025-02-25 14:48:44.002 [CRITICAL] (          logging.py:  32)        ^^^^^^^^^^^^^^^^^
2025-02-25 14:48:44.002 [CRITICAL] (          logging.py:  32) TypeError: argument of type 'NoneType' is not iterable
2025-02-25 14:48:44.002 [    INFO] (        line_plot.py:  78) A plot with the name [diff_latest] does not exist. Ignoring remove_plot request.
2025-02-25 14:48:44.002 [CRITICAL] (          logging.py:  32) 
2025-02-25 14:48:44.002 [CRITICAL] (          logging.py:  32) During handling of the above exception, another exception occurred:
2025-02-25 14:48:44.004 [CRITICAL] (          logging.py:  32) 
2025-02-25 14:48:44.004 [    INFO] (        line_plot.py:  78) A plot with the name [fft_avg] does not exist. Ignoring remove_plot request.
2025-02-25 14:48:44.004 [CRITICAL] (          logging.py:  32) Traceback (most recent call last):
2025-02-25 14:48:44.004 [    INFO] (        line_plot.py:  78) A plot with the name [fft_latest] does not exist. Ignoring remove_plot request.
2025-02-25 14:48:44.004 [CRITICAL] (          logging.py:  32)   File "C:\Users\ejvil\miniconda3\envs\nspyre\Lib\site-packages\nspyre\gui\threadsafe.py", line 91, in _handle_error
2025-02-25 14:48:44.004 [    INFO] (        line_plot.py:  78) A plot with the name [sig_avg] does not exist. Ignoring remove_plot request.
2025-02-25 14:48:44.004 [    INFO] (        line_plot.py:  78) A plot with the name [sig_latest] does not exist. Ignoring remove_plot request.
2025-02-25 14:48:44.004 [    INFO] (        line_plot.py:  78) A plot with the name [sig_first] does not exist. Ignoring remove_plot request.
2025-02-25 14:48:44.004 [    INFO] (        line_plot.py:  78) A plot with the name [sig_latest_10] does not exist. Ignoring remove_plot request.
2025-02-25 14:48:44.004 [CRITICAL] (          logging.py:  32)     raise err
2025-02-25 14:48:44.004 [    INFO] (        line_plot.py:  78) A plot with the name [bg_avg] does not exist. Ignoring remove_plot request.
2025-02-25 14:48:44.004 [CRITICAL] (          logging.py:  32)   File "C:\Users\ejvil\miniconda3\envs\nspyre\Lib\site-packages\nspyre\gui\threadsafe.py", line 171, in _run_safe
2025-02-25 14:48:44.004 [    INFO] (        line_plot.py:  78) A plot with the name [bg_latest] does not exist. Ignoring remove_plot request.
2025-02-25 14:48:44.008 [CRITICAL] (          logging.py:  32)     result = fun(*args, **kwargs)
2025-02-25 14:48:44.008 [CRITICAL] (          logging.py:  32)              ^^^^^^^^^^^^^^^^^^^^
2025-02-25 14:48:44.008 [CRITICAL] (          logging.py:  32)   File "C:\Users\ejvil\miniconda3\envs\nspyre\Lib\site-packages\nspyre\gui\widgets\update_loop.py", line 69, in _update
2025-02-25 14:48:44.010 [CRITICAL] (          logging.py:  32)     self.update_func(*self.args, **self.kwargs)
2025-02-25 14:48:44.010 [CRITICAL] (          logging.py:  32)   File "C:\Users\ejvil\miniconda3\envs\nspyre\Lib\site-packages\nspyre\gui\widgets\flex_line_plot_3.py", line 1917, in update
2025-02-25 14:48:44.010 [CRITICAL] (          logging.py:  32)     data_sig = self.plot_settings.sink.datasets['signal']
2025-02-25 14:48:44.010 [CRITICAL] (          logging.py:  32)                ^^^^^^^^^^^^^^^^^^^^^^^^^^^^^^^^
2025-02-25 14:48:44.010 [CRITICAL] (          logging.py:  32)   File "C:\Users\ejvil\miniconda3\envs\nspyre\Lib\site-packages\nspyre\data\sink.py", line 375, in __getattr__
2025-02-25 14:48:44.014 [CRITICAL] (          logging.py:  32)     return self.__getattribute__(attr)
2025-02-25 14:48:44.014 [CRITICAL] (          logging.py:  32)            ^^^^^^^^^^^^^^^^^^^^^^^^^^^
2025-02-25 14:48:44.014 [CRITICAL] (          logging.py:  32) AttributeError: 'DataSink' object has no attribute 'datasets'
2025-02-25 14:48:44.014 [CRITICAL] (          logging.py:  32) Traceback (most recent call last):
2025-02-25 14:48:44.014 [CRITICAL] (          logging.py:  32)   File "C:\Users\ejvil\miniconda3\envs\nspyre\Lib\site-packages\nspyre\data\sink.py", line 368, in __getattr__
2025-02-25 14:48:44.014 [CRITICAL] (          logging.py:  32)     if attr in self.data:
2025-02-25 14:48:44.014 [CRITICAL] (          logging.py:  32)        ^^^^^^^^^^^^^^^^^
2025-02-25 14:48:44.014 [CRITICAL] (          logging.py:  32) TypeError: argument of type 'NoneType' is not iterable
2025-02-25 14:48:44.014 [CRITICAL] (          logging.py:  32) 
2025-02-25 14:48:44.014 [CRITICAL] (          logging.py:  32) During handling of the above exception, another exception occurred:
2025-02-25 14:48:44.014 [CRITICAL] (          logging.py:  32) 
2025-02-25 14:48:44.014 [CRITICAL] (          logging.py:  32) Traceback (most recent call last):
2025-02-25 14:48:44.014 [CRITICAL] (          logging.py:  32)   File "C:\Users\ejvil\miniconda3\envs\nspyre\Lib\site-packages\nspyre\gui\threadsafe.py", line 91, in _handle_error
2025-02-25 14:48:44.014 [CRITICAL] (          logging.py:  32)     raise err
2025-02-25 14:48:44.014 [CRITICAL] (          logging.py:  32)   File "C:\Users\ejvil\miniconda3\envs\nspyre\Lib\site-packages\nspyre\gui\threadsafe.py", line 171, in _run_safe
2025-02-25 14:48:44.014 [CRITICAL] (          logging.py:  32)     result = fun(*args, **kwargs)
2025-02-25 14:48:44.014 [CRITICAL] (          logging.py:  32)              ^^^^^^^^^^^^^^^^^^^^
2025-02-25 14:48:44.020 [CRITICAL] (          logging.py:  32)   File "C:\Users\ejvil\miniconda3\envs\nspyre\Lib\site-packages\nspyre\gui\widgets\update_loop.py", line 69, in _update
2025-02-25 14:48:44.020 [CRITICAL] (          logging.py:  32)     self.update_func(*self.args, **self.kwargs)
2025-02-25 14:48:44.020 [CRITICAL] (          logging.py:  32)   File "C:\Users\ejvil\miniconda3\envs\nspyre\Lib\site-packages\nspyre\gui\widgets\flex_line_plot_3.py", line 1917, in update
2025-02-25 14:48:44.020 [CRITICAL] (          logging.py:  32)     data_sig = self.plot_settings.sink.datasets['signal']
2025-02-25 14:48:44.020 [CRITICAL] (          logging.py:  32)                ^^^^^^^^^^^^^^^^^^^^^^^^^^^^^^^^
2025-02-25 14:48:44.020 [CRITICAL] (          logging.py:  32)   File "C:\Users\ejvil\miniconda3\envs\nspyre\Lib\site-packages\nspyre\data\sink.py", line 375, in __getattr__
2025-02-25 14:48:44.020 [CRITICAL] (          logging.py:  32)     return self.__getattribute__(attr)
2025-02-25 14:48:44.020 [CRITICAL] (          logging.py:  32)            ^^^^^^^^^^^^^^^^^^^^^^^^^^^
2025-02-25 14:48:44.020 [CRITICAL] (          logging.py:  32) AttributeError: 'DataSink' object has no attribute 'datasets'
2025-02-25 14:48:44.041 [    INFO] (  _asyncio_worker.py:  89) Source [('localhost', 30101)] closed.
2025-02-25 14:48:49.327 [    INFO] (             misc.py: 221) Killing process.
2025-02-25 14:48:49.345 [    INFO] (gui_experiments_current.py:1654) Processed killed.
2025-02-25 14:49:05.880 [    INFO] (             misc.py: 208) Running process function [<function run_experiment at 0x000001FF52A54FE0>] with args: [()] kwargs: [{'exp_cls': <class 'nv_experiments_all.SpinMeasurements'>, 'fun_name': 'CASR_scan', 'constructor_args': [], 'constructor_kwargs': {}, 'queue_to_exp': <multiprocessing.queues.Queue object at 0x000001FF5947B9D0>, 'queue_from_exp': <multiprocessing.queues.Queue object at 0x000001FF59493710>, 'fun_args': [], 'fun_kwargs': {'runs': 1, 'iters': 1000, 'num_pts': 200, 'central_freq': 1333300.0, 'freq': 1996000000.0, 'rf_power': 0.0006, 'pi': 4.2e-08, 'rf_pulse_freq': 1325000.0, 'rf_pulse_power': 0.1, 'rf_pi_half': 1e-06, 'rf_pulse_phase': 0, 'n': 1, 'laser_power': 110, 'laser_init': 3e-05, 'laser_readout': 2.5e-06, 'sideband_freq': 30000000.0, 'sideband_power': 0.45, 'sideband': 'Lower', 'i_offset': -0.002, 'q_offset': -0.004, 'detector': 'APD', 'segment_size': 1024, 'dig_sampling_freq': 500000000.0, 'dig_amplitude': 1.0, 'read_channel': '0', 'dig_coupling': 'DC', 'dig_termination': '1M', 'pretrig_size': 32, 'dig_timeout': 5.0, 'save': False, 'dataset': 'casr', 'filename': '', 'directory': '', 'seq': 'NMR: CASR', 'fit': False, 'fit_live': False, 'fit_params': [0.0]}}].
2025-02-25 14:50:00.915 [    INFO] (             misc.py: 208) Running process function [<function run_experiment at 0x000001FF52A54FE0>] with args: [()] kwargs: [{'exp_cls': <class 'nv_experiments_all.SpinMeasurements'>, 'fun_name': 'CASR_scan', 'constructor_args': [], 'constructor_kwargs': {}, 'queue_to_exp': <multiprocessing.queues.Queue object at 0x000001FF5947B9D0>, 'queue_from_exp': <multiprocessing.queues.Queue object at 0x000001FF59493710>, 'fun_args': [], 'fun_kwargs': {'runs': 1, 'iters': 1000, 'num_pts': 200, 'central_freq': 1333300.0, 'freq': 1996000000.0, 'rf_power': 0.0006, 'pi': 4.2e-08, 'rf_pulse_freq': 1325000.0, 'rf_pulse_power': 0.1, 'rf_pi_half': 1e-06, 'rf_pulse_phase': 0, 'n': 1, 'laser_power': 110, 'laser_init': 3e-05, 'laser_readout': 2.5e-06, 'sideband_freq': 30000000.0, 'sideband_power': 0.45, 'sideband': 'Lower', 'i_offset': -0.002, 'q_offset': -0.004, 'detector': 'APD', 'segment_size': 1024, 'dig_sampling_freq': 500000000.0, 'dig_amplitude': 1.0, 'read_channel': '0', 'dig_coupling': 'DC', 'dig_termination': '1M', 'pretrig_size': 32, 'dig_timeout': 5.0, 'save': False, 'dataset': 'casr', 'filename': '', 'directory': '', 'seq': 'NMR: CASR', 'fit': False, 'fit_live': False, 'fit_params': [0.0]}}].
2025-02-25 14:50:41.761 [    INFO] (             misc.py: 208) Running process function [<function run_experiment at 0x000001FF52A54FE0>] with args: [()] kwargs: [{'exp_cls': <class 'nv_experiments_all.SpinMeasurements'>, 'fun_name': 'rabi_scan', 'constructor_args': [], 'constructor_kwargs': {}, 'queue_to_exp': <multiprocessing.queues.Queue object at 0x000001FF5947B9D0>, 'queue_from_exp': <multiprocessing.queues.Queue object at 0x000001FF59493710>, 'fun_args': [], 'fun_kwargs': {'runs': 120, 'iters': 10, 'start': 0.0, 'stop': 1e-07, 'num_pts': 50, 'freq': 1996000000.0, 'rf_power': 0.00065, 'pulse_axis': 'y', 'laser_power': 110, 'laser_init': 3e-05, 'laser_readout': 2.5e-06, 'sideband_freq': 30000000.0, 'sideband_power': 0.45, 'sideband': 'Lower', 'i_offset': -0.002, 'q_offset': -0.004, 'detector': 'APD', 'segment_size': 1024, 'dig_sampling_freq': 500000000.0, 'dig_amplitude': 1.0, 'read_channel': '0', 'dig_coupling': 'DC', 'dig_termination': '1M', 'pretrig_size': 32, 'dig_timeout': 5.0, 'save': False, 'dataset': 'rabi', 'filename': '', 'directory': '', 'seq': 'Rabi', 'fit': False, 'fit_live': False, 'fit_params': [0.02, 0.001, 200.0, 0.0, 1.0]}}].
2025-02-25 14:50:53.605 [    INFO] (             sink.py: 137) Sink connected to data server [('127.0.0.1', 30101)].
2025-02-25 14:51:08.279 [    INFO] (             sink.py: 137) Sink connected to data server [('127.0.0.1', 30101)].
2025-02-25 14:51:13.790 [CRITICAL] (          logging.py:  32) Traceback (most recent call last):
2025-02-25 14:51:13.800 [CRITICAL] (          logging.py:  32)   File "C:\Users\ejvil\miniconda3\envs\nspyre\Lib\site-packages\pyqtgraph\dockarea\DockArea.py", line 379, in closeEvent
2025-02-25 14:51:13.800 [CRITICAL] (          logging.py:  32)     dock.orig_area.addDock(dock, )
2025-02-25 14:51:13.800 [CRITICAL] (          logging.py:  32)   File "C:\Users\ejvil\miniconda3\envs\nspyre\Lib\site-packages\pyqtgraph\dockarea\DockArea.py", line 90, in addDock
2025-02-25 14:51:13.800 [CRITICAL] (          logging.py:  32)     container = self.addContainer(neededContainer, self.topContainer)
2025-02-25 14:51:13.800 [CRITICAL] (          logging.py:  32)                 ^^^^^^^^^^^^^^^^^^^^^^^^^^^^^^^^^^^^^^^^^^^^^^^^^^^^^
2025-02-25 14:51:13.800 [CRITICAL] (          logging.py:  32)   File "C:\Users\ejvil\miniconda3\envs\nspyre\Lib\site-packages\pyqtgraph\dockarea\DockArea.py", line 142, in addContainer
2025-02-25 14:51:13.800 [CRITICAL] (          logging.py:  32)     container.insert(new, 'before', obj)
2025-02-25 14:51:13.800 [CRITICAL] (          logging.py:  32)   File "C:\Users\ejvil\miniconda3\envs\nspyre\Lib\site-packages\pyqtgraph\dockarea\DockArea.py", line 154, in insert
2025-02-25 14:51:13.800 [CRITICAL] (          logging.py:  32)     self.layout.addWidget(new)
2025-02-25 14:51:13.800 [CRITICAL] (          logging.py:  32) RuntimeError: wrapped C/C++ object of type QVBoxLayout has been deleted
2025-02-25 14:51:13.851 [    INFO] (          gateway.py: 173) Gateway disconnected from server at localhost:42068
