2025-03-12 19:38:27.655 [    INFO] (          gateway.py: 152) Gateway connected to instrument server at "localhost:42068".
2025-03-12 19:38:53.477 [    INFO] (             misc.py: 208) Running process function [<function run_experiment at 0x0000024CEEB64FE0>] with args: [()] kwargs: [{'exp_cls': <class 'nv_experiments_all.SpinMeasurements'>, 'fun_name': 'rabi_scan', 'constructor_args': [], 'constructor_kwargs': {}, 'queue_to_exp': <multiprocessing.queues.Queue object at 0x0000024CF560FB10>, 'queue_from_exp': <multiprocessing.queues.Queue object at 0x0000024CF561F850>, 'fun_args': [], 'fun_kwargs': {'runs': 120, 'iters': 10, 'start': 0.0, 'stop': 5e-07, 'num_pts': 50, 'freq': 2870000000.0, 'rf_power': 1e-09, 'pulse_axis': 'y', 'laser_power': 0, 'laser_init': 3e-05, 'laser_readout': 2.5e-06, 'sideband_freq': 30000000.0, 'sideband_power': 0.45, 'sideband': 'Lower', 'i_offset': -0.002, 'q_offset': -0.004, 'detector': 'APD', 'segment_size': 1024, 'dig_sampling_freq': 500000000.0, 'dig_amplitude': 1.0, 'read_channel': '0', 'dig_coupling': 'DC', 'dig_termination': '1M', 'pretrig_size': 32, 'dig_timeout': 5.0, 'save': False, 'dataset': 'rabi', 'filename': '', 'directory': '', 'seq': 'Rabi', 'fit': False, 'fit_live': False, 'fit_params': [0.02, 0.001, 200.0, 0.0, 1.0]}}].
2025-03-12 19:39:36.953 [    INFO] (             sink.py: 137) Sink connected to data server [('127.0.0.1', 30101)].
2025-03-12 19:39:45.238 [    INFO] (             misc.py: 208) Running process function [<function run_experiment at 0x0000024CEEB64FE0>] with args: [()] kwargs: [{'exp_cls': <class 'nv_experiments_all.SpinMeasurements'>, 'fun_name': 'rabi_scan', 'constructor_args': [], 'constructor_kwargs': {}, 'queue_to_exp': <multiprocessing.queues.Queue object at 0x0000024CF560FB10>, 'queue_from_exp': <multiprocessing.queues.Queue object at 0x0000024CF561F850>, 'fun_args': [], 'fun_kwargs': {'runs': 120, 'iters': 10, 'start': 0.0, 'stop': 2e-07, 'num_pts': 50, 'freq': 2312000000.0, 'rf_power': 0.00075, 'pulse_axis': 'y', 'laser_power': 110, 'laser_init': 3e-05, 'laser_readout': 2.5e-06, 'sideband_freq': 30000000.0, 'sideband_power': 0.45, 'sideband': 'Lower', 'i_offset': -0.002, 'q_offset': -0.004, 'detector': 'APD', 'segment_size': 1024, 'dig_sampling_freq': 500000000.0, 'dig_amplitude': 1.0, 'read_channel': '0', 'dig_coupling': 'DC', 'dig_termination': '1M', 'pretrig_size': 32, 'dig_timeout': 5.0, 'save': False, 'dataset': 'rabi', 'filename': '', 'directory': '', 'seq': 'Rabi', 'fit': False, 'fit_live': False, 'fit_params': [0.02, 0.001, 200.0, 0.0, 1.0]}}].
2025-03-12 19:41:21.056 [    INFO] (             misc.py: 208) Running process function [<function run_experiment at 0x0000024CEEB64FE0>] with args: [()] kwargs: [{'exp_cls': <class 'nv_experiments_all.SpinMeasurements'>, 'fun_name': 'DEER_scan', 'constructor_args': [], 'constructor_kwargs': {}, 'queue_to_exp': <multiprocessing.queues.Queue object at 0x0000024CF560FB10>, 'queue_from_exp': <multiprocessing.queues.Queue object at 0x0000024CF561F850>, 'fun_args': [], 'fun_kwargs': {'runs': 120, 'iters': 7500, 'start': 500000000.0, 'stop': 620000000.0, 'num_pts': 100, 'tau': 8e-07, 'freq': 2312000000.0, 'rf_power': 0.00075, 'pi': 1.02e-07, 'pulse_axis': 'y', 'awg_power': 0.25, 'dark_pi': 1.44e-07, 'drive_type': 'Pulsed', 'laser_power': 110, 'laser_init': 3e-05, 'laser_readout': 2.5e-06, 'sideband_freq': 30000000.0, 'sideband_power': 0.45, 'sideband': 'Lower', 'i_offset': -0.002, 'q_offset': -0.004, 'detector': 'APD', 'segment_size': 1024, 'dig_sampling_freq': 500000000.0, 'dig_amplitude': 1.0, 'read_channel': '0', 'dig_coupling': 'DC', 'dig_termination': '1M', 'pretrig_size': 32, 'dig_timeout': 5.0, 'save': True, 'dataset': 'deer', 'filename': 'pH13', 'directory': '//maurerlabnas/MaurerLab/ejvilla4/pH project/March 2025 Titration Curve/pH 13 NaOH/', 'seq': 'DEER', 'fit': False, 'fit_live': False, 'fit_params': [0.1, 560.0, 10.0, 1.0]}}].
2025-03-12 19:41:35.271 [    INFO] (             sink.py: 137) Sink connected to data server [('127.0.0.1', 30101)].
2025-03-12 22:13:19.014 [    INFO] (             misc.py: 208) Running process function [<function run_experiment at 0x0000024CEEB64FE0>] with args: [()] kwargs: [{'exp_cls': <class 'nv_experiments_all.SpinMeasurements'>, 'fun_name': 'DEER_rabi_scan', 'constructor_args': [], 'constructor_kwargs': {}, 'queue_to_exp': <multiprocessing.queues.Queue object at 0x0000024CF560FB10>, 'queue_from_exp': <multiprocessing.queues.Queue object at 0x0000024CF561F850>, 'fun_args': [], 'fun_kwargs': {'runs': 120, 'iters': 1000, 'start': 3e-09, 'stop': 3e-07, 'num_pts': 100, 'tau': 8e-07, 'freq': 2312000000.0, 'rf_power': 0.00075, 'pi': 1.02e-07, 'pulse_axis': 'y', 'dark_freq': 559000000.0, 'awg_power': 0.4, 'laser_power': 110, 'laser_init': 3e-05, 'laser_readout': 2.5e-06, 'sideband_freq': 30000000.0, 'sideband_power': 0.45, 'sideband': 'Lower', 'i_offset': -0.002, 'q_offset': -0.004, 'detector': 'APD', 'segment_size': 1024, 'dig_sampling_freq': 500000000.0, 'dig_amplitude': 1.0, 'read_channel': '0', 'dig_coupling': 'DC', 'dig_termination': '1M', 'pretrig_size': 32, 'dig_timeout': 5.0, 'save': True, 'dataset': 'deer rabi', 'filename': 'pH13', 'directory': '//maurerlabnas/MaurerLab/ejvilla4/pH project/March 2025 Titration Curve/pH 13 NaOH/', 'seq': 'DEER Rabi', 'fit': False, 'fit_live': False, 'fit_params': [0.1, 0.001, 100.0, 0.0, 1.0]}}].
2025-03-12 22:13:32.192 [    INFO] (             sink.py: 137) Sink connected to data server [('127.0.0.1', 30101)].
2025-03-12 22:18:17.224 [    INFO] (             misc.py: 208) Running process function [<function run_experiment at 0x0000024CEEB64FE0>] with args: [()] kwargs: [{'exp_cls': <class 'nv_experiments_all.SpinMeasurements'>, 'fun_name': 'DEER_T1_scan', 'constructor_args': [], 'constructor_kwargs': {}, 'queue_to_exp': <multiprocessing.queues.Queue object at 0x0000024CF560FB10>, 'queue_from_exp': <multiprocessing.queues.Queue object at 0x0000024CF561F850>, 'fun_args': [], 'fun_kwargs': {'runs': 120, 'iters': 60000, 'start': 5e-08, 'stop': 4e-05, 'num_pts': 100, 'array_type': 'geomspace', 'tau': 8e-07, 'freq': 2312000000.0, 'rf_power': 0.00075, 'pi': 1.02e-07, 'pulse_axis': 'y', 'dark_freq': 559000000.0, 'dark_pi': 1.1e-07, 'awg_power': 0.4, 'laser_power': 110, 'laser_init': 3e-05, 'laser_readout': 2.5e-06, 'sideband_freq': 30000000.0, 'sideband_power': 0.45, 'sideband': 'Lower', 'i_offset': -0.002, 'q_offset': -0.004, 'detector': 'APD', 'segment_size': 1024, 'dig_sampling_freq': 500000000.0, 'dig_amplitude': 1.0, 'read_channel': '0', 'dig_coupling': 'DC', 'dig_termination': '1M', 'pretrig_size': 32, 'dig_timeout': 5.0, 'save': True, 'dataset': 'deer t1', 'filename': 'pH13', 'directory': '//maurerlabnas/MaurerLab/ejvilla4/pH project/March 2025 Titration Curve/pH 13 NaOH/', 'seq': 'DEER T1', 'fit': False, 'fit_live': False, 'fit_params': [0.0]}}].
2025-03-12 22:18:35.664 [    INFO] (             sink.py: 137) Sink connected to data server [('127.0.0.1', 30101)].
2025-03-12 22:19:13.888 [    INFO] (             misc.py: 208) Running process function [<function run_experiment at 0x0000024CEEB64FE0>] with args: [()] kwargs: [{'exp_cls': <class 'nv_experiments_all.SpinMeasurements'>, 'fun_name': 'DEER_T1_scan', 'constructor_args': [], 'constructor_kwargs': {}, 'queue_to_exp': <multiprocessing.queues.Queue object at 0x0000024CF560FB10>, 'queue_from_exp': <multiprocessing.queues.Queue object at 0x0000024CF561F850>, 'fun_args': [], 'fun_kwargs': {'runs': 120, 'iters': 60000, 'start': 5e-08, 'stop': 4e-05, 'num_pts': 100, 'array_type': 'geomspace', 'tau': 8e-07, 'freq': 2312000000.0, 'rf_power': 0.00075, 'pi': 1.02e-07, 'pulse_axis': 'y', 'dark_freq': 559000000.0, 'dark_pi': 1.1e-07, 'awg_power': 0.4, 'laser_power': 110, 'laser_init': 3e-05, 'laser_readout': 2.5e-06, 'sideband_freq': 30000000.0, 'sideband_power': 0.45, 'sideband': 'Lower', 'i_offset': -0.002, 'q_offset': -0.004, 'detector': 'APD', 'segment_size': 1024, 'dig_sampling_freq': 500000000.0, 'dig_amplitude': 1.0, 'read_channel': '0', 'dig_coupling': 'DC', 'dig_termination': '1M', 'pretrig_size': 32, 'dig_timeout': 5.0, 'save': True, 'dataset': 'deer t1', 'filename': 'pH13', 'directory': '//maurerlabnas/MaurerLab/ejvilla4/pH project/March 2025 Titration Curve/pH 13 NaOH/', 'seq': 'DEER T1', 'fit': False, 'fit_live': False, 'fit_params': [0.0]}}].
2025-03-13 09:37:09.283 [    INFO] (             sink.py: 137) Sink connected to data server [('127.0.0.1', 30101)].
2025-03-13 09:37:11.579 [ WARNING] (      base_events.py:1917) Executing <Task pending name='Task-204515' coro=<DataSink._main() running at C:\Users\ejvil\miniconda3\envs\nspyre\Lib\site-packages\nspyre\data\sink.py:178> wait_for=<Future pending cb=[Task.task_wakeup()] created at C:\Users\ejvil\miniconda3\envs\nspyre\Lib\asyncio\base_events.py:427> created at C:\Users\ejvil\miniconda3\envs\nspyre\Lib\asyncio\tasks.py:374> took 0.266 seconds
2025-03-13 09:40:23.024 [    INFO] (             save.py:  72) Saved data set [deer t1] to [//maurerlabnas/MaurerLab/ejvilla4/pH project/March 2025 Titration Curve/pH 13 NaOH/25_03_13/deer t1/deer t1_pH13.json.json].
2025-03-13 09:40:23.034 [    INFO] (  _asyncio_worker.py:  89) Source [('localhost', 30101)] closed.
2025-03-13 09:47:58.348 [    INFO] (             misc.py: 208) Running process function [<function run_experiment at 0x0000024CEEB64FE0>] with args: [()] kwargs: [{'exp_cls': <class 'nv_experiments_all.SpinMeasurements'>, 'fun_name': 'DEER_FID_scan', 'constructor_args': [], 'constructor_kwargs': {}, 'queue_to_exp': <multiprocessing.queues.Queue object at 0x0000024CF560FB10>, 'queue_from_exp': <multiprocessing.queues.Queue object at 0x0000024CF561F850>, 'fun_args': [], 'fun_kwargs': {'runs': 120, 'iters': 10000, 'start': 5e-08, 'stop': 2e-05, 'num_pts': 50, 'array_type': 'geomspace', 'freq': 2312000000.0, 'rf_power': 0.00075, 'pi': 1.02e-07, 'pulse_axis': 'y', 'dark_freq': 559000000.0, 'awg_power': 0.25, 'dark_pi': 1.44e-07, 'n': 1, 'laser_power': 110, 'laser_init': 3e-05, 'laser_readout': 2.5e-06, 'sideband_freq': 30000000.0, 'sideband_power': 0.45, 'sideband': 'Lower', 'i_offset': -0.002, 'q_offset': -0.004, 'detector': 'APD', 'segment_size': 1024, 'dig_sampling_freq': 500000000.0, 'dig_amplitude': 1.0, 'read_channel': '0', 'dig_coupling': 'DC', 'dig_termination': '1M', 'pretrig_size': 32, 'dig_timeout': 5.0, 'save': True, 'dataset': 'fid', 'filename': 'pH13', 'directory': '//maurerlabnas/MaurerLab/ejvilla4/pH project/March 2025 Titration Curve/pH 13 NaOH/', 'seq': 'DEER FID', 'fit': False, 'fit_live': False, 'fit_params': [0.0]}}].
2025-03-13 09:48:12.996 [    INFO] (             sink.py: 137) Sink connected to data server [('127.0.0.1', 30101)].
2025-03-13 09:48:13.110 [CRITICAL] (          logging.py:  32) Traceback (most recent call last):
2025-03-13 09:48:13.110 [CRITICAL] (          logging.py:  32)   File "C:\Users\ejvil\miniconda3\envs\nspyre\Lib\site-packages\nspyre\gui\threadsafe.py", line 91, in _handle_error
2025-03-13 09:48:13.110 [CRITICAL] (          logging.py:  32)     raise err
2025-03-13 09:48:13.110 [CRITICAL] (          logging.py:  32)   File "C:\Users\ejvil\miniconda3\envs\nspyre\Lib\site-packages\nspyre\gui\threadsafe.py", line 171, in _run_safe
2025-03-13 09:48:13.110 [CRITICAL] (          logging.py:  32)     result = fun(*args, **kwargs)
2025-03-13 09:48:13.110 [CRITICAL] (          logging.py:  32)              ^^^^^^^^^^^^^^^^^^^^
2025-03-13 09:48:13.110 [CRITICAL] (          logging.py:  32)   File "C:\Users\ejvil\miniconda3\envs\nspyre\Lib\site-packages\nspyre\gui\widgets\flex_line_plot_3.py", line 373, in get_settings
2025-03-13 09:48:13.110 [CRITICAL] (          logging.py:  32)     settings = self.series_settings[name]
2025-03-13 09:48:13.110 [CRITICAL] (          logging.py:  32)                ~~~~~~~~~~~~~~~~~~~~^^^^^^
2025-03-13 09:48:13.110 [CRITICAL] (          logging.py:  32) KeyError: 'diff overall surface T1 decay'
2025-03-13 09:48:13.110 [CRITICAL] (          logging.py:  32) Traceback (most recent call last):
2025-03-13 09:48:13.110 [CRITICAL] (          logging.py:  32)   File "C:\Users\ejvil\miniconda3\envs\nspyre\Lib\site-packages\nspyre\gui\threadsafe.py", line 91, in _handle_error
2025-03-13 09:48:13.110 [CRITICAL] (          logging.py:  32)     raise err
2025-03-13 09:48:13.120 [CRITICAL] (          logging.py:  32)   File "C:\Users\ejvil\miniconda3\envs\nspyre\Lib\site-packages\nspyre\gui\threadsafe.py", line 171, in _run_safe
2025-03-13 09:48:13.120 [CRITICAL] (          logging.py:  32)     result = fun(*args, **kwargs)
2025-03-13 09:48:13.120 [CRITICAL] (          logging.py:  32)              ^^^^^^^^^^^^^^^^^^^^
2025-03-13 09:48:13.120 [CRITICAL] (          logging.py:  32)   File "C:\Users\ejvil\miniconda3\envs\nspyre\Lib\site-packages\nspyre\gui\widgets\flex_line_plot_3.py", line 373, in get_settings
2025-03-13 09:48:13.120 [CRITICAL] (          logging.py:  32)     settings = self.series_settings[name]
2025-03-13 09:48:13.120 [CRITICAL] (          logging.py:  32)                ~~~~~~~~~~~~~~~~~~~~^^^^^^
2025-03-13 09:48:13.120 [CRITICAL] (          logging.py:  32) KeyError: 'diff nuclear oscillation with pi pulse'
2025-03-13 09:48:13.120 [CRITICAL] (          logging.py:  32) Traceback (most recent call last):
2025-03-13 09:48:13.120 [CRITICAL] (          logging.py:  32)   File "C:\Users\ejvil\miniconda3\envs\nspyre\Lib\site-packages\nspyre\gui\threadsafe.py", line 91, in _handle_error
2025-03-13 09:48:13.120 [CRITICAL] (          logging.py:  32)     raise err
2025-03-13 09:48:13.120 [CRITICAL] (          logging.py:  32)   File "C:\Users\ejvil\miniconda3\envs\nspyre\Lib\site-packages\nspyre\gui\threadsafe.py", line 171, in _run_safe
2025-03-13 09:48:13.120 [CRITICAL] (          logging.py:  32)     result = fun(*args, **kwargs)
2025-03-13 09:48:13.120 [CRITICAL] (          logging.py:  32)              ^^^^^^^^^^^^^^^^^^^^
2025-03-13 09:48:13.120 [CRITICAL] (          logging.py:  32)   File "C:\Users\ejvil\miniconda3\envs\nspyre\Lib\site-packages\nspyre\gui\widgets\flex_line_plot_3.py", line 373, in get_settings
2025-03-13 09:48:13.120 [CRITICAL] (          logging.py:  32)     settings = self.series_settings[name]
2025-03-13 09:48:13.130 [CRITICAL] (          logging.py:  32)                ~~~~~~~~~~~~~~~~~~~~^^^^^^
2025-03-13 09:48:13.130 [CRITICAL] (          logging.py:  32) KeyError: 'diff nuclear oscillation no pi pulse'
2025-03-13 09:48:13.130 [CRITICAL] (          logging.py:  32) Traceback (most recent call last):
2025-03-13 09:48:13.130 [CRITICAL] (          logging.py:  32)   File "C:\Users\ejvil\miniconda3\envs\nspyre\Lib\site-packages\nspyre\gui\threadsafe.py", line 91, in _handle_error
2025-03-13 09:48:13.130 [CRITICAL] (          logging.py:  32)     raise err
2025-03-13 09:48:13.130 [CRITICAL] (          logging.py:  32)   File "C:\Users\ejvil\miniconda3\envs\nspyre\Lib\site-packages\nspyre\gui\threadsafe.py", line 171, in _run_safe
2025-03-13 09:48:13.130 [CRITICAL] (          logging.py:  32)     result = fun(*args, **kwargs)
2025-03-13 09:48:13.130 [CRITICAL] (          logging.py:  32)              ^^^^^^^^^^^^^^^^^^^^
2025-03-13 09:48:13.130 [CRITICAL] (          logging.py:  32)   File "C:\Users\ejvil\miniconda3\envs\nspyre\Lib\site-packages\nspyre\gui\widgets\flex_line_plot_3.py", line 373, in get_settings
2025-03-13 09:48:13.130 [CRITICAL] (          logging.py:  32)     settings = self.series_settings[name]
2025-03-13 09:48:13.130 [CRITICAL] (          logging.py:  32)                ~~~~~~~~~~~~~~~~~~~~^^^^^^
2025-03-13 09:48:13.130 [CRITICAL] (          logging.py:  32) KeyError: 'sum pure nuclear oscillation'
2025-03-13 09:48:13.130 [CRITICAL] (          logging.py:  32) Traceback (most recent call last):
2025-03-13 09:48:13.130 [CRITICAL] (          logging.py:  32)   File "C:\Users\ejvil\miniconda3\envs\nspyre\Lib\site-packages\nspyre\gui\threadsafe.py", line 91, in _handle_error
2025-03-13 09:48:13.130 [CRITICAL] (          logging.py:  32)     raise err
2025-03-13 09:48:13.130 [CRITICAL] (          logging.py:  32)   File "C:\Users\ejvil\miniconda3\envs\nspyre\Lib\site-packages\nspyre\gui\threadsafe.py", line 171, in _run_safe
2025-03-13 09:48:13.140 [CRITICAL] (          logging.py:  32)     result = fun(*args, **kwargs)
2025-03-13 09:48:13.140 [CRITICAL] (          logging.py:  32)              ^^^^^^^^^^^^^^^^^^^^
2025-03-13 09:48:13.140 [CRITICAL] (          logging.py:  32)   File "C:\Users\ejvil\miniconda3\envs\nspyre\Lib\site-packages\nspyre\gui\widgets\flex_line_plot_3.py", line 373, in get_settings
2025-03-13 09:48:13.140 [CRITICAL] (          logging.py:  32)     settings = self.series_settings[name]
2025-03-13 09:48:13.140 [CRITICAL] (          logging.py:  32)                ~~~~~~~~~~~~~~~~~~~~^^^^^^
2025-03-13 09:48:13.140 [CRITICAL] (          logging.py:  32) KeyError: 'with pi pulse +y avg'
2025-03-13 09:48:13.140 [CRITICAL] (          logging.py:  32) Traceback (most recent call last):
2025-03-13 09:48:13.140 [CRITICAL] (          logging.py:  32)   File "C:\Users\ejvil\miniconda3\envs\nspyre\Lib\site-packages\nspyre\gui\threadsafe.py", line 91, in _handle_error
2025-03-13 09:48:13.140 [CRITICAL] (          logging.py:  32)     raise err
2025-03-13 09:48:13.140 [CRITICAL] (          logging.py:  32)   File "C:\Users\ejvil\miniconda3\envs\nspyre\Lib\site-packages\nspyre\gui\threadsafe.py", line 171, in _run_safe
2025-03-13 09:48:13.140 [CRITICAL] (          logging.py:  32)     result = fun(*args, **kwargs)
2025-03-13 09:48:13.140 [CRITICAL] (          logging.py:  32)              ^^^^^^^^^^^^^^^^^^^^
2025-03-13 09:48:13.140 [CRITICAL] (          logging.py:  32)   File "C:\Users\ejvil\miniconda3\envs\nspyre\Lib\site-packages\nspyre\gui\widgets\flex_line_plot_3.py", line 373, in get_settings
2025-03-13 09:48:13.140 [CRITICAL] (          logging.py:  32)     settings = self.series_settings[name]
2025-03-13 09:48:13.140 [CRITICAL] (          logging.py:  32)                ~~~~~~~~~~~~~~~~~~~~^^^^^^
2025-03-13 09:48:13.140 [CRITICAL] (          logging.py:  32) KeyError: 'with pi pulse +y latest'
2025-03-13 09:48:13.140 [CRITICAL] (          logging.py:  32) Traceback (most recent call last):
2025-03-13 09:48:13.140 [CRITICAL] (          logging.py:  32)   File "C:\Users\ejvil\miniconda3\envs\nspyre\Lib\site-packages\nspyre\gui\threadsafe.py", line 91, in _handle_error
2025-03-13 09:48:13.151 [CRITICAL] (          logging.py:  32)     raise err
2025-03-13 09:48:13.151 [CRITICAL] (          logging.py:  32)   File "C:\Users\ejvil\miniconda3\envs\nspyre\Lib\site-packages\nspyre\gui\threadsafe.py", line 171, in _run_safe
2025-03-13 09:48:13.151 [CRITICAL] (          logging.py:  32)     result = fun(*args, **kwargs)
2025-03-13 09:48:13.151 [CRITICAL] (          logging.py:  32)              ^^^^^^^^^^^^^^^^^^^^
2025-03-13 09:48:13.151 [CRITICAL] (          logging.py:  32)   File "C:\Users\ejvil\miniconda3\envs\nspyre\Lib\site-packages\nspyre\gui\widgets\flex_line_plot_3.py", line 373, in get_settings
2025-03-13 09:48:13.151 [CRITICAL] (          logging.py:  32)     settings = self.series_settings[name]
2025-03-13 09:48:13.151 [CRITICAL] (          logging.py:  32)                ~~~~~~~~~~~~~~~~~~~~^^^^^^
2025-03-13 09:48:13.151 [CRITICAL] (          logging.py:  32) KeyError: 'with pi pulse -y avg'
2025-03-13 09:48:13.151 [CRITICAL] (          logging.py:  32) Traceback (most recent call last):
2025-03-13 09:48:13.151 [CRITICAL] (          logging.py:  32)   File "C:\Users\ejvil\miniconda3\envs\nspyre\Lib\site-packages\nspyre\gui\threadsafe.py", line 91, in _handle_error
2025-03-13 09:48:13.151 [CRITICAL] (          logging.py:  32)     raise err
2025-03-13 09:48:13.151 [CRITICAL] (          logging.py:  32)   File "C:\Users\ejvil\miniconda3\envs\nspyre\Lib\site-packages\nspyre\gui\threadsafe.py", line 171, in _run_safe
2025-03-13 09:48:13.151 [CRITICAL] (          logging.py:  32)     result = fun(*args, **kwargs)
2025-03-13 09:48:13.151 [CRITICAL] (          logging.py:  32)              ^^^^^^^^^^^^^^^^^^^^
2025-03-13 09:48:13.151 [CRITICAL] (          logging.py:  32)   File "C:\Users\ejvil\miniconda3\envs\nspyre\Lib\site-packages\nspyre\gui\widgets\flex_line_plot_3.py", line 373, in get_settings
2025-03-13 09:48:13.151 [CRITICAL] (          logging.py:  32)     settings = self.series_settings[name]
2025-03-13 09:48:13.151 [CRITICAL] (          logging.py:  32)                ~~~~~~~~~~~~~~~~~~~~^^^^^^
2025-03-13 09:48:13.151 [CRITICAL] (          logging.py:  32) KeyError: 'with pi pulse -y latest'
2025-03-13 09:48:13.151 [CRITICAL] (          logging.py:  32) Traceback (most recent call last):
2025-03-13 09:48:13.151 [CRITICAL] (          logging.py:  32)   File "C:\Users\ejvil\miniconda3\envs\nspyre\Lib\site-packages\nspyre\gui\threadsafe.py", line 91, in _handle_error
2025-03-13 09:48:13.151 [CRITICAL] (          logging.py:  32)     raise err
2025-03-13 09:48:13.151 [CRITICAL] (          logging.py:  32)   File "C:\Users\ejvil\miniconda3\envs\nspyre\Lib\site-packages\nspyre\gui\threadsafe.py", line 171, in _run_safe
2025-03-13 09:48:13.151 [CRITICAL] (          logging.py:  32)     result = fun(*args, **kwargs)
2025-03-13 09:48:13.151 [CRITICAL] (          logging.py:  32)              ^^^^^^^^^^^^^^^^^^^^
2025-03-13 09:48:13.151 [CRITICAL] (          logging.py:  32)   File "C:\Users\ejvil\miniconda3\envs\nspyre\Lib\site-packages\nspyre\gui\widgets\flex_line_plot_3.py", line 373, in get_settings
2025-03-13 09:48:13.151 [CRITICAL] (          logging.py:  32)     settings = self.series_settings[name]
2025-03-13 09:48:13.151 [CRITICAL] (          logging.py:  32)                ~~~~~~~~~~~~~~~~~~~~^^^^^^
2025-03-13 09:48:13.151 [CRITICAL] (          logging.py:  32) KeyError: 'no pi pulse +y avg'
2025-03-13 09:48:13.151 [CRITICAL] (          logging.py:  32) Traceback (most recent call last):
2025-03-13 09:48:13.151 [CRITICAL] (          logging.py:  32)   File "C:\Users\ejvil\miniconda3\envs\nspyre\Lib\site-packages\nspyre\gui\threadsafe.py", line 91, in _handle_error
2025-03-13 09:48:13.151 [CRITICAL] (          logging.py:  32)     raise err
2025-03-13 09:48:13.151 [CRITICAL] (          logging.py:  32)   File "C:\Users\ejvil\miniconda3\envs\nspyre\Lib\site-packages\nspyre\gui\threadsafe.py", line 171, in _run_safe
2025-03-13 09:48:13.151 [CRITICAL] (          logging.py:  32)     result = fun(*args, **kwargs)
2025-03-13 09:48:13.151 [CRITICAL] (          logging.py:  32)              ^^^^^^^^^^^^^^^^^^^^
2025-03-13 09:48:13.151 [CRITICAL] (          logging.py:  32)   File "C:\Users\ejvil\miniconda3\envs\nspyre\Lib\site-packages\nspyre\gui\widgets\flex_line_plot_3.py", line 373, in get_settings
2025-03-13 09:48:13.151 [CRITICAL] (          logging.py:  32)     settings = self.series_settings[name]
2025-03-13 09:48:13.151 [CRITICAL] (          logging.py:  32)                ~~~~~~~~~~~~~~~~~~~~^^^^^^
2025-03-13 09:48:13.161 [CRITICAL] (          logging.py:  32) KeyError: 'no pi pulse +y latest'
2025-03-13 09:48:13.161 [CRITICAL] (          logging.py:  32) Traceback (most recent call last):
2025-03-13 09:48:13.161 [CRITICAL] (          logging.py:  32)   File "C:\Users\ejvil\miniconda3\envs\nspyre\Lib\site-packages\nspyre\gui\threadsafe.py", line 91, in _handle_error
2025-03-13 09:48:13.161 [CRITICAL] (          logging.py:  32)     raise err
2025-03-13 09:48:13.161 [CRITICAL] (          logging.py:  32)   File "C:\Users\ejvil\miniconda3\envs\nspyre\Lib\site-packages\nspyre\gui\threadsafe.py", line 171, in _run_safe
2025-03-13 09:48:13.161 [CRITICAL] (          logging.py:  32)     result = fun(*args, **kwargs)
2025-03-13 09:48:13.161 [CRITICAL] (          logging.py:  32)              ^^^^^^^^^^^^^^^^^^^^
2025-03-13 09:48:13.161 [CRITICAL] (          logging.py:  32)   File "C:\Users\ejvil\miniconda3\envs\nspyre\Lib\site-packages\nspyre\gui\widgets\flex_line_plot_3.py", line 373, in get_settings
2025-03-13 09:48:13.161 [CRITICAL] (          logging.py:  32)     settings = self.series_settings[name]
2025-03-13 09:48:13.161 [CRITICAL] (          logging.py:  32)                ~~~~~~~~~~~~~~~~~~~~^^^^^^
2025-03-13 09:48:13.161 [CRITICAL] (          logging.py:  32) KeyError: 'no pi pulse -y avg'
2025-03-13 09:48:13.161 [CRITICAL] (          logging.py:  32) Traceback (most recent call last):
2025-03-13 09:48:13.161 [CRITICAL] (          logging.py:  32)   File "C:\Users\ejvil\miniconda3\envs\nspyre\Lib\site-packages\nspyre\gui\threadsafe.py", line 91, in _handle_error
2025-03-13 09:48:13.161 [CRITICAL] (          logging.py:  32)     raise err
2025-03-13 09:48:13.161 [CRITICAL] (          logging.py:  32)   File "C:\Users\ejvil\miniconda3\envs\nspyre\Lib\site-packages\nspyre\gui\threadsafe.py", line 171, in _run_safe
2025-03-13 09:48:13.161 [CRITICAL] (          logging.py:  32)     result = fun(*args, **kwargs)
2025-03-13 09:48:13.161 [CRITICAL] (          logging.py:  32)              ^^^^^^^^^^^^^^^^^^^^
2025-03-13 09:48:13.161 [CRITICAL] (          logging.py:  32)   File "C:\Users\ejvil\miniconda3\envs\nspyre\Lib\site-packages\nspyre\gui\widgets\flex_line_plot_3.py", line 373, in get_settings
2025-03-13 09:48:13.166 [CRITICAL] (          logging.py:  32)     settings = self.series_settings[name]
2025-03-13 09:48:13.166 [CRITICAL] (          logging.py:  32)                ~~~~~~~~~~~~~~~~~~~~^^^^^^
2025-03-13 09:48:13.166 [CRITICAL] (          logging.py:  32) KeyError: 'no pi pulse -y latest'
2025-03-13 10:18:27.341 [    INFO] (             sink.py: 137) Sink connected to data server [('127.0.0.1', 30101)].
2025-03-13 10:18:47.214 [    INFO] (             sink.py: 137) Sink connected to data server [('127.0.0.1', 30101)].
