2025-03-07 10:33:07.542 [    INFO] (          gateway.py: 152) Gateway connected to instrument server at "localhost:42068".
2025-03-07 10:33:10.312 [    INFO] (             misc.py: 208) Running process function [<bound method NanoNMRMagnetMotion.disable_all of <nnmr_magnet_motion.NanoNMRMagnetMotion object at 0x0000027AEFC32ED0>>] with args: [()] kwargs: [{}].
2025-03-07 10:33:10.321 [    INFO] (gui_all_instruments_current.py: 652) All magnet stages have been parked upon startup of magnet alignment widget.
2025-03-07 10:33:12.889 [    INFO] (          gateway.py: 152) Gateway connected to instrument server at "localhost:42068".
2025-03-07 10:33:12.893 [    INFO] (          gateway.py: 173) Gateway disconnected from server at localhost:42068
2025-03-07 10:33:13.740 [    INFO] (          gateway.py: 152) Gateway connected to instrument server at "localhost:42068".
2025-03-07 10:33:13.740 [    INFO] (          gateway.py: 173) Gateway disconnected from server at localhost:42068
2025-03-07 10:33:15.757 [    INFO] (          gateway.py: 152) Gateway connected to instrument server at "localhost:42068".
2025-03-07 10:33:16.739 [    INFO] (          gateway.py: 173) Gateway disconnected from server at localhost:42068
2025-03-07 10:33:18.045 [    INFO] (          gateway.py: 152) Gateway connected to instrument server at "localhost:42068".
2025-03-07 10:33:18.176 [    INFO] (          gateway.py: 173) Gateway disconnected from server at localhost:42068
2025-03-07 10:33:24.272 [    INFO] (          gateway.py: 152) Gateway connected to instrument server at "localhost:42068".
2025-03-07 10:33:24.272 [    INFO] (          gateway.py: 173) Gateway disconnected from server at localhost:42068
2025-03-07 10:33:29.120 [    INFO] (          gateway.py: 152) Gateway connected to instrument server at "localhost:42068".
2025-03-07 10:33:29.130 [    INFO] (          gateway.py: 173) Gateway disconnected from server at localhost:42068
2025-03-07 10:33:29.141 [    INFO] (          gateway.py: 152) Gateway connected to instrument server at "localhost:42068".
2025-03-07 10:33:29.141 [    INFO] (          gateway.py: 173) Gateway disconnected from server at localhost:42068
2025-03-07 10:33:29.151 [    INFO] (          gateway.py: 152) Gateway connected to instrument server at "localhost:42068".
2025-03-07 10:33:29.151 [    INFO] (          gateway.py: 173) Gateway disconnected from server at localhost:42068
2025-03-07 10:33:29.181 [    INFO] (          gateway.py: 152) Gateway connected to instrument server at "localhost:42068".
2025-03-07 10:33:29.181 [    INFO] (          gateway.py: 173) Gateway disconnected from server at localhost:42068
2025-03-07 10:33:29.181 [    INFO] (          gateway.py: 152) Gateway connected to instrument server at "localhost:42068".
2025-03-07 10:33:29.191 [    INFO] (          gateway.py: 173) Gateway disconnected from server at localhost:42068
2025-03-07 10:33:29.202 [    INFO] (          gateway.py: 152) Gateway connected to instrument server at "localhost:42068".
2025-03-07 10:33:29.204 [    INFO] (          gateway.py: 173) Gateway disconnected from server at localhost:42068
2025-03-07 10:33:29.222 [    INFO] (          gateway.py: 152) Gateway connected to instrument server at "localhost:42068".
2025-03-07 10:33:29.222 [    INFO] (          gateway.py: 173) Gateway disconnected from server at localhost:42068
2025-03-07 10:33:29.243 [    INFO] (          gateway.py: 152) Gateway connected to instrument server at "localhost:42068".
2025-03-07 10:33:29.243 [    INFO] (          gateway.py: 173) Gateway disconnected from server at localhost:42068
2025-03-07 10:33:29.253 [    INFO] (          gateway.py: 152) Gateway connected to instrument server at "localhost:42068".
2025-03-07 10:33:29.253 [    INFO] (          gateway.py: 173) Gateway disconnected from server at localhost:42068
2025-03-07 10:33:29.263 [    INFO] (          gateway.py: 152) Gateway connected to instrument server at "localhost:42068".
2025-03-07 10:33:29.263 [    INFO] (          gateway.py: 173) Gateway disconnected from server at localhost:42068
2025-03-07 10:33:29.273 [    INFO] (          gateway.py: 152) Gateway connected to instrument server at "localhost:42068".
2025-03-07 10:33:29.273 [    INFO] (          gateway.py: 173) Gateway disconnected from server at localhost:42068
2025-03-07 10:33:29.283 [    INFO] (          gateway.py: 152) Gateway connected to instrument server at "localhost:42068".
2025-03-07 10:33:29.283 [    INFO] (          gateway.py: 173) Gateway disconnected from server at localhost:42068
2025-03-07 10:33:29.304 [    INFO] (          gateway.py: 152) Gateway connected to instrument server at "localhost:42068".
2025-03-07 10:33:29.304 [    INFO] (          gateway.py: 173) Gateway disconnected from server at localhost:42068
2025-03-07 10:33:29.314 [    INFO] (          gateway.py: 152) Gateway connected to instrument server at "localhost:42068".
2025-03-07 10:33:29.318 [    INFO] (          gateway.py: 173) Gateway disconnected from server at localhost:42068
2025-03-07 10:33:29.334 [    INFO] (          gateway.py: 152) Gateway connected to instrument server at "localhost:42068".
2025-03-07 10:33:29.337 [    INFO] (          gateway.py: 173) Gateway disconnected from server at localhost:42068
2025-03-07 10:33:29.355 [    INFO] (          gateway.py: 152) Gateway connected to instrument server at "localhost:42068".
2025-03-07 10:33:29.355 [    INFO] (          gateway.py: 173) Gateway disconnected from server at localhost:42068
2025-03-07 10:33:29.376 [    INFO] (          gateway.py: 152) Gateway connected to instrument server at "localhost:42068".
2025-03-07 10:33:29.376 [    INFO] (          gateway.py: 173) Gateway disconnected from server at localhost:42068
2025-03-07 10:33:29.386 [    INFO] (          gateway.py: 152) Gateway connected to instrument server at "localhost:42068".
2025-03-07 10:33:29.386 [    INFO] (          gateway.py: 173) Gateway disconnected from server at localhost:42068
2025-03-07 10:33:29.386 [    INFO] (          gateway.py: 152) Gateway connected to instrument server at "localhost:42068".
2025-03-07 10:33:29.386 [    INFO] (          gateway.py: 173) Gateway disconnected from server at localhost:42068
2025-03-07 10:33:29.396 [    INFO] (          gateway.py: 152) Gateway connected to instrument server at "localhost:42068".
2025-03-07 10:33:29.406 [    INFO] (          gateway.py: 173) Gateway disconnected from server at localhost:42068
2025-03-07 10:33:29.427 [    INFO] (          gateway.py: 152) Gateway connected to instrument server at "localhost:42068".
2025-03-07 10:33:29.427 [    INFO] (          gateway.py: 173) Gateway disconnected from server at localhost:42068
2025-03-07 10:33:29.437 [    INFO] (          gateway.py: 152) Gateway connected to instrument server at "localhost:42068".
2025-03-07 10:33:29.437 [    INFO] (          gateway.py: 173) Gateway disconnected from server at localhost:42068
2025-03-07 10:33:29.458 [    INFO] (          gateway.py: 152) Gateway connected to instrument server at "localhost:42068".
2025-03-07 10:33:29.462 [    INFO] (          gateway.py: 173) Gateway disconnected from server at localhost:42068
2025-03-07 10:33:29.478 [    INFO] (          gateway.py: 152) Gateway connected to instrument server at "localhost:42068".
2025-03-07 10:33:29.481 [    INFO] (          gateway.py: 173) Gateway disconnected from server at localhost:42068
2025-03-07 10:33:29.499 [    INFO] (          gateway.py: 152) Gateway connected to instrument server at "localhost:42068".
2025-03-07 10:33:29.499 [    INFO] (          gateway.py: 173) Gateway disconnected from server at localhost:42068
2025-03-07 10:33:29.509 [    INFO] (          gateway.py: 152) Gateway connected to instrument server at "localhost:42068".
2025-03-07 10:33:29.509 [    INFO] (          gateway.py: 173) Gateway disconnected from server at localhost:42068
2025-03-07 10:33:29.530 [    INFO] (          gateway.py: 152) Gateway connected to instrument server at "localhost:42068".
2025-03-07 10:33:29.530 [    INFO] (          gateway.py: 173) Gateway disconnected from server at localhost:42068
2025-03-07 10:33:29.582 [    INFO] (          gateway.py: 152) Gateway connected to instrument server at "localhost:42068".
2025-03-07 10:33:29.582 [    INFO] (          gateway.py: 173) Gateway disconnected from server at localhost:42068
2025-03-07 10:33:29.613 [    INFO] (          gateway.py: 152) Gateway connected to instrument server at "localhost:42068".
2025-03-07 10:33:29.613 [    INFO] (          gateway.py: 173) Gateway disconnected from server at localhost:42068
2025-03-07 10:33:29.623 [    INFO] (          gateway.py: 152) Gateway connected to instrument server at "localhost:42068".
2025-03-07 10:33:29.623 [    INFO] (          gateway.py: 173) Gateway disconnected from server at localhost:42068
2025-03-07 10:33:29.623 [    INFO] (          gateway.py: 152) Gateway connected to instrument server at "localhost:42068".
2025-03-07 10:33:29.633 [    INFO] (          gateway.py: 173) Gateway disconnected from server at localhost:42068
2025-03-07 10:33:29.653 [    INFO] (          gateway.py: 152) Gateway connected to instrument server at "localhost:42068".
2025-03-07 10:33:29.653 [    INFO] (          gateway.py: 173) Gateway disconnected from server at localhost:42068
2025-03-07 10:33:29.684 [    INFO] (          gateway.py: 152) Gateway connected to instrument server at "localhost:42068".
2025-03-07 10:33:29.684 [    INFO] (          gateway.py: 173) Gateway disconnected from server at localhost:42068
2025-03-07 10:33:29.725 [    INFO] (          gateway.py: 152) Gateway connected to instrument server at "localhost:42068".
2025-03-07 10:33:29.725 [    INFO] (          gateway.py: 173) Gateway disconnected from server at localhost:42068
2025-03-07 10:33:29.827 [    INFO] (          gateway.py: 152) Gateway connected to instrument server at "localhost:42068".
2025-03-07 10:33:29.827 [    INFO] (          gateway.py: 173) Gateway disconnected from server at localhost:42068
2025-03-07 10:33:29.863 [    INFO] (          gateway.py: 152) Gateway connected to instrument server at "localhost:42068".
2025-03-07 10:33:29.863 [    INFO] (          gateway.py: 173) Gateway disconnected from server at localhost:42068
2025-03-07 10:33:29.899 [    INFO] (          gateway.py: 152) Gateway connected to instrument server at "localhost:42068".
2025-03-07 10:33:29.908 [    INFO] (          gateway.py: 173) Gateway disconnected from server at localhost:42068
2025-03-07 10:33:29.914 [    INFO] (          gateway.py: 152) Gateway connected to instrument server at "localhost:42068".
2025-03-07 10:33:29.919 [    INFO] (          gateway.py: 173) Gateway disconnected from server at localhost:42068
2025-03-07 10:33:29.929 [    INFO] (          gateway.py: 152) Gateway connected to instrument server at "localhost:42068".
2025-03-07 10:33:29.929 [    INFO] (          gateway.py: 173) Gateway disconnected from server at localhost:42068
2025-03-07 10:33:29.950 [    INFO] (          gateway.py: 152) Gateway connected to instrument server at "localhost:42068".
2025-03-07 10:33:29.950 [    INFO] (          gateway.py: 173) Gateway disconnected from server at localhost:42068
2025-03-07 10:33:29.960 [    INFO] (          gateway.py: 152) Gateway connected to instrument server at "localhost:42068".
2025-03-07 10:33:29.963 [    INFO] (          gateway.py: 173) Gateway disconnected from server at localhost:42068
2025-03-07 10:33:29.981 [    INFO] (          gateway.py: 152) Gateway connected to instrument server at "localhost:42068".
2025-03-07 10:33:29.981 [    INFO] (          gateway.py: 173) Gateway disconnected from server at localhost:42068
2025-03-07 10:33:29.991 [    INFO] (          gateway.py: 152) Gateway connected to instrument server at "localhost:42068".
2025-03-07 10:33:29.991 [    INFO] (          gateway.py: 173) Gateway disconnected from server at localhost:42068
2025-03-07 10:33:30.001 [    INFO] (          gateway.py: 152) Gateway connected to instrument server at "localhost:42068".
2025-03-07 10:33:30.001 [    INFO] (          gateway.py: 173) Gateway disconnected from server at localhost:42068
2025-03-07 10:33:30.022 [    INFO] (          gateway.py: 152) Gateway connected to instrument server at "localhost:42068".
2025-03-07 10:33:30.022 [    INFO] (          gateway.py: 173) Gateway disconnected from server at localhost:42068
2025-03-07 10:33:30.042 [    INFO] (          gateway.py: 152) Gateway connected to instrument server at "localhost:42068".
2025-03-07 10:33:30.042 [    INFO] (          gateway.py: 173) Gateway disconnected from server at localhost:42068
2025-03-07 10:33:30.052 [    INFO] (          gateway.py: 152) Gateway connected to instrument server at "localhost:42068".
2025-03-07 10:33:30.056 [    INFO] (          gateway.py: 173) Gateway disconnected from server at localhost:42068
2025-03-07 10:33:30.073 [    INFO] (          gateway.py: 152) Gateway connected to instrument server at "localhost:42068".
2025-03-07 10:33:30.073 [    INFO] (          gateway.py: 173) Gateway disconnected from server at localhost:42068
2025-03-07 10:33:30.093 [    INFO] (          gateway.py: 152) Gateway connected to instrument server at "localhost:42068".
2025-03-07 10:33:30.093 [    INFO] (          gateway.py: 173) Gateway disconnected from server at localhost:42068
2025-03-07 10:33:30.104 [    INFO] (          gateway.py: 152) Gateway connected to instrument server at "localhost:42068".
2025-03-07 10:33:30.104 [    INFO] (          gateway.py: 173) Gateway disconnected from server at localhost:42068
2025-03-07 10:33:30.114 [    INFO] (          gateway.py: 152) Gateway connected to instrument server at "localhost:42068".
2025-03-07 10:33:30.114 [    INFO] (          gateway.py: 173) Gateway disconnected from server at localhost:42068
2025-03-07 10:33:30.124 [    INFO] (          gateway.py: 152) Gateway connected to instrument server at "localhost:42068".
2025-03-07 10:33:30.124 [    INFO] (          gateway.py: 173) Gateway disconnected from server at localhost:42068
2025-03-07 10:33:30.145 [    INFO] (          gateway.py: 152) Gateway connected to instrument server at "localhost:42068".
2025-03-07 10:33:30.145 [    INFO] (          gateway.py: 173) Gateway disconnected from server at localhost:42068
2025-03-07 10:33:30.155 [    INFO] (          gateway.py: 152) Gateway connected to instrument server at "localhost:42068".
2025-03-07 10:33:30.155 [    INFO] (          gateway.py: 173) Gateway disconnected from server at localhost:42068
2025-03-07 10:33:30.176 [    INFO] (          gateway.py: 152) Gateway connected to instrument server at "localhost:42068".
2025-03-07 10:33:30.178 [    INFO] (          gateway.py: 173) Gateway disconnected from server at localhost:42068
2025-03-07 10:33:30.206 [    INFO] (          gateway.py: 152) Gateway connected to instrument server at "localhost:42068".
2025-03-07 10:33:30.206 [    INFO] (          gateway.py: 173) Gateway disconnected from server at localhost:42068
2025-03-07 10:33:30.226 [    INFO] (          gateway.py: 152) Gateway connected to instrument server at "localhost:42068".
2025-03-07 10:33:30.226 [    INFO] (          gateway.py: 173) Gateway disconnected from server at localhost:42068
2025-03-07 10:33:30.226 [    INFO] (          gateway.py: 152) Gateway connected to instrument server at "localhost:42068".
2025-03-07 10:33:30.226 [    INFO] (          gateway.py: 173) Gateway disconnected from server at localhost:42068
2025-03-07 10:33:30.247 [    INFO] (          gateway.py: 152) Gateway connected to instrument server at "localhost:42068".
2025-03-07 10:33:30.247 [    INFO] (          gateway.py: 173) Gateway disconnected from server at localhost:42068
2025-03-07 10:33:30.257 [    INFO] (          gateway.py: 152) Gateway connected to instrument server at "localhost:42068".
2025-03-07 10:33:30.257 [    INFO] (          gateway.py: 173) Gateway disconnected from server at localhost:42068
2025-03-07 10:33:30.267 [    INFO] (          gateway.py: 152) Gateway connected to instrument server at "localhost:42068".
2025-03-07 10:33:30.267 [    INFO] (          gateway.py: 173) Gateway disconnected from server at localhost:42068
2025-03-07 10:33:30.278 [    INFO] (          gateway.py: 152) Gateway connected to instrument server at "localhost:42068".
2025-03-07 10:33:30.278 [    INFO] (          gateway.py: 173) Gateway disconnected from server at localhost:42068
2025-03-07 10:33:30.298 [    INFO] (          gateway.py: 152) Gateway connected to instrument server at "localhost:42068".
2025-03-07 10:33:30.298 [    INFO] (          gateway.py: 173) Gateway disconnected from server at localhost:42068
2025-03-07 10:33:30.308 [    INFO] (          gateway.py: 152) Gateway connected to instrument server at "localhost:42068".
2025-03-07 10:33:30.308 [    INFO] (          gateway.py: 173) Gateway disconnected from server at localhost:42068
2025-03-07 10:33:30.318 [    INFO] (          gateway.py: 152) Gateway connected to instrument server at "localhost:42068".
2025-03-07 10:33:30.318 [    INFO] (          gateway.py: 173) Gateway disconnected from server at localhost:42068
2025-03-07 10:33:30.339 [    INFO] (          gateway.py: 152) Gateway connected to instrument server at "localhost:42068".
2025-03-07 10:33:30.339 [    INFO] (          gateway.py: 173) Gateway disconnected from server at localhost:42068
2025-03-07 10:33:30.349 [    INFO] (          gateway.py: 152) Gateway connected to instrument server at "localhost:42068".
2025-03-07 10:33:30.349 [    INFO] (          gateway.py: 173) Gateway disconnected from server at localhost:42068
2025-03-07 10:33:30.359 [    INFO] (          gateway.py: 152) Gateway connected to instrument server at "localhost:42068".
2025-03-07 10:33:30.359 [    INFO] (          gateway.py: 173) Gateway disconnected from server at localhost:42068
2025-03-07 10:33:30.379 [    INFO] (          gateway.py: 152) Gateway connected to instrument server at "localhost:42068".
2025-03-07 10:33:30.379 [    INFO] (          gateway.py: 173) Gateway disconnected from server at localhost:42068
2025-03-07 10:33:30.389 [    INFO] (          gateway.py: 152) Gateway connected to instrument server at "localhost:42068".
2025-03-07 10:33:30.389 [    INFO] (          gateway.py: 173) Gateway disconnected from server at localhost:42068
2025-03-07 10:33:30.410 [    INFO] (          gateway.py: 152) Gateway connected to instrument server at "localhost:42068".
2025-03-07 10:33:30.410 [    INFO] (          gateway.py: 173) Gateway disconnected from server at localhost:42068
2025-03-07 10:33:30.410 [    INFO] (          gateway.py: 152) Gateway connected to instrument server at "localhost:42068".
2025-03-07 10:33:30.420 [    INFO] (          gateway.py: 173) Gateway disconnected from server at localhost:42068
2025-03-07 10:33:30.441 [    INFO] (          gateway.py: 152) Gateway connected to instrument server at "localhost:42068".
2025-03-07 10:33:30.441 [    INFO] (          gateway.py: 173) Gateway disconnected from server at localhost:42068
2025-03-07 10:33:30.451 [    INFO] (          gateway.py: 152) Gateway connected to instrument server at "localhost:42068".
2025-03-07 10:33:30.451 [    INFO] (          gateway.py: 173) Gateway disconnected from server at localhost:42068
2025-03-07 10:33:30.471 [    INFO] (          gateway.py: 152) Gateway connected to instrument server at "localhost:42068".
2025-03-07 10:33:30.471 [    INFO] (          gateway.py: 173) Gateway disconnected from server at localhost:42068
2025-03-07 10:33:30.482 [    INFO] (          gateway.py: 152) Gateway connected to instrument server at "localhost:42068".
2025-03-07 10:33:30.482 [    INFO] (          gateway.py: 173) Gateway disconnected from server at localhost:42068
2025-03-07 10:33:30.492 [    INFO] (          gateway.py: 152) Gateway connected to instrument server at "localhost:42068".
2025-03-07 10:33:30.492 [    INFO] (          gateway.py: 173) Gateway disconnected from server at localhost:42068
2025-03-07 10:33:30.513 [    INFO] (          gateway.py: 152) Gateway connected to instrument server at "localhost:42068".
2025-03-07 10:33:30.513 [    INFO] (          gateway.py: 173) Gateway disconnected from server at localhost:42068
2025-03-07 10:33:30.523 [    INFO] (          gateway.py: 152) Gateway connected to instrument server at "localhost:42068".
2025-03-07 10:33:30.523 [    INFO] (          gateway.py: 173) Gateway disconnected from server at localhost:42068
2025-03-07 10:33:30.544 [    INFO] (          gateway.py: 152) Gateway connected to instrument server at "localhost:42068".
2025-03-07 10:33:30.544 [    INFO] (          gateway.py: 173) Gateway disconnected from server at localhost:42068
2025-03-07 10:33:30.564 [    INFO] (          gateway.py: 152) Gateway connected to instrument server at "localhost:42068".
2025-03-07 10:33:30.564 [    INFO] (          gateway.py: 173) Gateway disconnected from server at localhost:42068
2025-03-07 10:33:30.574 [    INFO] (          gateway.py: 152) Gateway connected to instrument server at "localhost:42068".
2025-03-07 10:33:30.574 [    INFO] (          gateway.py: 173) Gateway disconnected from server at localhost:42068
2025-03-07 10:33:30.584 [    INFO] (          gateway.py: 152) Gateway connected to instrument server at "localhost:42068".
2025-03-07 10:33:30.584 [    INFO] (          gateway.py: 173) Gateway disconnected from server at localhost:42068
2025-03-07 10:33:30.594 [    INFO] (          gateway.py: 152) Gateway connected to instrument server at "localhost:42068".
2025-03-07 10:33:30.594 [    INFO] (          gateway.py: 173) Gateway disconnected from server at localhost:42068
2025-03-07 10:33:30.604 [    INFO] (          gateway.py: 152) Gateway connected to instrument server at "localhost:42068".
2025-03-07 10:33:30.604 [    INFO] (          gateway.py: 173) Gateway disconnected from server at localhost:42068
2025-03-07 10:33:30.625 [    INFO] (          gateway.py: 152) Gateway connected to instrument server at "localhost:42068".
2025-03-07 10:33:30.625 [    INFO] (          gateway.py: 173) Gateway disconnected from server at localhost:42068
2025-03-07 10:33:30.635 [    INFO] (          gateway.py: 152) Gateway connected to instrument server at "localhost:42068".
2025-03-07 10:33:30.635 [    INFO] (          gateway.py: 173) Gateway disconnected from server at localhost:42068
2025-03-07 10:33:30.646 [    INFO] (          gateway.py: 152) Gateway connected to instrument server at "localhost:42068".
2025-03-07 10:33:30.646 [    INFO] (          gateway.py: 173) Gateway disconnected from server at localhost:42068
2025-03-07 10:33:30.666 [    INFO] (          gateway.py: 152) Gateway connected to instrument server at "localhost:42068".
2025-03-07 10:33:30.666 [    INFO] (          gateway.py: 173) Gateway disconnected from server at localhost:42068
2025-03-07 10:33:30.676 [    INFO] (          gateway.py: 152) Gateway connected to instrument server at "localhost:42068".
2025-03-07 10:33:30.676 [    INFO] (          gateway.py: 173) Gateway disconnected from server at localhost:42068
2025-03-07 10:33:30.686 [    INFO] (          gateway.py: 152) Gateway connected to instrument server at "localhost:42068".
2025-03-07 10:33:30.686 [    INFO] (          gateway.py: 173) Gateway disconnected from server at localhost:42068
2025-03-07 10:33:30.717 [    INFO] (          gateway.py: 152) Gateway connected to instrument server at "localhost:42068".
2025-03-07 10:33:30.717 [    INFO] (          gateway.py: 173) Gateway disconnected from server at localhost:42068
2025-03-07 10:33:30.727 [    INFO] (          gateway.py: 152) Gateway connected to instrument server at "localhost:42068".
2025-03-07 10:33:30.727 [    INFO] (          gateway.py: 173) Gateway disconnected from server at localhost:42068
2025-03-07 10:33:30.737 [    INFO] (          gateway.py: 152) Gateway connected to instrument server at "localhost:42068".
2025-03-07 10:33:30.737 [    INFO] (          gateway.py: 173) Gateway disconnected from server at localhost:42068
2025-03-07 10:33:30.741 [    INFO] (          gateway.py: 152) Gateway connected to instrument server at "localhost:42068".
2025-03-07 10:33:30.748 [    INFO] (          gateway.py: 173) Gateway disconnected from server at localhost:42068
2025-03-07 10:33:30.778 [    INFO] (          gateway.py: 152) Gateway connected to instrument server at "localhost:42068".
2025-03-07 10:33:30.778 [    INFO] (          gateway.py: 173) Gateway disconnected from server at localhost:42068
2025-03-07 10:33:30.788 [    INFO] (          gateway.py: 152) Gateway connected to instrument server at "localhost:42068".
2025-03-07 10:33:30.788 [    INFO] (          gateway.py: 173) Gateway disconnected from server at localhost:42068
2025-03-07 10:33:30.820 [    INFO] (          gateway.py: 152) Gateway connected to instrument server at "localhost:42068".
2025-03-07 10:33:30.820 [    INFO] (          gateway.py: 173) Gateway disconnected from server at localhost:42068
2025-03-07 10:33:30.830 [    INFO] (          gateway.py: 152) Gateway connected to instrument server at "localhost:42068".
2025-03-07 10:33:30.830 [    INFO] (          gateway.py: 173) Gateway disconnected from server at localhost:42068
2025-03-07 10:33:30.850 [    INFO] (          gateway.py: 152) Gateway connected to instrument server at "localhost:42068".
2025-03-07 10:33:30.850 [    INFO] (          gateway.py: 173) Gateway disconnected from server at localhost:42068
2025-03-07 10:33:37.070 [    INFO] (          gateway.py: 152) Gateway connected to instrument server at "localhost:42068".
2025-03-07 10:33:37.088 [    INFO] (          gateway.py: 173) Gateway disconnected from server at localhost:42068
2025-03-07 10:33:37.101 [    INFO] (          gateway.py: 152) Gateway connected to instrument server at "localhost:42068".
2025-03-07 10:33:37.111 [    INFO] (          gateway.py: 173) Gateway disconnected from server at localhost:42068
2025-03-07 10:48:04.459 [    INFO] (          gateway.py: 152) Gateway connected to instrument server at "localhost:42068".
2025-03-07 10:48:04.482 [    INFO] (          gateway.py: 173) Gateway disconnected from server at localhost:42068
2025-03-07 10:48:04.498 [    INFO] (          gateway.py: 152) Gateway connected to instrument server at "localhost:42068".
2025-03-07 10:48:04.509 [    INFO] (          gateway.py: 173) Gateway disconnected from server at localhost:42068
2025-03-07 10:48:05.470 [    INFO] (          gateway.py: 152) Gateway connected to instrument server at "localhost:42068".
2025-03-07 10:48:05.470 [    INFO] (          gateway.py: 173) Gateway disconnected from server at localhost:42068
2025-03-07 10:51:05.569 [    INFO] (          gateway.py: 152) Gateway connected to instrument server at "localhost:42068".
2025-03-07 10:51:05.569 [    INFO] (          gateway.py: 173) Gateway disconnected from server at localhost:42068
2025-03-07 10:51:06.305 [    INFO] (          gateway.py: 152) Gateway connected to instrument server at "localhost:42068".
2025-03-07 10:51:06.326 [    INFO] (          gateway.py: 173) Gateway disconnected from server at localhost:42068
2025-03-07 10:51:06.336 [    INFO] (          gateway.py: 152) Gateway connected to instrument server at "localhost:42068".
2025-03-07 10:51:06.346 [    INFO] (          gateway.py: 173) Gateway disconnected from server at localhost:42068
2025-03-07 10:57:44.450 [    INFO] (          gateway.py: 152) Gateway connected to instrument server at "localhost:42068".
2025-03-07 10:57:44.470 [    INFO] (          gateway.py: 173) Gateway disconnected from server at localhost:42068
2025-03-07 10:57:44.480 [    INFO] (          gateway.py: 152) Gateway connected to instrument server at "localhost:42068".
2025-03-07 10:57:44.490 [    INFO] (          gateway.py: 173) Gateway disconnected from server at localhost:42068
2025-03-07 10:57:45.090 [    INFO] (          gateway.py: 152) Gateway connected to instrument server at "localhost:42068".
2025-03-07 10:57:45.090 [    INFO] (          gateway.py: 173) Gateway disconnected from server at localhost:42068
2025-03-07 10:59:33.028 [    INFO] (          gateway.py: 152) Gateway connected to instrument server at "localhost:42068".
2025-03-07 10:59:33.028 [    INFO] (          gateway.py: 173) Gateway disconnected from server at localhost:42068
2025-03-07 10:59:34.324 [    INFO] (          gateway.py: 152) Gateway connected to instrument server at "localhost:42068".
2025-03-07 10:59:34.342 [    INFO] (          gateway.py: 173) Gateway disconnected from server at localhost:42068
2025-03-07 10:59:34.352 [    INFO] (          gateway.py: 152) Gateway connected to instrument server at "localhost:42068".
2025-03-07 10:59:34.364 [    INFO] (          gateway.py: 173) Gateway disconnected from server at localhost:42068
2025-03-07 11:10:39.428 [    INFO] (          gateway.py: 152) Gateway connected to instrument server at "localhost:42068".
2025-03-07 11:10:39.448 [    INFO] (          gateway.py: 173) Gateway disconnected from server at localhost:42068
2025-03-07 11:10:39.458 [    INFO] (          gateway.py: 152) Gateway connected to instrument server at "localhost:42068".
2025-03-07 11:10:39.468 [    INFO] (          gateway.py: 173) Gateway disconnected from server at localhost:42068
2025-03-07 11:10:40.224 [    INFO] (          gateway.py: 152) Gateway connected to instrument server at "localhost:42068".
2025-03-07 11:10:40.235 [    INFO] (          gateway.py: 173) Gateway disconnected from server at localhost:42068
2025-03-07 14:05:34.044 [    INFO] (             misc.py: 208) Running process function [<function run_experiment at 0x0000027AEC318FE0>] with args: [()] kwargs: [{'exp_cls': <class 'nv_experiments_all.SpinMeasurements'>, 'fun_name': 'sigvstime_scan', 'constructor_args': [], 'constructor_kwargs': {}, 'queue_to_exp': <multiprocessing.queues.Queue object at 0x0000027AF5253E50>, 'queue_from_exp': <multiprocessing.queues.Queue object at 0x0000027AF5268310>, 'fun_args': [], 'fun_kwargs': {'exp_sampling_rate': 1000.0, 'sigvstime_detector': 'APD', 'sampling_rate_0': 1000.0, 'sigvstime_detector_0': 'APD', 'laser_power': 0, 'laser_init': 3e-05, 'laser_readout': 2.5e-06, 'sideband_freq': 30000000.0, 'sideband_power': 0.45, 'sideband': 'Lower', 'i_offset': -0.002, 'q_offset': -0.004, 'detector': 'APD', 'segment_size': 1024, 'dig_sampling_freq': 500000000.0, 'dig_amplitude': 1.0, 'read_channel': '0', 'dig_coupling': 'DC', 'dig_termination': '1M', 'pretrig_size': 32, 'dig_timeout': 5.0, 'save': False, 'dataset': 'sigvstime', 'filename': '', 'directory': '', 'seq': 'Signal vs Time', 'fit': False, 'fit_live': False, 'fit_params': [0.0]}}].
2025-03-07 14:05:43.010 [    INFO] (             sink.py: 137) Sink connected to data server [('127.0.0.1', 30101)].
2025-03-07 14:06:00.162 [    INFO] (          gateway.py: 152) Gateway connected to instrument server at "localhost:42068".
2025-03-07 14:06:00.162 [    INFO] (          gateway.py: 173) Gateway disconnected from server at localhost:42068
2025-03-07 14:06:00.173 [    INFO] (          gateway.py: 152) Gateway connected to instrument server at "localhost:42068".
2025-03-07 14:06:00.175 [    INFO] (          gateway.py: 173) Gateway disconnected from server at localhost:42068
2025-03-07 14:06:00.193 [    INFO] (          gateway.py: 152) Gateway connected to instrument server at "localhost:42068".
2025-03-07 14:06:00.193 [    INFO] (          gateway.py: 173) Gateway disconnected from server at localhost:42068
2025-03-07 14:06:00.203 [    INFO] (          gateway.py: 152) Gateway connected to instrument server at "localhost:42068".
2025-03-07 14:06:00.203 [    INFO] (          gateway.py: 173) Gateway disconnected from server at localhost:42068
2025-03-07 14:06:00.213 [    INFO] (          gateway.py: 152) Gateway connected to instrument server at "localhost:42068".
2025-03-07 14:06:00.213 [    INFO] (          gateway.py: 173) Gateway disconnected from server at localhost:42068
2025-03-07 14:06:00.224 [    INFO] (          gateway.py: 152) Gateway connected to instrument server at "localhost:42068".
2025-03-07 14:06:00.224 [    INFO] (          gateway.py: 173) Gateway disconnected from server at localhost:42068
2025-03-07 14:06:00.234 [    INFO] (          gateway.py: 152) Gateway connected to instrument server at "localhost:42068".
2025-03-07 14:06:00.235 [    INFO] (          gateway.py: 173) Gateway disconnected from server at localhost:42068
2025-03-07 14:06:00.247 [    INFO] (          gateway.py: 152) Gateway connected to instrument server at "localhost:42068".
2025-03-07 14:06:00.249 [    INFO] (          gateway.py: 173) Gateway disconnected from server at localhost:42068
2025-03-07 14:06:00.264 [    INFO] (          gateway.py: 152) Gateway connected to instrument server at "localhost:42068".
2025-03-07 14:06:00.264 [    INFO] (          gateway.py: 173) Gateway disconnected from server at localhost:42068
2025-03-07 14:06:00.274 [    INFO] (          gateway.py: 152) Gateway connected to instrument server at "localhost:42068".
2025-03-07 14:06:00.275 [    INFO] (          gateway.py: 173) Gateway disconnected from server at localhost:42068
2025-03-07 14:06:00.285 [    INFO] (          gateway.py: 152) Gateway connected to instrument server at "localhost:42068".
2025-03-07 14:06:00.290 [    INFO] (          gateway.py: 173) Gateway disconnected from server at localhost:42068
2025-03-07 14:06:00.305 [    INFO] (          gateway.py: 152) Gateway connected to instrument server at "localhost:42068".
2025-03-07 14:06:00.305 [    INFO] (          gateway.py: 173) Gateway disconnected from server at localhost:42068
2025-03-07 14:06:00.316 [    INFO] (          gateway.py: 152) Gateway connected to instrument server at "localhost:42068".
2025-03-07 14:06:00.316 [    INFO] (          gateway.py: 173) Gateway disconnected from server at localhost:42068
2025-03-07 14:06:00.326 [    INFO] (          gateway.py: 152) Gateway connected to instrument server at "localhost:42068".
2025-03-07 14:06:00.326 [    INFO] (          gateway.py: 173) Gateway disconnected from server at localhost:42068
2025-03-07 14:06:00.336 [    INFO] (          gateway.py: 152) Gateway connected to instrument server at "localhost:42068".
2025-03-07 14:06:00.338 [    INFO] (          gateway.py: 173) Gateway disconnected from server at localhost:42068
2025-03-07 14:06:00.357 [    INFO] (          gateway.py: 152) Gateway connected to instrument server at "localhost:42068".
2025-03-07 14:06:00.357 [    INFO] (          gateway.py: 173) Gateway disconnected from server at localhost:42068
2025-03-07 14:06:00.367 [    INFO] (          gateway.py: 152) Gateway connected to instrument server at "localhost:42068".
2025-03-07 14:06:00.367 [    INFO] (          gateway.py: 173) Gateway disconnected from server at localhost:42068
2025-03-07 14:06:00.367 [    INFO] (          gateway.py: 152) Gateway connected to instrument server at "localhost:42068".
2025-03-07 14:06:00.375 [    INFO] (          gateway.py: 173) Gateway disconnected from server at localhost:42068
2025-03-07 14:06:00.387 [    INFO] (          gateway.py: 152) Gateway connected to instrument server at "localhost:42068".
2025-03-07 14:06:00.387 [    INFO] (          gateway.py: 173) Gateway disconnected from server at localhost:42068
2025-03-07 14:06:00.397 [    INFO] (          gateway.py: 152) Gateway connected to instrument server at "localhost:42068".
2025-03-07 14:06:00.438 [    INFO] (          gateway.py: 173) Gateway disconnected from server at localhost:42068
2025-03-07 14:06:00.449 [    INFO] (          gateway.py: 152) Gateway connected to instrument server at "localhost:42068".
2025-03-07 14:06:00.449 [    INFO] (          gateway.py: 173) Gateway disconnected from server at localhost:42068
2025-03-07 14:06:00.459 [    INFO] (          gateway.py: 152) Gateway connected to instrument server at "localhost:42068".
2025-03-07 14:06:00.459 [    INFO] (          gateway.py: 173) Gateway disconnected from server at localhost:42068
2025-03-07 14:06:00.469 [    INFO] (          gateway.py: 152) Gateway connected to instrument server at "localhost:42068".
2025-03-07 14:06:00.471 [    INFO] (          gateway.py: 173) Gateway disconnected from server at localhost:42068
2025-03-07 14:06:00.490 [    INFO] (          gateway.py: 152) Gateway connected to instrument server at "localhost:42068".
2025-03-07 14:06:00.490 [    INFO] (          gateway.py: 173) Gateway disconnected from server at localhost:42068
2025-03-07 14:06:00.520 [    INFO] (          gateway.py: 152) Gateway connected to instrument server at "localhost:42068".
2025-03-07 14:06:00.520 [    INFO] (          gateway.py: 173) Gateway disconnected from server at localhost:42068
2025-03-07 14:06:00.561 [    INFO] (          gateway.py: 152) Gateway connected to instrument server at "localhost:42068".
2025-03-07 14:06:00.561 [    INFO] (          gateway.py: 173) Gateway disconnected from server at localhost:42068
2025-03-07 14:06:00.643 [    INFO] (          gateway.py: 152) Gateway connected to instrument server at "localhost:42068".
2025-03-07 14:06:00.643 [    INFO] (          gateway.py: 173) Gateway disconnected from server at localhost:42068
2025-03-07 14:06:00.684 [    INFO] (          gateway.py: 152) Gateway connected to instrument server at "localhost:42068".
2025-03-07 14:06:00.684 [    INFO] (          gateway.py: 173) Gateway disconnected from server at localhost:42068
2025-03-07 14:06:00.735 [    INFO] (          gateway.py: 152) Gateway connected to instrument server at "localhost:42068".
2025-03-07 14:06:00.746 [    INFO] (          gateway.py: 173) Gateway disconnected from server at localhost:42068
2025-03-07 14:06:00.766 [    INFO] (          gateway.py: 152) Gateway connected to instrument server at "localhost:42068".
2025-03-07 14:06:00.766 [    INFO] (          gateway.py: 173) Gateway disconnected from server at localhost:42068
2025-03-07 14:06:00.808 [    INFO] (          gateway.py: 152) Gateway connected to instrument server at "localhost:42068".
2025-03-07 14:06:00.808 [    INFO] (          gateway.py: 173) Gateway disconnected from server at localhost:42068
2025-03-07 14:06:00.839 [    INFO] (          gateway.py: 152) Gateway connected to instrument server at "localhost:42068".
2025-03-07 14:06:00.839 [    INFO] (          gateway.py: 173) Gateway disconnected from server at localhost:42068
2025-03-07 14:06:00.849 [    INFO] (          gateway.py: 152) Gateway connected to instrument server at "localhost:42068".
2025-03-07 14:06:00.849 [    INFO] (          gateway.py: 173) Gateway disconnected from server at localhost:42068
2025-03-07 14:06:00.890 [    INFO] (          gateway.py: 152) Gateway connected to instrument server at "localhost:42068".
2025-03-07 14:06:00.890 [    INFO] (          gateway.py: 173) Gateway disconnected from server at localhost:42068
2025-03-07 14:06:00.911 [    INFO] (          gateway.py: 152) Gateway connected to instrument server at "localhost:42068".
2025-03-07 14:06:00.911 [    INFO] (          gateway.py: 173) Gateway disconnected from server at localhost:42068
2025-03-07 14:06:00.931 [    INFO] (          gateway.py: 152) Gateway connected to instrument server at "localhost:42068".
2025-03-07 14:06:00.931 [    INFO] (          gateway.py: 173) Gateway disconnected from server at localhost:42068
2025-03-07 14:06:00.952 [    INFO] (          gateway.py: 152) Gateway connected to instrument server at "localhost:42068".
2025-03-07 14:06:00.952 [    INFO] (          gateway.py: 173) Gateway disconnected from server at localhost:42068
2025-03-07 14:06:00.993 [    INFO] (          gateway.py: 152) Gateway connected to instrument server at "localhost:42068".
2025-03-07 14:06:00.993 [    INFO] (          gateway.py: 173) Gateway disconnected from server at localhost:42068
2025-03-07 14:06:01.054 [    INFO] (          gateway.py: 152) Gateway connected to instrument server at "localhost:42068".
2025-03-07 14:06:01.058 [    INFO] (          gateway.py: 173) Gateway disconnected from server at localhost:42068
2025-03-07 14:06:01.095 [    INFO] (          gateway.py: 152) Gateway connected to instrument server at "localhost:42068".
2025-03-07 14:06:01.095 [    INFO] (          gateway.py: 173) Gateway disconnected from server at localhost:42068
2025-03-07 14:06:01.147 [    INFO] (          gateway.py: 152) Gateway connected to instrument server at "localhost:42068".
2025-03-07 14:06:01.147 [    INFO] (          gateway.py: 173) Gateway disconnected from server at localhost:42068
2025-03-07 14:06:01.198 [    INFO] (          gateway.py: 152) Gateway connected to instrument server at "localhost:42068".
2025-03-07 14:06:01.202 [    INFO] (          gateway.py: 173) Gateway disconnected from server at localhost:42068
2025-03-07 14:06:01.548 [    INFO] (          gateway.py: 152) Gateway connected to instrument server at "localhost:42068".
2025-03-07 14:06:01.548 [    INFO] (          gateway.py: 173) Gateway disconnected from server at localhost:42068
2025-03-07 14:06:01.568 [    INFO] (          gateway.py: 152) Gateway connected to instrument server at "localhost:42068".
2025-03-07 14:06:01.573 [    INFO] (          gateway.py: 173) Gateway disconnected from server at localhost:42068
2025-03-07 14:06:01.599 [    INFO] (          gateway.py: 152) Gateway connected to instrument server at "localhost:42068".
2025-03-07 14:06:01.599 [    INFO] (          gateway.py: 173) Gateway disconnected from server at localhost:42068
2025-03-07 14:06:01.619 [    INFO] (          gateway.py: 152) Gateway connected to instrument server at "localhost:42068".
2025-03-07 14:06:01.619 [    INFO] (          gateway.py: 173) Gateway disconnected from server at localhost:42068
2025-03-07 14:06:01.641 [    INFO] (          gateway.py: 152) Gateway connected to instrument server at "localhost:42068".
2025-03-07 14:06:01.646 [    INFO] (          gateway.py: 173) Gateway disconnected from server at localhost:42068
2025-03-07 14:06:01.691 [    INFO] (          gateway.py: 152) Gateway connected to instrument server at "localhost:42068".
2025-03-07 14:06:01.691 [    INFO] (          gateway.py: 173) Gateway disconnected from server at localhost:42068
2025-03-07 14:06:01.855 [    INFO] (          gateway.py: 152) Gateway connected to instrument server at "localhost:42068".
2025-03-07 14:06:01.856 [    INFO] (          gateway.py: 173) Gateway disconnected from server at localhost:42068
2025-03-07 14:06:01.875 [    INFO] (          gateway.py: 152) Gateway connected to instrument server at "localhost:42068".
2025-03-07 14:06:01.877 [    INFO] (          gateway.py: 173) Gateway disconnected from server at localhost:42068
2025-03-07 14:06:01.896 [    INFO] (          gateway.py: 152) Gateway connected to instrument server at "localhost:42068".
2025-03-07 14:06:01.896 [    INFO] (          gateway.py: 173) Gateway disconnected from server at localhost:42068
2025-03-07 14:06:01.926 [    INFO] (          gateway.py: 152) Gateway connected to instrument server at "localhost:42068".
2025-03-07 14:06:01.926 [    INFO] (          gateway.py: 173) Gateway disconnected from server at localhost:42068
2025-03-07 14:06:01.936 [    INFO] (          gateway.py: 152) Gateway connected to instrument server at "localhost:42068".
2025-03-07 14:06:01.947 [    INFO] (          gateway.py: 173) Gateway disconnected from server at localhost:42068
2025-03-07 14:06:01.967 [    INFO] (          gateway.py: 152) Gateway connected to instrument server at "localhost:42068".
2025-03-07 14:06:01.977 [    INFO] (          gateway.py: 173) Gateway disconnected from server at localhost:42068
2025-03-07 14:06:02.008 [    INFO] (          gateway.py: 152) Gateway connected to instrument server at "localhost:42068".
2025-03-07 14:06:02.008 [    INFO] (          gateway.py: 173) Gateway disconnected from server at localhost:42068
2025-03-07 14:06:02.028 [    INFO] (          gateway.py: 152) Gateway connected to instrument server at "localhost:42068".
2025-03-07 14:06:02.028 [    INFO] (          gateway.py: 173) Gateway disconnected from server at localhost:42068
2025-03-07 14:06:02.049 [    INFO] (          gateway.py: 152) Gateway connected to instrument server at "localhost:42068".
2025-03-07 14:06:02.049 [    INFO] (          gateway.py: 173) Gateway disconnected from server at localhost:42068
2025-03-07 14:06:02.080 [    INFO] (          gateway.py: 152) Gateway connected to instrument server at "localhost:42068".
2025-03-07 14:06:02.080 [    INFO] (          gateway.py: 173) Gateway disconnected from server at localhost:42068
2025-03-07 14:06:02.100 [    INFO] (          gateway.py: 152) Gateway connected to instrument server at "localhost:42068".
2025-03-07 14:06:02.100 [    INFO] (          gateway.py: 173) Gateway disconnected from server at localhost:42068
2025-03-07 14:06:02.202 [    INFO] (          gateway.py: 152) Gateway connected to instrument server at "localhost:42068".
2025-03-07 14:06:02.206 [    INFO] (          gateway.py: 173) Gateway disconnected from server at localhost:42068
2025-03-07 14:06:02.239 [    INFO] (          gateway.py: 152) Gateway connected to instrument server at "localhost:42068".
2025-03-07 14:06:02.243 [    INFO] (          gateway.py: 173) Gateway disconnected from server at localhost:42068
2025-03-07 14:06:02.254 [    INFO] (          gateway.py: 152) Gateway connected to instrument server at "localhost:42068".
2025-03-07 14:06:02.264 [    INFO] (          gateway.py: 173) Gateway disconnected from server at localhost:42068
2025-03-07 14:06:02.294 [    INFO] (          gateway.py: 152) Gateway connected to instrument server at "localhost:42068".
2025-03-07 14:06:02.294 [    INFO] (          gateway.py: 173) Gateway disconnected from server at localhost:42068
2025-03-07 14:06:02.315 [    INFO] (          gateway.py: 152) Gateway connected to instrument server at "localhost:42068".
2025-03-07 14:06:02.325 [    INFO] (          gateway.py: 173) Gateway disconnected from server at localhost:42068
2025-03-07 14:06:02.356 [    INFO] (          gateway.py: 152) Gateway connected to instrument server at "localhost:42068".
2025-03-07 14:06:02.356 [    INFO] (          gateway.py: 173) Gateway disconnected from server at localhost:42068
2025-03-07 14:06:02.377 [    INFO] (          gateway.py: 152) Gateway connected to instrument server at "localhost:42068".
2025-03-07 14:06:02.383 [    INFO] (          gateway.py: 173) Gateway disconnected from server at localhost:42068
2025-03-07 14:06:02.407 [    INFO] (          gateway.py: 152) Gateway connected to instrument server at "localhost:42068".
2025-03-07 14:06:02.407 [    INFO] (          gateway.py: 173) Gateway disconnected from server at localhost:42068
2025-03-07 14:06:02.428 [    INFO] (          gateway.py: 152) Gateway connected to instrument server at "localhost:42068".
2025-03-07 14:06:02.428 [    INFO] (          gateway.py: 173) Gateway disconnected from server at localhost:42068
2025-03-07 14:06:02.459 [    INFO] (          gateway.py: 152) Gateway connected to instrument server at "localhost:42068".
2025-03-07 14:06:02.461 [    INFO] (          gateway.py: 173) Gateway disconnected from server at localhost:42068
2025-03-07 14:06:02.479 [    INFO] (          gateway.py: 152) Gateway connected to instrument server at "localhost:42068".
2025-03-07 14:06:02.479 [    INFO] (          gateway.py: 173) Gateway disconnected from server at localhost:42068
2025-03-07 14:06:02.479 [    INFO] (          gateway.py: 152) Gateway connected to instrument server at "localhost:42068".
2025-03-07 14:06:02.479 [    INFO] (          gateway.py: 173) Gateway disconnected from server at localhost:42068
2025-03-07 14:06:02.499 [    INFO] (          gateway.py: 152) Gateway connected to instrument server at "localhost:42068".
2025-03-07 14:06:02.506 [    INFO] (          gateway.py: 173) Gateway disconnected from server at localhost:42068
2025-03-07 14:06:03.307 [    INFO] (          gateway.py: 152) Gateway connected to instrument server at "localhost:42068".
2025-03-07 14:06:03.318 [    INFO] (          gateway.py: 173) Gateway disconnected from server at localhost:42068
2025-03-07 14:06:03.338 [    INFO] (          gateway.py: 152) Gateway connected to instrument server at "localhost:42068".
2025-03-07 14:06:03.348 [    INFO] (          gateway.py: 173) Gateway disconnected from server at localhost:42068
2025-03-07 14:06:04.953 [    INFO] (          gateway.py: 152) Gateway connected to instrument server at "localhost:42068".
2025-03-07 14:06:04.963 [    INFO] (          gateway.py: 173) Gateway disconnected from server at localhost:42068
2025-03-07 14:06:04.963 [    INFO] (          gateway.py: 152) Gateway connected to instrument server at "localhost:42068".
2025-03-07 14:06:04.984 [    INFO] (          gateway.py: 173) Gateway disconnected from server at localhost:42068
2025-03-07 14:18:16.021 [    INFO] (             misc.py: 208) Running process function [<function run_experiment at 0x0000027AEC318FE0>] with args: [()] kwargs: [{'exp_cls': <class 'nv_experiments_all.SpinMeasurements'>, 'fun_name': 'sigvstime_scan', 'constructor_args': [], 'constructor_kwargs': {}, 'queue_to_exp': <multiprocessing.queues.Queue object at 0x0000027AF5253E50>, 'queue_from_exp': <multiprocessing.queues.Queue object at 0x0000027AF5268310>, 'fun_args': [], 'fun_kwargs': {'exp_sampling_rate': 1000.0, 'sigvstime_detector': 'APD', 'sampling_rate_0': 1000.0, 'sigvstime_detector_0': 'APD', 'laser_power': 0, 'laser_init': 3e-05, 'laser_readout': 2.5e-06, 'sideband_freq': 30000000.0, 'sideband_power': 0.45, 'sideband': 'Lower', 'i_offset': -0.002, 'q_offset': -0.004, 'detector': 'APD', 'segment_size': 1024, 'dig_sampling_freq': 500000000.0, 'dig_amplitude': 1.0, 'read_channel': '0', 'dig_coupling': 'DC', 'dig_termination': '1M', 'pretrig_size': 32, 'dig_timeout': 5.0, 'save': False, 'dataset': 'sigvstime', 'filename': '', 'directory': '', 'seq': 'Signal vs Time', 'fit': False, 'fit_live': False, 'fit_params': [0.0]}}].
2025-03-07 14:18:30.028 [    INFO] (          gateway.py: 152) Gateway connected to instrument server at "localhost:42068".
2025-03-07 14:18:30.048 [    INFO] (          gateway.py: 173) Gateway disconnected from server at localhost:42068
2025-03-07 14:18:30.058 [    INFO] (          gateway.py: 152) Gateway connected to instrument server at "localhost:42068".
2025-03-07 14:18:30.079 [    INFO] (          gateway.py: 173) Gateway disconnected from server at localhost:42068
2025-03-07 14:18:32.329 [    INFO] (          gateway.py: 152) Gateway connected to instrument server at "localhost:42068".
2025-03-07 14:18:32.332 [    INFO] (          gateway.py: 173) Gateway disconnected from server at localhost:42068
2025-03-07 14:18:32.369 [    INFO] (          gateway.py: 152) Gateway connected to instrument server at "localhost:42068".
2025-03-07 14:18:32.374 [    INFO] (          gateway.py: 173) Gateway disconnected from server at localhost:42068
2025-03-07 14:18:32.414 [    INFO] (          gateway.py: 152) Gateway connected to instrument server at "localhost:42068".
2025-03-07 14:18:32.414 [    INFO] (          gateway.py: 173) Gateway disconnected from server at localhost:42068
2025-03-07 14:18:32.424 [    INFO] (          gateway.py: 152) Gateway connected to instrument server at "localhost:42068".
2025-03-07 14:18:32.424 [    INFO] (          gateway.py: 173) Gateway disconnected from server at localhost:42068
2025-03-07 14:18:32.516 [    INFO] (          gateway.py: 152) Gateway connected to instrument server at "localhost:42068".
2025-03-07 14:18:32.517 [    INFO] (          gateway.py: 173) Gateway disconnected from server at localhost:42068
2025-03-07 14:18:32.536 [    INFO] (          gateway.py: 152) Gateway connected to instrument server at "localhost:42068".
2025-03-07 14:18:32.538 [    INFO] (          gateway.py: 173) Gateway disconnected from server at localhost:42068
2025-03-07 14:18:32.557 [    INFO] (          gateway.py: 152) Gateway connected to instrument server at "localhost:42068".
2025-03-07 14:18:32.557 [    INFO] (          gateway.py: 173) Gateway disconnected from server at localhost:42068
2025-03-07 14:18:32.597 [    INFO] (          gateway.py: 152) Gateway connected to instrument server at "localhost:42068".
2025-03-07 14:18:32.599 [    INFO] (          gateway.py: 173) Gateway disconnected from server at localhost:42068
2025-03-07 14:18:32.618 [    INFO] (          gateway.py: 152) Gateway connected to instrument server at "localhost:42068".
2025-03-07 14:18:32.618 [    INFO] (          gateway.py: 173) Gateway disconnected from server at localhost:42068
2025-03-07 14:18:32.628 [    INFO] (          gateway.py: 152) Gateway connected to instrument server at "localhost:42068".
2025-03-07 14:18:32.628 [    INFO] (          gateway.py: 173) Gateway disconnected from server at localhost:42068
2025-03-07 14:18:32.638 [    INFO] (          gateway.py: 152) Gateway connected to instrument server at "localhost:42068".
2025-03-07 14:18:32.638 [    INFO] (          gateway.py: 173) Gateway disconnected from server at localhost:42068
2025-03-07 14:18:32.659 [    INFO] (          gateway.py: 152) Gateway connected to instrument server at "localhost:42068".
2025-03-07 14:18:32.659 [    INFO] (          gateway.py: 173) Gateway disconnected from server at localhost:42068
2025-03-07 14:18:32.669 [    INFO] (          gateway.py: 152) Gateway connected to instrument server at "localhost:42068".
2025-03-07 14:18:32.674 [    INFO] (          gateway.py: 173) Gateway disconnected from server at localhost:42068
2025-03-07 14:18:32.674 [    INFO] (          gateway.py: 152) Gateway connected to instrument server at "localhost:42068".
2025-03-07 14:18:32.679 [    INFO] (          gateway.py: 173) Gateway disconnected from server at localhost:42068
2025-03-07 14:18:32.700 [    INFO] (          gateway.py: 152) Gateway connected to instrument server at "localhost:42068".
2025-03-07 14:18:32.704 [    INFO] (          gateway.py: 173) Gateway disconnected from server at localhost:42068
2025-03-07 14:18:32.720 [    INFO] (          gateway.py: 152) Gateway connected to instrument server at "localhost:42068".
2025-03-07 14:18:32.722 [    INFO] (          gateway.py: 173) Gateway disconnected from server at localhost:42068
2025-03-07 14:18:32.741 [    INFO] (          gateway.py: 152) Gateway connected to instrument server at "localhost:42068".
2025-03-07 14:18:32.741 [    INFO] (          gateway.py: 173) Gateway disconnected from server at localhost:42068
2025-03-07 14:18:32.760 [    INFO] (          gateway.py: 152) Gateway connected to instrument server at "localhost:42068".
2025-03-07 14:18:32.764 [    INFO] (          gateway.py: 173) Gateway disconnected from server at localhost:42068
2025-03-07 14:18:32.780 [    INFO] (          gateway.py: 152) Gateway connected to instrument server at "localhost:42068".
2025-03-07 14:18:32.780 [    INFO] (          gateway.py: 173) Gateway disconnected from server at localhost:42068
2025-03-07 14:18:32.790 [    INFO] (          gateway.py: 152) Gateway connected to instrument server at "localhost:42068".
2025-03-07 14:18:32.793 [    INFO] (          gateway.py: 173) Gateway disconnected from server at localhost:42068
2025-03-07 14:18:32.811 [    INFO] (          gateway.py: 152) Gateway connected to instrument server at "localhost:42068".
2025-03-07 14:18:32.815 [    INFO] (          gateway.py: 173) Gateway disconnected from server at localhost:42068
2025-03-07 14:18:32.831 [    INFO] (          gateway.py: 152) Gateway connected to instrument server at "localhost:42068".
2025-03-07 14:18:32.831 [    INFO] (          gateway.py: 173) Gateway disconnected from server at localhost:42068
2025-03-07 14:18:32.841 [    INFO] (          gateway.py: 152) Gateway connected to instrument server at "localhost:42068".
2025-03-07 14:18:32.842 [    INFO] (          gateway.py: 173) Gateway disconnected from server at localhost:42068
2025-03-07 14:18:32.862 [    INFO] (          gateway.py: 152) Gateway connected to instrument server at "localhost:42068".
2025-03-07 14:18:32.862 [    INFO] (          gateway.py: 173) Gateway disconnected from server at localhost:42068
2025-03-07 14:18:32.872 [    INFO] (          gateway.py: 152) Gateway connected to instrument server at "localhost:42068".
2025-03-07 14:18:32.874 [    INFO] (          gateway.py: 173) Gateway disconnected from server at localhost:42068
2025-03-07 14:18:32.892 [    INFO] (          gateway.py: 152) Gateway connected to instrument server at "localhost:42068".
2025-03-07 14:18:32.895 [    INFO] (          gateway.py: 173) Gateway disconnected from server at localhost:42068
2025-03-07 14:18:32.899 [    INFO] (          gateway.py: 152) Gateway connected to instrument server at "localhost:42068".
2025-03-07 14:18:32.902 [    INFO] (          gateway.py: 173) Gateway disconnected from server at localhost:42068
2025-03-07 14:18:32.919 [    INFO] (          gateway.py: 152) Gateway connected to instrument server at "localhost:42068".
2025-03-07 14:18:32.957 [    INFO] (          gateway.py: 173) Gateway disconnected from server at localhost:42068
2025-03-07 14:18:32.974 [    INFO] (          gateway.py: 152) Gateway connected to instrument server at "localhost:42068".
2025-03-07 14:18:32.974 [    INFO] (          gateway.py: 173) Gateway disconnected from server at localhost:42068
2025-03-07 14:18:32.984 [    INFO] (          gateway.py: 152) Gateway connected to instrument server at "localhost:42068".
2025-03-07 14:18:32.984 [    INFO] (          gateway.py: 173) Gateway disconnected from server at localhost:42068
2025-03-07 14:18:33.004 [    INFO] (          gateway.py: 152) Gateway connected to instrument server at "localhost:42068".
2025-03-07 14:18:33.004 [    INFO] (          gateway.py: 173) Gateway disconnected from server at localhost:42068
2025-03-07 14:18:33.014 [    INFO] (          gateway.py: 152) Gateway connected to instrument server at "localhost:42068".
2025-03-07 14:18:33.014 [    INFO] (          gateway.py: 173) Gateway disconnected from server at localhost:42068
2025-03-07 14:18:33.024 [    INFO] (          gateway.py: 152) Gateway connected to instrument server at "localhost:42068".
2025-03-07 14:18:33.024 [    INFO] (          gateway.py: 173) Gateway disconnected from server at localhost:42068
2025-03-07 14:18:33.035 [    INFO] (          gateway.py: 152) Gateway connected to instrument server at "localhost:42068".
2025-03-07 14:18:33.035 [    INFO] (          gateway.py: 173) Gateway disconnected from server at localhost:42068
2025-03-07 14:18:33.045 [    INFO] (          gateway.py: 152) Gateway connected to instrument server at "localhost:42068".
2025-03-07 14:18:33.045 [    INFO] (          gateway.py: 173) Gateway disconnected from server at localhost:42068
2025-03-07 14:18:33.055 [    INFO] (          gateway.py: 152) Gateway connected to instrument server at "localhost:42068".
2025-03-07 14:18:33.055 [    INFO] (          gateway.py: 173) Gateway disconnected from server at localhost:42068
2025-03-07 14:18:33.065 [    INFO] (          gateway.py: 152) Gateway connected to instrument server at "localhost:42068".
2025-03-07 14:18:33.065 [    INFO] (          gateway.py: 173) Gateway disconnected from server at localhost:42068
2025-03-07 14:18:33.086 [    INFO] (          gateway.py: 152) Gateway connected to instrument server at "localhost:42068".
2025-03-07 14:18:33.088 [    INFO] (          gateway.py: 173) Gateway disconnected from server at localhost:42068
2025-03-07 14:18:33.106 [    INFO] (          gateway.py: 152) Gateway connected to instrument server at "localhost:42068".
2025-03-07 14:18:33.106 [    INFO] (          gateway.py: 173) Gateway disconnected from server at localhost:42068
2025-03-07 14:18:33.127 [    INFO] (          gateway.py: 152) Gateway connected to instrument server at "localhost:42068".
2025-03-07 14:18:33.127 [    INFO] (          gateway.py: 173) Gateway disconnected from server at localhost:42068
2025-03-07 14:18:33.137 [    INFO] (          gateway.py: 152) Gateway connected to instrument server at "localhost:42068".
2025-03-07 14:18:33.137 [    INFO] (          gateway.py: 173) Gateway disconnected from server at localhost:42068
2025-03-07 14:18:33.147 [    INFO] (          gateway.py: 152) Gateway connected to instrument server at "localhost:42068".
2025-03-07 14:18:33.147 [    INFO] (          gateway.py: 173) Gateway disconnected from server at localhost:42068
2025-03-07 14:18:33.157 [    INFO] (          gateway.py: 152) Gateway connected to instrument server at "localhost:42068".
2025-03-07 14:18:33.157 [    INFO] (          gateway.py: 173) Gateway disconnected from server at localhost:42068
2025-03-07 14:18:33.168 [    INFO] (          gateway.py: 152) Gateway connected to instrument server at "localhost:42068".
2025-03-07 14:18:33.172 [    INFO] (          gateway.py: 173) Gateway disconnected from server at localhost:42068
2025-03-07 14:18:33.188 [    INFO] (          gateway.py: 152) Gateway connected to instrument server at "localhost:42068".
2025-03-07 14:18:33.188 [    INFO] (          gateway.py: 173) Gateway disconnected from server at localhost:42068
2025-03-07 14:18:33.198 [    INFO] (          gateway.py: 152) Gateway connected to instrument server at "localhost:42068".
2025-03-07 14:18:33.198 [    INFO] (          gateway.py: 173) Gateway disconnected from server at localhost:42068
2025-03-07 14:18:33.208 [    INFO] (          gateway.py: 152) Gateway connected to instrument server at "localhost:42068".
2025-03-07 14:18:33.208 [    INFO] (          gateway.py: 173) Gateway disconnected from server at localhost:42068
2025-03-07 14:18:33.218 [    INFO] (          gateway.py: 152) Gateway connected to instrument server at "localhost:42068".
2025-03-07 14:18:33.228 [    INFO] (          gateway.py: 173) Gateway disconnected from server at localhost:42068
2025-03-07 14:18:33.249 [    INFO] (          gateway.py: 152) Gateway connected to instrument server at "localhost:42068".
2025-03-07 14:18:33.249 [    INFO] (          gateway.py: 173) Gateway disconnected from server at localhost:42068
2025-03-07 14:18:33.260 [    INFO] (          gateway.py: 152) Gateway connected to instrument server at "localhost:42068".
2025-03-07 14:18:33.260 [    INFO] (          gateway.py: 173) Gateway disconnected from server at localhost:42068
2025-03-07 14:20:59.658 [    INFO] (          gateway.py: 152) Gateway connected to instrument server at "localhost:42068".
2025-03-07 14:20:59.668 [    INFO] (          gateway.py: 173) Gateway disconnected from server at localhost:42068
2025-03-07 14:20:59.679 [    INFO] (          gateway.py: 152) Gateway connected to instrument server at "localhost:42068".
2025-03-07 14:20:59.689 [    INFO] (          gateway.py: 173) Gateway disconnected from server at localhost:42068
2025-03-07 14:29:44.474 [    INFO] (             misc.py: 208) Running process function [<function run_experiment at 0x0000027AEC318FE0>] with args: [()] kwargs: [{'exp_cls': <class 'nv_experiments_all.SpinMeasurements'>, 'fun_name': 'sigvstime_scan', 'constructor_args': [], 'constructor_kwargs': {}, 'queue_to_exp': <multiprocessing.queues.Queue object at 0x0000027AF5253E50>, 'queue_from_exp': <multiprocessing.queues.Queue object at 0x0000027AF5268310>, 'fun_args': [], 'fun_kwargs': {'exp_sampling_rate': 1000.0, 'sigvstime_detector': 'APD', 'sampling_rate_0': 1000.0, 'sigvstime_detector_0': 'APD', 'laser_power': 0, 'laser_init': 3e-05, 'laser_readout': 2.5e-06, 'sideband_freq': 30000000.0, 'sideband_power': 0.45, 'sideband': 'Lower', 'i_offset': -0.002, 'q_offset': -0.004, 'detector': 'APD', 'segment_size': 1024, 'dig_sampling_freq': 500000000.0, 'dig_amplitude': 1.0, 'read_channel': '0', 'dig_coupling': 'DC', 'dig_termination': '1M', 'pretrig_size': 32, 'dig_timeout': 5.0, 'save': False, 'dataset': 'sigvstime', 'filename': '', 'directory': '', 'seq': 'Signal vs Time', 'fit': False, 'fit_live': False, 'fit_params': [0.0]}}].
2025-03-07 14:29:54.216 [    INFO] (          gateway.py: 152) Gateway connected to instrument server at "localhost:42068".
2025-03-07 14:29:54.236 [    INFO] (          gateway.py: 173) Gateway disconnected from server at localhost:42068
2025-03-07 14:29:54.247 [    INFO] (          gateway.py: 152) Gateway connected to instrument server at "localhost:42068".
2025-03-07 14:29:54.257 [    INFO] (          gateway.py: 173) Gateway disconnected from server at localhost:42068
2025-03-07 14:30:23.963 [    INFO] (          gateway.py: 152) Gateway connected to instrument server at "localhost:42068".
2025-03-07 14:30:23.972 [    INFO] (          gateway.py: 173) Gateway disconnected from server at localhost:42068
2025-03-07 14:30:23.983 [    INFO] (          gateway.py: 152) Gateway connected to instrument server at "localhost:42068".
2025-03-07 14:30:23.995 [    INFO] (          gateway.py: 173) Gateway disconnected from server at localhost:42068
2025-03-07 14:31:18.648 [    INFO] (             misc.py: 208) Running process function [<function run_experiment at 0x0000027AEC318FE0>] with args: [()] kwargs: [{'exp_cls': <class 'nv_experiments_all.SpinMeasurements'>, 'fun_name': 'sigvstime_scan', 'constructor_args': [], 'constructor_kwargs': {}, 'queue_to_exp': <multiprocessing.queues.Queue object at 0x0000027AF5253E50>, 'queue_from_exp': <multiprocessing.queues.Queue object at 0x0000027AF5268310>, 'fun_args': [], 'fun_kwargs': {'exp_sampling_rate': 1000.0, 'sigvstime_detector': 'APD', 'sampling_rate_0': 1000.0, 'sigvstime_detector_0': 'APD', 'laser_power': 0, 'laser_init': 3e-05, 'laser_readout': 2.5e-06, 'sideband_freq': 30000000.0, 'sideband_power': 0.45, 'sideband': 'Lower', 'i_offset': -0.002, 'q_offset': -0.004, 'detector': 'APD', 'segment_size': 1024, 'dig_sampling_freq': 500000000.0, 'dig_amplitude': 1.0, 'read_channel': '0', 'dig_coupling': 'DC', 'dig_termination': '1M', 'pretrig_size': 32, 'dig_timeout': 5.0, 'save': False, 'dataset': 'sigvstime', 'filename': '', 'directory': '', 'seq': 'Signal vs Time', 'fit': False, 'fit_live': False, 'fit_params': [0.0]}}].
2025-03-07 14:31:29.523 [    INFO] (          gateway.py: 152) Gateway connected to instrument server at "localhost:42068".
2025-03-07 14:31:29.544 [    INFO] (          gateway.py: 173) Gateway disconnected from server at localhost:42068
2025-03-07 14:31:29.564 [    INFO] (          gateway.py: 152) Gateway connected to instrument server at "localhost:42068".
2025-03-07 14:31:29.574 [    INFO] (          gateway.py: 173) Gateway disconnected from server at localhost:42068
2025-03-07 14:34:09.596 [    INFO] (          gateway.py: 152) Gateway connected to instrument server at "localhost:42068".
2025-03-07 14:34:09.616 [    INFO] (          gateway.py: 173) Gateway disconnected from server at localhost:42068
2025-03-07 14:34:09.626 [    INFO] (          gateway.py: 152) Gateway connected to instrument server at "localhost:42068".
2025-03-07 14:34:09.636 [    INFO] (          gateway.py: 173) Gateway disconnected from server at localhost:42068
2025-03-07 14:34:16.274 [    INFO] (             misc.py: 208) Running process function [<function run_experiment at 0x0000027AEC318FE0>] with args: [()] kwargs: [{'exp_cls': <class 'nv_experiments_all.SpinMeasurements'>, 'fun_name': 'sigvstime_scan', 'constructor_args': [], 'constructor_kwargs': {}, 'queue_to_exp': <multiprocessing.queues.Queue object at 0x0000027AF5253E50>, 'queue_from_exp': <multiprocessing.queues.Queue object at 0x0000027AF5268310>, 'fun_args': [], 'fun_kwargs': {'exp_sampling_rate': 1000.0, 'sigvstime_detector': 'APD', 'sampling_rate_0': 1000.0, 'sigvstime_detector_0': 'APD', 'laser_power': 0, 'laser_init': 3e-05, 'laser_readout': 2.5e-06, 'sideband_freq': 30000000.0, 'sideband_power': 0.45, 'sideband': 'Lower', 'i_offset': -0.002, 'q_offset': -0.004, 'detector': 'APD', 'segment_size': 1024, 'dig_sampling_freq': 500000000.0, 'dig_amplitude': 1.0, 'read_channel': '0', 'dig_coupling': 'DC', 'dig_termination': '1M', 'pretrig_size': 32, 'dig_timeout': 5.0, 'save': False, 'dataset': 'sigvstime', 'filename': '', 'directory': '', 'seq': 'Signal vs Time', 'fit': False, 'fit_live': False, 'fit_params': [0.0]}}].
2025-03-07 14:34:24.585 [    INFO] (          gateway.py: 152) Gateway connected to instrument server at "localhost:42068".
2025-03-07 14:34:24.595 [    INFO] (          gateway.py: 173) Gateway disconnected from server at localhost:42068
2025-03-07 14:34:24.605 [    INFO] (          gateway.py: 152) Gateway connected to instrument server at "localhost:42068".
2025-03-07 14:34:24.616 [    INFO] (          gateway.py: 173) Gateway disconnected from server at localhost:42068
2025-03-07 14:36:58.020 [    INFO] (          gateway.py: 152) Gateway connected to instrument server at "localhost:42068".
2025-03-07 14:36:58.035 [    INFO] (          gateway.py: 173) Gateway disconnected from server at localhost:42068
2025-03-07 14:36:58.050 [    INFO] (          gateway.py: 152) Gateway connected to instrument server at "localhost:42068".
2025-03-07 14:36:58.060 [    INFO] (          gateway.py: 173) Gateway disconnected from server at localhost:42068
2025-03-07 14:37:01.877 [    INFO] (             misc.py: 208) Running process function [<function run_experiment at 0x0000027AEC318FE0>] with args: [()] kwargs: [{'exp_cls': <class 'nv_experiments_all.SpinMeasurements'>, 'fun_name': 'sigvstime_scan', 'constructor_args': [], 'constructor_kwargs': {}, 'queue_to_exp': <multiprocessing.queues.Queue object at 0x0000027AF5253E50>, 'queue_from_exp': <multiprocessing.queues.Queue object at 0x0000027AF5268310>, 'fun_args': [], 'fun_kwargs': {'exp_sampling_rate': 1000.0, 'sigvstime_detector': 'APD', 'sampling_rate_0': 1000.0, 'sigvstime_detector_0': 'APD', 'laser_power': 0, 'laser_init': 3e-05, 'laser_readout': 2.5e-06, 'sideband_freq': 30000000.0, 'sideband_power': 0.45, 'sideband': 'Lower', 'i_offset': -0.002, 'q_offset': -0.004, 'detector': 'APD', 'segment_size': 1024, 'dig_sampling_freq': 500000000.0, 'dig_amplitude': 1.0, 'read_channel': '0', 'dig_coupling': 'DC', 'dig_termination': '1M', 'pretrig_size': 32, 'dig_timeout': 5.0, 'save': False, 'dataset': 'sigvstime', 'filename': '', 'directory': '', 'seq': 'Signal vs Time', 'fit': False, 'fit_live': False, 'fit_params': [0.0]}}].
2025-03-07 14:39:22.902 [    INFO] (             misc.py: 208) Running process function [<function run_experiment at 0x0000027AEC318FE0>] with args: [()] kwargs: [{'exp_cls': <class 'nv_experiments_all.SpinMeasurements'>, 'fun_name': 'sigvstime_scan', 'constructor_args': [], 'constructor_kwargs': {}, 'queue_to_exp': <multiprocessing.queues.Queue object at 0x0000027AF5253E50>, 'queue_from_exp': <multiprocessing.queues.Queue object at 0x0000027AF5268310>, 'fun_args': [], 'fun_kwargs': {'exp_sampling_rate': 1000.0, 'sigvstime_detector': 'APD', 'sampling_rate_0': 1000.0, 'sigvstime_detector_0': 'APD', 'laser_power': 0, 'laser_init': 3e-05, 'laser_readout': 2.5e-06, 'sideband_freq': 30000000.0, 'sideband_power': 0.45, 'sideband': 'Lower', 'i_offset': -0.002, 'q_offset': -0.004, 'detector': 'APD', 'segment_size': 1024, 'dig_sampling_freq': 500000000.0, 'dig_amplitude': 1.0, 'read_channel': '0', 'dig_coupling': 'DC', 'dig_termination': '1M', 'pretrig_size': 32, 'dig_timeout': 5.0, 'save': False, 'dataset': 'sigvstime', 'filename': '', 'directory': '', 'seq': 'Signal vs Time', 'fit': False, 'fit_live': False, 'fit_params': [0.0]}}].
2025-03-07 14:39:36.357 [    INFO] (          gateway.py: 152) Gateway connected to instrument server at "localhost:42068".
2025-03-07 14:39:36.370 [    INFO] (          gateway.py: 173) Gateway disconnected from server at localhost:42068
2025-03-07 14:39:36.387 [    INFO] (          gateway.py: 152) Gateway connected to instrument server at "localhost:42068".
2025-03-07 14:39:36.398 [    INFO] (          gateway.py: 173) Gateway disconnected from server at localhost:42068
2025-03-07 14:48:34.982 [    INFO] (          gateway.py: 152) Gateway connected to instrument server at "localhost:42068".
2025-03-07 14:48:34.989 [    INFO] (          gateway.py: 173) Gateway disconnected from server at localhost:42068
2025-03-07 14:48:35.155 [    INFO] (          gateway.py: 152) Gateway connected to instrument server at "localhost:42068".
2025-03-07 14:48:35.159 [    INFO] (          gateway.py: 173) Gateway disconnected from server at localhost:42068
2025-03-07 14:48:35.442 [    INFO] (          gateway.py: 152) Gateway connected to instrument server at "localhost:42068".
2025-03-07 14:48:35.446 [    INFO] (          gateway.py: 173) Gateway disconnected from server at localhost:42068
2025-03-07 14:48:35.695 [    INFO] (          gateway.py: 152) Gateway connected to instrument server at "localhost:42068".
2025-03-07 14:48:35.700 [    INFO] (          gateway.py: 173) Gateway disconnected from server at localhost:42068
2025-03-07 14:48:38.291 [    INFO] (          gateway.py: 152) Gateway connected to instrument server at "localhost:42068".
2025-03-07 14:48:38.297 [    INFO] (          gateway.py: 173) Gateway disconnected from server at localhost:42068
2025-03-07 14:48:38.820 [    INFO] (          gateway.py: 152) Gateway connected to instrument server at "localhost:42068".
2025-03-07 14:48:38.830 [    INFO] (          gateway.py: 173) Gateway disconnected from server at localhost:42068
2025-03-07 14:48:39.318 [    INFO] (          gateway.py: 152) Gateway connected to instrument server at "localhost:42068".
2025-03-07 14:48:39.328 [    INFO] (          gateway.py: 173) Gateway disconnected from server at localhost:42068
2025-03-07 14:48:39.491 [    INFO] (          gateway.py: 152) Gateway connected to instrument server at "localhost:42068".
2025-03-07 14:48:39.491 [    INFO] (          gateway.py: 173) Gateway disconnected from server at localhost:42068
2025-03-07 14:48:43.368 [    INFO] (          gateway.py: 152) Gateway connected to instrument server at "localhost:42068".
2025-03-07 14:48:43.368 [    INFO] (          gateway.py: 173) Gateway disconnected from server at localhost:42068
2025-03-07 14:48:43.613 [    INFO] (          gateway.py: 152) Gateway connected to instrument server at "localhost:42068".
2025-03-07 14:48:43.613 [    INFO] (          gateway.py: 173) Gateway disconnected from server at localhost:42068
2025-03-07 14:48:44.429 [    INFO] (          gateway.py: 152) Gateway connected to instrument server at "localhost:42068".
2025-03-07 14:48:44.440 [    INFO] (          gateway.py: 173) Gateway disconnected from server at localhost:42068
2025-03-07 14:48:44.581 [    INFO] (          gateway.py: 152) Gateway connected to instrument server at "localhost:42068".
2025-03-07 14:48:44.581 [    INFO] (          gateway.py: 173) Gateway disconnected from server at localhost:42068
2025-03-07 14:48:44.805 [    INFO] (          gateway.py: 152) Gateway connected to instrument server at "localhost:42068".
2025-03-07 14:48:44.805 [    INFO] (          gateway.py: 173) Gateway disconnected from server at localhost:42068
2025-03-07 14:48:44.867 [    INFO] (          gateway.py: 152) Gateway connected to instrument server at "localhost:42068".
2025-03-07 14:48:44.867 [    INFO] (          gateway.py: 173) Gateway disconnected from server at localhost:42068
2025-03-07 14:48:45.143 [    INFO] (          gateway.py: 152) Gateway connected to instrument server at "localhost:42068".
2025-03-07 14:48:45.148 [    INFO] (          gateway.py: 173) Gateway disconnected from server at localhost:42068
2025-03-07 14:49:02.740 [    INFO] (          gateway.py: 152) Gateway connected to instrument server at "localhost:42068".
2025-03-07 14:49:02.740 [    INFO] (          gateway.py: 173) Gateway disconnected from server at localhost:42068
2025-03-07 14:49:02.780 [    INFO] (          gateway.py: 152) Gateway connected to instrument server at "localhost:42068".
2025-03-07 14:49:02.782 [    INFO] (          gateway.py: 173) Gateway disconnected from server at localhost:42068
2025-03-07 14:49:02.782 [    INFO] (          gateway.py: 152) Gateway connected to instrument server at "localhost:42068".
2025-03-07 14:49:02.782 [    INFO] (          gateway.py: 173) Gateway disconnected from server at localhost:42068
2025-03-07 14:49:02.801 [    INFO] (          gateway.py: 152) Gateway connected to instrument server at "localhost:42068".
2025-03-07 14:49:02.801 [    INFO] (          gateway.py: 173) Gateway disconnected from server at localhost:42068
2025-03-07 14:49:02.811 [    INFO] (          gateway.py: 152) Gateway connected to instrument server at "localhost:42068".
2025-03-07 14:49:02.813 [    INFO] (          gateway.py: 173) Gateway disconnected from server at localhost:42068
2025-03-07 14:49:02.831 [    INFO] (          gateway.py: 152) Gateway connected to instrument server at "localhost:42068".
2025-03-07 14:49:02.831 [    INFO] (          gateway.py: 173) Gateway disconnected from server at localhost:42068
2025-03-07 14:49:02.841 [    INFO] (          gateway.py: 152) Gateway connected to instrument server at "localhost:42068".
2025-03-07 14:49:02.841 [    INFO] (          gateway.py: 173) Gateway disconnected from server at localhost:42068
2025-03-07 14:49:02.852 [    INFO] (          gateway.py: 152) Gateway connected to instrument server at "localhost:42068".
2025-03-07 14:49:02.852 [    INFO] (          gateway.py: 173) Gateway disconnected from server at localhost:42068
2025-03-07 14:49:02.872 [    INFO] (          gateway.py: 152) Gateway connected to instrument server at "localhost:42068".
2025-03-07 14:49:02.872 [    INFO] (          gateway.py: 173) Gateway disconnected from server at localhost:42068
2025-03-07 14:49:02.882 [    INFO] (          gateway.py: 152) Gateway connected to instrument server at "localhost:42068".
2025-03-07 14:49:02.882 [    INFO] (          gateway.py: 173) Gateway disconnected from server at localhost:42068
2025-03-07 14:49:13.006 [    INFO] (          gateway.py: 152) Gateway connected to instrument server at "localhost:42068".
2025-03-07 14:49:13.016 [    INFO] (          gateway.py: 173) Gateway disconnected from server at localhost:42068
2025-03-07 14:49:13.027 [    INFO] (          gateway.py: 152) Gateway connected to instrument server at "localhost:42068".
2025-03-07 14:49:13.037 [    INFO] (          gateway.py: 173) Gateway disconnected from server at localhost:42068
2025-03-07 14:50:22.191 [    INFO] (             misc.py: 208) Running process function [<function run_experiment at 0x0000027AEC318FE0>] with args: [()] kwargs: [{'exp_cls': <class 'nv_experiments_all.SpinMeasurements'>, 'fun_name': 'sigvstime_scan', 'constructor_args': [], 'constructor_kwargs': {}, 'queue_to_exp': <multiprocessing.queues.Queue object at 0x0000027AF5253E50>, 'queue_from_exp': <multiprocessing.queues.Queue object at 0x0000027AF5268310>, 'fun_args': [], 'fun_kwargs': {'exp_sampling_rate': 1000.0, 'sigvstime_detector': 'APD', 'sampling_rate_0': 1000.0, 'sigvstime_detector_0': 'APD', 'laser_power': 0, 'laser_init': 3e-05, 'laser_readout': 2.5e-06, 'sideband_freq': 30000000.0, 'sideband_power': 0.45, 'sideband': 'Lower', 'i_offset': -0.002, 'q_offset': -0.004, 'detector': 'APD', 'segment_size': 1024, 'dig_sampling_freq': 500000000.0, 'dig_amplitude': 1.0, 'read_channel': '0', 'dig_coupling': 'DC', 'dig_termination': '1M', 'pretrig_size': 32, 'dig_timeout': 5.0, 'save': False, 'dataset': 'sigvstime', 'filename': '', 'directory': '', 'seq': 'Signal vs Time', 'fit': False, 'fit_live': False, 'fit_params': [0.0]}}].
2025-03-07 14:50:29.134 [    INFO] (          gateway.py: 152) Gateway connected to instrument server at "localhost:42068".
2025-03-07 14:50:29.140 [    INFO] (          gateway.py: 173) Gateway disconnected from server at localhost:42068
2025-03-07 14:50:29.144 [    INFO] (          gateway.py: 152) Gateway connected to instrument server at "localhost:42068".
2025-03-07 14:50:29.156 [    INFO] (          gateway.py: 173) Gateway disconnected from server at localhost:42068
2025-03-07 14:50:29.175 [    INFO] (          gateway.py: 152) Gateway connected to instrument server at "localhost:42068".
2025-03-07 14:50:29.175 [    INFO] (          gateway.py: 173) Gateway disconnected from server at localhost:42068
2025-03-07 14:50:29.196 [    INFO] (          gateway.py: 152) Gateway connected to instrument server at "localhost:42068".
2025-03-07 14:50:29.196 [    INFO] (          gateway.py: 173) Gateway disconnected from server at localhost:42068
2025-03-07 14:50:29.288 [    INFO] (          gateway.py: 152) Gateway connected to instrument server at "localhost:42068".
2025-03-07 14:50:29.288 [    INFO] (          gateway.py: 173) Gateway disconnected from server at localhost:42068
2025-03-07 14:50:29.441 [    INFO] (          gateway.py: 152) Gateway connected to instrument server at "localhost:42068".
2025-03-07 14:50:29.441 [    INFO] (          gateway.py: 173) Gateway disconnected from server at localhost:42068
2025-03-07 14:50:29.543 [    INFO] (          gateway.py: 152) Gateway connected to instrument server at "localhost:42068".
2025-03-07 14:50:29.546 [    INFO] (          gateway.py: 173) Gateway disconnected from server at localhost:42068
2025-03-07 14:50:29.583 [    INFO] (          gateway.py: 152) Gateway connected to instrument server at "localhost:42068".
2025-03-07 14:50:29.583 [    INFO] (          gateway.py: 173) Gateway disconnected from server at localhost:42068
2025-03-07 14:50:29.644 [    INFO] (          gateway.py: 152) Gateway connected to instrument server at "localhost:42068".
2025-03-07 14:50:29.655 [    INFO] (          gateway.py: 173) Gateway disconnected from server at localhost:42068
2025-03-07 14:50:29.796 [    INFO] (          gateway.py: 152) Gateway connected to instrument server at "localhost:42068".
2025-03-07 14:50:29.796 [    INFO] (          gateway.py: 173) Gateway disconnected from server at localhost:42068
2025-03-07 14:50:29.917 [    INFO] (          gateway.py: 152) Gateway connected to instrument server at "localhost:42068".
2025-03-07 14:50:29.917 [    INFO] (          gateway.py: 173) Gateway disconnected from server at localhost:42068
2025-03-07 14:50:30.071 [    INFO] (          gateway.py: 152) Gateway connected to instrument server at "localhost:42068".
2025-03-07 14:50:30.077 [    INFO] (          gateway.py: 173) Gateway disconnected from server at localhost:42068
2025-03-07 14:50:30.266 [    INFO] (          gateway.py: 152) Gateway connected to instrument server at "localhost:42068".
2025-03-07 14:50:30.266 [    INFO] (          gateway.py: 173) Gateway disconnected from server at localhost:42068
2025-03-07 14:50:30.462 [    INFO] (          gateway.py: 152) Gateway connected to instrument server at "localhost:42068".
2025-03-07 14:50:30.472 [    INFO] (          gateway.py: 173) Gateway disconnected from server at localhost:42068
2025-03-07 14:50:32.805 [    INFO] (          gateway.py: 152) Gateway connected to instrument server at "localhost:42068".
2025-03-07 14:50:32.823 [    INFO] (          gateway.py: 173) Gateway disconnected from server at localhost:42068
2025-03-07 14:50:32.835 [    INFO] (          gateway.py: 152) Gateway connected to instrument server at "localhost:42068".
2025-03-07 14:50:32.845 [    INFO] (          gateway.py: 173) Gateway disconnected from server at localhost:42068
2025-03-07 14:50:41.470 [    INFO] (          gateway.py: 152) Gateway connected to instrument server at "localhost:42068".
2025-03-07 14:50:41.470 [    INFO] (          gateway.py: 173) Gateway disconnected from server at localhost:42068
2025-03-07 14:50:41.501 [    INFO] (          gateway.py: 152) Gateway connected to instrument server at "localhost:42068".
2025-03-07 14:50:41.504 [    INFO] (          gateway.py: 173) Gateway disconnected from server at localhost:42068
2025-03-07 14:50:41.542 [    INFO] (          gateway.py: 152) Gateway connected to instrument server at "localhost:42068".
2025-03-07 14:50:41.544 [    INFO] (          gateway.py: 173) Gateway disconnected from server at localhost:42068
2025-03-07 14:50:41.572 [    INFO] (          gateway.py: 152) Gateway connected to instrument server at "localhost:42068".
2025-03-07 14:50:41.572 [    INFO] (          gateway.py: 173) Gateway disconnected from server at localhost:42068
2025-03-07 14:50:41.613 [    INFO] (          gateway.py: 152) Gateway connected to instrument server at "localhost:42068".
2025-03-07 14:50:41.613 [    INFO] (          gateway.py: 173) Gateway disconnected from server at localhost:42068
2025-03-07 14:50:41.624 [    INFO] (          gateway.py: 152) Gateway connected to instrument server at "localhost:42068".
2025-03-07 14:50:41.624 [    INFO] (          gateway.py: 173) Gateway disconnected from server at localhost:42068
2025-03-07 14:50:41.644 [    INFO] (          gateway.py: 152) Gateway connected to instrument server at "localhost:42068".
2025-03-07 14:50:41.646 [    INFO] (          gateway.py: 173) Gateway disconnected from server at localhost:42068
2025-03-07 14:50:41.675 [    INFO] (          gateway.py: 152) Gateway connected to instrument server at "localhost:42068".
2025-03-07 14:50:41.675 [    INFO] (          gateway.py: 173) Gateway disconnected from server at localhost:42068
2025-03-07 14:50:41.705 [    INFO] (          gateway.py: 152) Gateway connected to instrument server at "localhost:42068".
2025-03-07 14:50:41.705 [    INFO] (          gateway.py: 173) Gateway disconnected from server at localhost:42068
2025-03-07 14:50:41.747 [    INFO] (          gateway.py: 152) Gateway connected to instrument server at "localhost:42068".
2025-03-07 14:50:41.747 [    INFO] (          gateway.py: 173) Gateway disconnected from server at localhost:42068
2025-03-07 14:50:41.787 [    INFO] (          gateway.py: 152) Gateway connected to instrument server at "localhost:42068".
2025-03-07 14:50:41.787 [    INFO] (          gateway.py: 173) Gateway disconnected from server at localhost:42068
2025-03-07 14:50:41.808 [    INFO] (          gateway.py: 152) Gateway connected to instrument server at "localhost:42068".
2025-03-07 14:50:41.810 [    INFO] (          gateway.py: 173) Gateway disconnected from server at localhost:42068
2025-03-07 14:50:41.829 [    INFO] (          gateway.py: 152) Gateway connected to instrument server at "localhost:42068".
2025-03-07 14:50:41.829 [    INFO] (          gateway.py: 173) Gateway disconnected from server at localhost:42068
2025-03-07 14:50:41.859 [    INFO] (          gateway.py: 152) Gateway connected to instrument server at "localhost:42068".
2025-03-07 14:50:41.859 [    INFO] (          gateway.py: 173) Gateway disconnected from server at localhost:42068
2025-03-07 14:50:50.939 [    INFO] (          gateway.py: 152) Gateway connected to instrument server at "localhost:42068".
2025-03-07 14:50:50.949 [    INFO] (          gateway.py: 173) Gateway disconnected from server at localhost:42068
2025-03-07 14:50:50.959 [    INFO] (          gateway.py: 152) Gateway connected to instrument server at "localhost:42068".
2025-03-07 14:50:50.969 [    INFO] (          gateway.py: 173) Gateway disconnected from server at localhost:42068
2025-03-07 15:04:51.704 [    INFO] (             misc.py: 208) Running process function [<bound method NanoNMRMagnetMotion.enable_all of <nnmr_magnet_motion.NanoNMRMagnetMotion object at 0x0000027AF2D87D10>>] with args: [()] kwargs: [{}].
2025-03-07 15:04:52.234 [    INFO] (             misc.py: 208) Running process function [<bound method NanoNMRMagnetMotion.move_to_orientation of <nnmr_magnet_motion.NanoNMRMagnetMotion object at 0x0000027AF58DD610>>] with args: [()] kwargs: [{'stage': 'thor_azi', 'new_angle': 51.0, 'queue': <multiprocessing.queues.Queue object at 0x0000027AF2D52F10>, 'abs': True}].
2025-03-07 15:05:03.476 [    INFO] (             misc.py: 208) Running process function [<bound method NanoNMRMagnetMotion.disable_all of <nnmr_magnet_motion.NanoNMRMagnetMotion object at 0x0000027AF51E91D0>>] with args: [()] kwargs: [{}].
2025-03-07 15:05:15.615 [    INFO] (          gateway.py: 173) Gateway disconnected from server at localhost:42068
